This is pdfTeX, Version 3.141592653-2.6-1.40.26 (MiKTeX 24.4) (preloaded format=pdflatex 2025.2.15)  18 NOV 2025 22:50
entering extended mode
 restricted \write18 enabled.
 file:line:error style messages enabled.
 %&-line parsing enabled.
**c:/Users/TTPO100AJIEX/Desktop/sdatdav4/guidelines/sn-article.tex
(c:/Users/TTPO100AJIEX/Desktop/sdatdav4/guidelines/sn-article.tex
LaTeX2e <2024-11-01> patch level 2
L3 programming layer <2025-01-18>

! LaTeX Error: File `sn-jnl.cls' not found.

Type X to quit or <RETURN> to proceed,
or enter new name. (Default extension: cls)

Enter file name: 
c:/Users/TTPO100AJIEX/Desktop/sdatdav4/guidelines/sn-article.tex:2: Emergency stop.
<read *> 
         
l.2 ^^M
       
*** (cannot \read from terminal in nonstop modes)

 
Here is how much of TeX's memory you used:
 23 strings out of 473530
 702 string characters out of 5724393
 391471 words of memory out of 5000000
 23347 multiletter control sequences out of 15000+600000
 558837 words of font info for 36 fonts, out of 8000000 for 9000
 1141 hyphenation exceptions out of 8191
 19i,0n,29p,152b,17s stack positions out of 10000i,1000n,20000p,200000b,200000s
c:/Users/TTPO100AJIEX/Desktop/sdatdav4/guidelines/sn-article.tex:2:  ==> Fatal error occurred, no output PDF file produced!
