This is pdfTeX, Version 3.141592653-2.6-1.40.26 (MiKTeX 24.4) (preloaded format=pdflatex 2025.2.15)  28 JUL 2025 21:41
entering extended mode
 restricted \write18 enabled.
 file:line:error style messages enabled.
 %&-line parsing enabled.
**c:/Users/TTPO100AJIEX/Desktop/sdatda/paper.tex
(c:/Users/TTPO100AJIEX/Desktop/sdatda/paper.tex
LaTeX2e <2024-11-01> patch level 2
L3 programming layer <2025-01-18>
(iopart.cls
Document Class: iopart 1996/06/10 v0.0 IOP Journals LaTeX article class
(iopart10.clo
File: iopart10.clo 1997/01/13 v1.0 IOP Book file (size option)
)
\c@jnl=\count196
\c@section=\count197
\c@subsection=\count198
\c@subsubsection=\count199
\c@paragraph=\count266
\c@subparagraph=\count267
\c@figure=\count268
\c@table=\count269
\abovecaptionskip=\skip49
\belowcaptionskip=\skip50
\indentedwidth=\skip51
\mathindent=\dimen141
\c@eqnval=\count270
) (D:\Programs\Other\MikTex\tex/latex/graphics\graphicx.sty
Package: graphicx 2021/09/16 v1.2d Enhanced LaTeX Graphics (DPC,SPQR)
 (D:\Programs\Other\MikTex\tex/latex/graphics\keyval.sty
Package: keyval 2022/05/29 v1.15 key=value parser (DPC)
\KV@toks@=\toks17
) (D:\Programs\Other\MikTex\tex/latex/graphics\graphics.sty
Package: graphics 2024/08/06 v1.4g Standard LaTeX Graphics (DPC,SPQR)
 (D:\Programs\Other\MikTex\tex/latex/graphics\trig.sty
Package: trig 2023/12/02 v1.11 sin cos tan (DPC)
) (D:\Programs\Other\MikTex\tex/latex/graphics-cfg\graphics.cfg
File: graphics.cfg 2016/06/04 v1.11 sample graphics configuration
)
Package graphics Info: Driver file: pdftex.def on input line 106.
 (D:\Programs\Other\MikTex\tex/latex/graphics-def\pdftex.def
File: pdftex.def 2024/04/13 v1.2c Graphics/color driver for pdftex
))
\Gin@req@height=\dimen142
\Gin@req@width=\dimen143
) (D:\Programs\Other\MikTex\tex/latex/l3backend\l3backend-pdftex.def
File: l3backend-pdftex.def 2024-05-08 L3 backend support: PDF output (pdfTeX)
\l__color_backend_stack_int=\count271
\l__pdf_internal_box=\box52
) (c:\Users\TTPO100AJIEX\Desktop\sdatda\output\paper.aux)
\openout1 = `paper.aux'.

LaTeX Font Info:    Checking defaults for OML/cmm/m/it on input line 8.
LaTeX Font Info:    ... okay on input line 8.
LaTeX Font Info:    Checking defaults for OMS/cmsy/m/n on input line 8.
LaTeX Font Info:    ... okay on input line 8.
LaTeX Font Info:    Checking defaults for OT1/cmr/m/n on input line 8.
LaTeX Font Info:    ... okay on input line 8.
LaTeX Font Info:    Checking defaults for T1/cmr/m/n on input line 8.
LaTeX Font Info:    ... okay on input line 8.
LaTeX Font Info:    Checking defaults for TS1/cmr/m/n on input line 8.
LaTeX Font Info:    ... okay on input line 8.
LaTeX Font Info:    Checking defaults for OMX/cmex/m/n on input line 8.
LaTeX Font Info:    ... okay on input line 8.
LaTeX Font Info:    Checking defaults for U/cmr/m/n on input line 8.
LaTeX Font Info:    ... okay on input line 8.
 (D:\Programs\Other\MikTex\tex/context/base/mkii\supp-pdf.mkii
[Loading MPS to PDF converter (version 2006.09.02).]
\scratchcounter=\count272
\scratchdimen=\dimen144
\scratchbox=\box53
\nofMPsegments=\count273
\nofMParguments=\count274
\everyMPshowfont=\toks18
\MPscratchCnt=\count275
\MPscratchDim=\dimen145
\MPnumerator=\count276
\makeMPintoPDFobject=\count277
\everyMPtoPDFconversion=\toks19
) (D:\Programs\Other\MikTex\tex/latex/epstopdf-pkg\epstopdf-base.sty
Package: epstopdf-base 2020-01-24 v2.11 Base part for package epstopdf
Package epstopdf-base Info: Redefining graphics rule for `.eps' on input line 485.
 (D:\Programs\Other\MikTex\tex/latex/00miktex\epstopdf-sys.cfg
File: epstopdf-sys.cfg 2021/03/18 v2.0 Configuration of epstopdf for MiKTeX
))
LaTeX Font Info:    External font `cmex10' loaded for size
(Font)              <7> on input line 13.
LaTeX Font Info:    External font `cmex10' loaded for size
(Font)              <5> on input line 13.
LaTeX Font Info:    External font `cmex10' loaded for size
(Font)              <8> on input line 15.
LaTeX Font Info:    External font `cmex10' loaded for size
(Font)              <6> on input line 15.


[1

{C:/Users/TTPO100AJIEX/AppData/Local/MiKTeX/fonts/map/pdftex/pdftex.map}]
Underfull \hbox (badness 2401) in paragraph at lines 43--44
\OT1/cmr/m/n/10 abnormalities. However, its analysis is usually
 []


Underfull \hbox (badness 2057) in paragraph at lines 45--46
[]\OT1/cmr/m/n/10 One such task is finding the boundaries of
 []


Underfull \hbox (badness 3240) in paragraph at lines 45--46
\OT1/cmr/m/n/10 (including their quantity) using traditional data
 []


Underfull \hbox (badness 1158) in paragraph at lines 54--55
[]\OT1/cmr/m/n/10 To use the algorithm, one should clean and
 []


Underfull \hbox (badness 2401) in paragraph at lines 56--57
[]\OT1/cmr/m/n/10 However, these features mostly describe the
 []


Underfull \hbox (badness 2717) in paragraph at lines 56--57
\OT1/cmr/m/n/10 research on the applications of another modern
 []


Underfull \hbox (badness 1406) in paragraph at lines 56--57
\OT1/cmr/m/n/10 analysis (TDA), which identifies the relationships
 []




Underfull \hbox (badness 1292) in paragraph at lines 60--61
\OT1/cmr/m/n/10 Finally, we utilize the information value analysis
 []


Underfull \hbox (badness 1810) in paragraph at lines 60--61
\OT1/cmr/m/n/10 the answer, confirm the stability of our feature
 []


Underfull \hbox (badness 3000) in paragraph at lines 62--63
[]\OT1/cmr/m/n/10 For debugging purposes and hyperparameter
 []


Underfull \hbox (badness 2980) in paragraph at lines 66--67
\OT1/cmr/m/n/10 In the study, we used the data collected and
 []



[2

]
Underfull \hbox (badness 2990) in paragraph at lines 70--71
\OT1/cmr/m/n/10 Guhyasamaja Tantra is a traditional meditation
 []


Underfull \hbox (badness 2277) in paragraph at lines 72--73
\OT1/cmr/m/n/10 monks practicing Guhyasamaja Tantra for many
 []


Underfull \hbox (badness 2790) in paragraph at lines 76--77
\OT1/cmr/m/n/10 The following data preprocessing was performed
 []



Package epstopdf Info: Source file: <figure1.eps>
(epstopdf)                    date: 2025-02-16 14:21:33
(epstopdf)                    size: 187853 bytes
(epstopdf)             Output file: <figure1-eps-converted-to.pdf>
(epstopdf)                    date: 2025-06-04 21:19:42
(epstopdf)                    size: 55207 bytes
(epstopdf)             Command: <miktex-epstopdf --outfile=figure1-eps-converted-to.pdf figure1.eps>
(epstopdf)             \includegraphics on input line 82.
Package epstopdf Info: Output file is already uptodate.


pdfTeX warning: pdflatex (file ./figure1-eps-converted-to.pdf): PDF inclusion: found PDF version <1.5>, but at most version <1.4> allowed
<figure1-eps-converted-to.pdf, id=20, 396.48125pt x 397.485pt>
File: figure1-eps-converted-to.pdf Graphic file (type pdf)
<use figure1-eps-converted-to.pdf>
Package pdftex.def Info: figure1-eps-converted-to.pdf  used on input line 82.
(pdftex.def)             Requested size: 156.21254pt x 156.60757pt.

Underfull \hbox (badness 4108) in paragraph at lines 91--92
[]\OT1/cmr/m/n/10 In the first step, the algorithm finds the
 []


Underfull \hbox (badness 1205) in paragraph at lines 93--94
\OT1/cmr/m/n/10 method to the joint sets of potential boundaries
 []


Underfull \hbox (badness 1565) in paragraph at lines 95--96
\OT1/cmr/m/n/10 coefficient, the Calinski--Harabasz index, and the
 []



[3 <./figure1-eps-converted-to.pdf>]
Underfull \hbox (badness 3861) in paragraph at lines 114--115
[]\OT1/cmr/m/n/10 Examining the correlations between the
 []

Package epstopdf Info: Source file: <figure2.eps>
(epstopdf)                    date: 2025-02-17 21:28:58
(epstopdf)                    size: 385517 bytes
(epstopdf)             Output file: <figure2-eps-converted-to.pdf>
(epstopdf)                    date: 2025-06-04 21:19:43
(epstopdf)                    size: 346875 bytes
(epstopdf)             Command: <miktex-epstopdf --outfile=figure2-eps-converted-to.pdf figure2.eps>
(epstopdf)             \includegraphics on input line 121.
Package epstopdf Info: Output file is already uptodate.


pdfTeX warning: pdflatex (file ./figure2-eps-converted-to.pdf): PDF inclusion: found PDF version <1.5>, but at most version <1.4> allowed
<figure2-eps-converted-to.pdf, id=27, 876.27374pt x 287.0725pt>
File: figure2-eps-converted-to.pdf Graphic file (type pdf)
<use figure2-eps-converted-to.pdf>
Package pdftex.def Info: figure2-eps-converted-to.pdf  used on input line 121.
(pdftex.def)             Requested size: 236.68436pt x 77.53688pt.



Underfull \hbox (badness 1158) in paragraph at lines 130--131
\OT1/cmr/m/n/10 of the difference between a given persistence
 []


Underfull \hbox (badness 2020) in paragraph at lines 130--131
\OT1/cmr/m/n/10 diagram and an `empty' diagram, computed
 []


Underfull \hbox (badness 1831) in paragraph at lines 130--131
\OT1/cmr/m/n/10 such as the Wasserstein [[]] and bottleneck
 []



[4 <./figure2-eps-converted-to.pdf>]
Underfull \hbox (badness 1968) in paragraph at lines 142--143
[]\OT1/cmr/m/n/10 This approach describes the individual EEG
 []



Package epstopdf Info: Source file: <figure3.eps>
(epstopdf)                    date: 2025-02-16 14:27:03
(epstopdf)                    size: 5526149 bytes
(epstopdf)             Output file: <figure3-eps-converted-to.pdf>
(epstopdf)                    date: 2025-06-04 21:19:45
(epstopdf)                    size: 4409855 bytes
(epstopdf)             Command: <miktex-epstopdf --outfile=figure3-eps-converted-to.pdf figure3.eps>
(epstopdf)             \includegraphics on input line 150.
Package epstopdf Info: Output file is already uptodate.


pdfTeX warning: pdflatex (file ./figure3-eps-converted-to.pdf): PDF inclusion: found PDF version <1.5>, but at most version <1.4> allowed
<figure3-eps-converted-to.pdf, id=39, 1204.5pt x 1514.65875pt>
File: figure3-eps-converted-to.pdf Graphic file (type pdf)
<use figure3-eps-converted-to.pdf>
Package pdftex.def Info: figure3-eps-converted-to.pdf  used on input line 150.
(pdftex.def)             Requested size: 236.68436pt x 297.61067pt.

Underfull \hbox (badness 1264) in paragraph at lines 157--158
\OT1/cmr/m/n/10 To vectorize the persistence diagrams as part of
 []

Package epstopdf Info: Source file: <figure4.eps>
(epstopdf)                    date: 2025-02-17 23:04:59
(epstopdf)                    size: 1381572 bytes
(epstopdf)             Output file: <figure4-eps-converted-to.pdf>
(epstopdf)                    date: 2025-06-04 21:19:47
(epstopdf)                    size: 1362126 bytes
(epstopdf)             Command: <miktex-epstopdf --outfile=figure4-eps-converted-to.pdf figure4.eps>
(epstopdf)             \includegraphics on input line 161.
Package epstopdf Info: Output file is already uptodate.


pdfTeX warning: pdflatex (file ./figure4-eps-converted-to.pdf): PDF inclusion: found PDF version <1.5>, but at most version <1.4> allowed
<figure4-eps-converted-to.pdf, id=40, 1792.6975pt x 1487.5575pt>
File: figure4-eps-converted-to.pdf Graphic file (type pdf)
<use figure4-eps-converted-to.pdf>
Package pdftex.def Info: figure4-eps-converted-to.pdf  used on input line 161.
(pdftex.def)             Requested size: 236.68436pt x 196.38544pt.

Underfull \hbox (badness 1960) in paragraph at lines 166--167
\OT1/cmr/m/n/10 the algorithm begins by filtering the persistence
 []


Underfull \hbox (badness 3635) in paragraph at lines 166--167
\OT1/cmr/m/n/10 closest to the diagonal, hence representing the
 []



[5 <./figure3-eps-converted-to.pdf>]
Underfull \hbox (badness 2368) in paragraph at lines 175--176
[]\OT1/cmr/m/n/10 The persistence amplitudes and their vector
 []


Underfull \hbox (badness 2197) in paragraph at lines 175--176
\OT1/cmr/m/n/10 norms of first and second orders using the
 []





[6 <./figure4-eps-converted-to.pdf>]
Underfull \hbox (badness 1681) in paragraph at lines 211--212
[]\OT1/cmr/m/n/10 One may also apply additional heuristics to
 []


Underfull \hbox (badness 1237) in paragraph at lines 211--212
\OT1/cmr/m/n/10 remove the noisy, degenerate features, which are
 []


Underfull \hbox (badness 1803) in paragraph at lines 211--212
\OT1/cmr/m/n/10 900 for the EEG of length 1200. Suppose at
 []


Underfull \hbox (badness 2951) in paragraph at lines 233--234
\OT1/cmr/m/n/10 value is calculated independently for each class
 []




Underfull \hbox (badness 1424) in paragraph at lines 239--240
\OT1/cmr/m/n/10 the statistical significance of our conclusions, we
 []


Underfull \hbox (badness 1342) in paragraph at lines 243--244
\OT1/cmr/m/n/10 throughout the experiment to reduce the feature
 []


Underfull \hbox (badness 4217) in paragraph at lines 243--244
\OT1/cmr/m/n/10 of the number of components for all subjects
 []


Underfull \hbox (badness 1701) in paragraph at lines 243--244
\OT1/cmr/m/n/10 massively hinders their interpretability. On the
 []


Underfull \hbox (badness 1033) in paragraph at lines 243--244
\OT1/cmr/m/n/10 explained variance while also achieving the worst
 []



[7]
Package epstopdf Info: Source file: <figure5.eps>
(epstopdf)                    date: 2025-02-17 22:59:05
(epstopdf)                    size: 879274 bytes
(epstopdf)             Output file: <figure5-eps-converted-to.pdf>
(epstopdf)                    date: 2025-06-04 21:19:49
(epstopdf)                    size: 822549 bytes
(epstopdf)             Command: <miktex-epstopdf --outfile=figure5-eps-converted-to.pdf figure5.eps>
(epstopdf)             \includegraphics on input line 247.
Package epstopdf Info: Output file is already uptodate.


pdfTeX warning: pdflatex (file ./figure5-eps-converted-to.pdf): PDF inclusion: found PDF version <1.5>, but at most version <1.4> allowed
<figure5-eps-converted-to.pdf, id=172, 1186.4325pt x 686.565pt>
File: figure5-eps-converted-to.pdf Graphic file (type pdf)
<use figure5-eps-converted-to.pdf>
Package pdftex.def Info: figure5-eps-converted-to.pdf  used on input line 247.
(pdftex.def)             Requested size: 236.68436pt x 136.96484pt.

Underfull \hbox (badness 2111) in paragraph at lines 254--255
\OT1/cmr/m/n/10 for all types of features throughout all objects.
 []


Underfull \hbox (badness 1490) in paragraph at lines 256--257
[]\OT1/cmr/m/n/10 However, the scatter plots in figure 6[] show
 []


Underfull \hbox (badness 1275) in paragraph at lines 256--257
\OT1/cmr/m/n/10 patterns when applied to shuffled recordings and
 []

Package epstopdf Info: Source file: <figure6.eps>
(epstopdf)                    date: 2025-06-13 14:16:01
(epstopdf)                    size: 10173559 bytes
(epstopdf)             Output file: <figure6-eps-converted-to.pdf>
(epstopdf)                    date: 2025-06-13 14:16:29
(epstopdf)                    size: 1369682 bytes
(epstopdf)             Command: <miktex-epstopdf --outfile=figure6-eps-converted-to.pdf figure6.eps>
(epstopdf)             \includegraphics on input line 276.
Package epstopdf Info: Output file is already uptodate.


pdfTeX warning: pdflatex (file ./figure6-eps-converted-to.pdf): PDF inclusion: found PDF version <1.5>, but at most version <1.4> allowed
<figure6-eps-converted-to.pdf, id=173, 1527.7075pt x 3513.125pt>
File: figure6-eps-converted-to.pdf Graphic file (type pdf)
<use figure6-eps-converted-to.pdf>
Package pdftex.def Info: figure6-eps-converted-to.pdf  used on input line 276.
(pdftex.def)             Requested size: 224.84941pt x 517.02893pt.

LaTeX Warning: Float too large for page by 2.58699pt on input line 279.


Underfull \hbox (badness 1297) in paragraph at lines 281--282
\OT1/cmr/m/n/10 one can undoubtedly trace the common patterns
 []





[8 <./figure5-eps-converted-to.pdf> <./figure6-eps-converted-to.pdf>]
Underfull \hbox (badness 1454) in paragraph at lines 283--284
[]\OT1/cmr/m/n/10 As shown in figure 7[], the most informative
 []


Underfull \hbox (badness 3000) in paragraph at lines 283--284
\OT1/cmr/m/n/10 producing the most valuable features across all
 []


Underfull \hbox (badness 2671) in paragraph at lines 283--284
\OT1/cmr/m/n/10 both approaches consistently scored the features
 []


Underfull \hbox (badness 1502) in paragraph at lines 283--284
\OT1/cmr/m/n/10 by the topological origin, although the simplices
 []



Package epstopdf Info: Source file: <figure7.eps>
(epstopdf)                    date: 2025-02-19 23:51:43
(epstopdf)                    size: 3500072 bytes
(epstopdf)             Output file: <figure7-eps-converted-to.pdf>
(epstopdf)                    date: 2025-06-04 21:19:54
(epstopdf)                    size: 1462139 bytes
(epstopdf)             Command: <miktex-epstopdf --outfile=figure7-eps-converted-to.pdf figure7.eps>
(epstopdf)             \includegraphics on input line 287.
Package epstopdf Info: Output file is already uptodate.


pdfTeX warning: pdflatex (file ./figure7-eps-converted-to.pdf): PDF inclusion: found PDF version <1.5>, but at most version <1.4> allowed
<figure7-eps-converted-to.pdf, id=183, 2012.51875pt x 4406.4625pt>
File: figure7-eps-converted-to.pdf Graphic file (type pdf)
<use figure7-eps-converted-to.pdf>
Package pdftex.def Info: figure7-eps-converted-to.pdf  used on input line 287.
(pdftex.def)             Requested size: 236.68436pt x 518.19647pt.
Package epstopdf Info: Source file: <figure8.eps>
(epstopdf)                    date: 2025-02-20 00:22:49
(epstopdf)                    size: 247989 bytes
(epstopdf)             Output file: <figure8-eps-converted-to.pdf>
(epstopdf)                    date: 2025-06-04 21:19:55
(epstopdf)                    size: 224473 bytes
(epstopdf)             Command: <miktex-epstopdf --outfile=figure8-eps-converted-to.pdf figure8.eps>
(epstopdf)             \includegraphics on input line 295.
Package epstopdf Info: Output file is already uptodate.


pdfTeX warning: pdflatex (file ./figure8-eps-converted-to.pdf): PDF inclusion: found PDF version <1.5>, but at most version <1.4> allowed
<figure8-eps-converted-to.pdf, id=184, 1152.305pt x 273.02pt>
File: figure8-eps-converted-to.pdf Graphic file (type pdf)
<use figure8-eps-converted-to.pdf>
Package pdftex.def Info: figure8-eps-converted-to.pdf  used on input line 295.
(pdftex.def)             Requested size: 487.8225pt x 115.57996pt.

Underfull \hbox (badness 2080) in paragraph at lines 300--301
[]\OT1/cmr/m/n/10 It is worth noting that the extremely high
 []



[9 <./figure7-eps-converted-to.pdf>]
Underfull \hbox (badness 1043) in paragraph at lines 304--305
\OT1/cmr/m/n/10 To reinforce our results, we additionally run the
 []


Underfull \hbox (badness 3078) in paragraph at lines 304--305
\OT1/cmr/m/n/10 established ineffective for the recordings already
 []


Underfull \hbox (badness 3291) in paragraph at lines 311--312
[]\OT1/cmr/m/n/10 The percentiles, skew, and kurtosis of the
 []


Underfull \hbox (badness 4353) in paragraph at lines 318--319
[]\OT1/cmr/m/n/10 Finally, these experiments provide sufficient
 []



Package epstopdf Info: Source file: <figure9.eps>
(epstopdf)                    date: 2025-02-20 00:36:32
(epstopdf)                    size: 4127417 bytes
(epstopdf)             Output file: <figure9-eps-converted-to.pdf>
(epstopdf)                    date: 2025-06-04 21:19:57
(epstopdf)                    size: 849883 bytes
(epstopdf)             Command: <miktex-epstopdf --outfile=figure9-eps-converted-to.pdf figure9.eps>
(epstopdf)             \includegraphics on input line 322.
Package epstopdf Info: Output file is already uptodate.


pdfTeX warning: pdflatex (file ./figure9-eps-converted-to.pdf): PDF inclusion: found PDF version <1.5>, but at most version <1.4> allowed
<figure9-eps-converted-to.pdf, id=198, 814.04124pt x 397.485pt>
File: figure9-eps-converted-to.pdf Graphic file (type pdf)
<use figure9-eps-converted-to.pdf>
Package pdftex.def Info: figure9-eps-converted-to.pdf  used on input line 322.
(pdftex.def)             Requested size: 236.68436pt x 115.56488pt.

Underfull \hbox (badness 3471) in paragraph at lines 329--330
\OT1/cmr/m/n/10 In this study, we combined various topological
 []


Underfull \hbox (badness 1622) in paragraph at lines 329--330
\OT1/cmr/m/n/10 practice performed by 30 Buddhist monks. As
 []


Underfull \hbox (badness 2189) in paragraph at lines 331--332
[]\OT1/cmr/m/n/10 Based on our research of the separate and
 []



[10 <./figure8-eps-converted-to.pdf> <./figure9-eps-converted-to.pdf>]
Underfull \hbox (badness 1910) in paragraph at lines 333--334
\OT1/cmr/m/n/10 boundaries when applied to the shuffled epochs,
 []


Underfull \hbox (badness 1259) in paragraph at lines 333--334
\OT1/cmr/m/n/10 demonstrating several times lower quality metrics
 []


Underfull \hbox (badness 1810) in paragraph at lines 335--336
\OT1/cmr/m/n/10 the noisy features that are detrimental to good
 []


Underfull \hbox (badness 1137) in paragraph at lines 337--338
\OT1/cmr/m/n/10 identify common patterns. We expect especially
 []


Underfull \hbox (badness 1038) in paragraph at lines 337--338
\OT1/cmr/m/n/10 with known correct placement of functional state
 []


Underfull \hbox (badness 1789) in paragraph at lines 345--346
\OT1/cmr/m/n/10 The studies involving humans were approved by
 []


Underfull \hbox (badness 1348) in paragraph at lines 349--350
\OT1/cmr/m/n/10 with respect to the research, authorship, and/or
 []



(c:\Users\TTPO100AJIEX\Desktop\sdatda\output\paper.bbl
Underfull \hbox (badness 1939) in paragraph at lines 11--15
[]\OT1/cmr/m/n/8 Mikhaylets E, Ra-zoren-ova A M, Cherny-shev V, Sy-
 []


Underfull \hbox (badness 1226) in paragraph at lines 11--15
\OT1/cmr/m/n/8 rov N, Yakovlev L, Boytsova J, Koku-rina E, Zhi-
 []


Underfull \hbox (badness 1005) in paragraph at lines 11--15
\OT1/cmr/m/it/8 tiers in Neu-roin-for-mat-ics \OT1/cmr/bx/n/8 17 \OT1/cmr/m/n/8 ISSN 1662-5196 URL
 []


Underfull \hbox (badness 1931) in paragraph at lines 28--31
[]\OT1/cmr/m/n/8 Heo E and Jung J H 2024 Persistent homology of
 []


Underfull \hbox (badness 10000) in paragraph at lines 33--36
\OT1/cmr/m/n/8 R 2024 Time topo-log-i-cal anal-y-sis of eeg us-
 []


Underfull \hbox (badness 4927) in paragraph at lines 33--36
\OT1/cmr/m/n/8 ing sig-na-ture the-ory (\OT1/cmr/m/it/8 Preprint \OT1/cmtt/m/n/8 2404.15328\OT1/cmr/m/n/8 ) URL
 []


Underfull \hbox (badness 7291) in paragraph at lines 43--46
[]\OT1/cmr/m/n/8 Ost L, di Mon-te-sano S C and Edels-brun-ner H
 []


Underfull \hbox (badness 6477) in paragraph at lines 43--46
\OT1/cmr/m/n/8 2024 Ba-nana trees for the per-sis-tence in time
 []


Underfull \hbox (badness 6978) in paragraph at lines 43--46
\OT1/cmr/m/n/8 se-ries ex-per-i-men-tally (\OT1/cmr/m/it/8 Preprint \OT1/cmtt/m/n/8 2405.17920\OT1/cmr/m/n/8 ) URL
 []


Underfull \hbox (badness 5388) in paragraph at lines 54--58
[]\OT1/cmr/m/n/8 Deng Y, Al-bidah H, Dal-lal A, Yin J and Mao
 []


Underfull \hbox (badness 2726) in paragraph at lines 54--58
\OT1/cmr/m/n/8 ture se-lec-tion frame-work for di-men-sion-al-ity re-duc-
 []


Underfull \hbox (badness 2922) in paragraph at lines 54--58
\OT1/cmr/m/n/8 tion in sleep stag-ing (\OT1/cmr/m/it/8 Preprint \OT1/cmtt/m/n/8 2409.00565\OT1/cmr/m/n/8 ) URL
 []


Underfull \hbox (badness 2119) in paragraph at lines 60--64
[]\OT1/cmr/m/n/8 Gramfort A, Luessi M, Lar-son E, En-ge-mann D A,
 []


Underfull \hbox (badness 3503) in paragraph at lines 60--64
\OT1/cmr/m/n/8 T, Parkko-nen L and H^^?am^^?al^^?ainen M 2013 \OT1/cmr/m/it/8 Fron-
 []


Underfull \hbox (badness 10000) in paragraph at lines 60--64
\OT1/cmr/m/it/8 tiers in Neu-ro-science \OT1/cmr/bx/n/8 7 \OT1/cmr/m/n/8 ISSN 1662-453X URL
 []


Underfull \hbox (badness 5862) in paragraph at lines 71--74
[]\OT1/cmr/m/n/8 Perea J and Harer J 2013 Slid-ing win-dows and
 []


Underfull \hbox (badness 4132) in paragraph at lines 71--74
\OT1/cmr/m/n/8 per-sis-tence: An ap-pli-ca-tion of topo-log-i-cal meth-
 []


Underfull \hbox (badness 2884) in paragraph at lines 71--74
\OT1/cmr/m/n/8 ods to sig-nal anal-y-sis (\OT1/cmr/m/it/8 Preprint \OT1/cmtt/m/n/8 1307.6188\OT1/cmr/m/n/8 ) URL
 []


Underfull \hbox (badness 6876) in paragraph at lines 76--78
[]\OT1/cmr/m/n/8 Kennel M B, Brown R and Abar-banel H D I
 []


Underfull \hbox (badness 10000) in paragraph at lines 76--78
\OT1/cmr/m/n/8 1992 \OT1/cmr/m/it/8 Phys. Rev. A \OT1/cmr/bx/n/8 45\OT1/cmr/m/n/8 (6) 3403--3411 URL
 []


Underfull \hbox (badness 10000) in paragraph at lines 80--82
[]\OT1/cmr/m/n/8 Fraser A M and Swin-ney H L 1986
 []


Underfull \hbox (badness 10000) in paragraph at lines 80--82
\OT1/cmr/m/it/8 Phys. Rev. A \OT1/cmr/bx/n/8 33\OT1/cmr/m/n/8 (2) 1134--1140 URL
 []


Underfull \hbox (badness 10000) in paragraph at lines 96--99
[]\OT1/cmr/m/n/8 Zomorodian A 2010 \OT1/cmr/m/it/8 Com-put-ers & Graph-ics
 []


Underfull \hbox (badness 10000) in paragraph at lines 96--99
\OT1/cmr/bx/n/8 34 \OT1/cmr/m/n/8 263--271 ISSN 0097-8493 shape Mod-elling
 []


Underfull \hbox (badness 10000) in paragraph at lines 96--99
\OT1/cmr/m/n/8 In-ter-na-tional (SMI) Con-fer-ence 2010 URL
 []



[11]
Underfull \hbox (badness 2707) in paragraph at lines 101--104
[]\OT1/cmr/m/n/8 Rieser A 2024 A new con-struc-tion of the vietoris-
 []


Underfull \hbox (badness 10000) in paragraph at lines 101--104
\OT1/cmr/m/n/8 rips com-plex (\OT1/cmr/m/it/8 Preprint \OT1/cmtt/m/n/8 2301.07191\OT1/cmr/m/n/8 ) URL
 []


Underfull \hbox (badness 6526) in paragraph at lines 106--109
[]\OT1/cmr/m/n/8 Bauer U 2021 \OT1/cmr/m/it/8 Jour-nal of Ap-plied and Com-pu-ta-
 []


Underfull \hbox (badness 3884) in paragraph at lines 106--109
\OT1/cmr/m/it/8 tional Topol-ogy \OT1/cmr/bx/n/8 5 \OT1/cmr/m/n/8 391--423 ISSN 2367-1734 URL
 []


Underfull \hbox (badness 3058) in paragraph at lines 116--120
[]\OT1/cmr/m/n/8 Rucco M, Castiglione F, Merelli E and Pettini M
 []


Underfull \hbox (badness 2318) in paragraph at lines 122--125
[]\OT1/cmr/m/n/8 Bubenik P 2015 Statistical topological data analysis
 []


Underfull \hbox (badness 2189) in paragraph at lines 127--130
\OT1/cmr/m/n/8 man L 2013 Stochas-tic con-ver-gence of per-sis-tence
 []


Underfull \hbox (badness 10000) in paragraph at lines 143--145
[]\OT1/cmr/m/n/8 Efrat A, Itai A and Katz M J 2001 \OT1/cmr/m/it/8 Al-
 []


Underfull \hbox (badness 10000) in paragraph at lines 143--145
\OT1/cmr/m/it/8 go-rith-mica \OT1/cmr/bx/n/8 31 \OT1/cmr/m/n/8 1--28 ISSN 1432-0541 URL
 []


Underfull \hbox (badness 7186) in paragraph at lines 154--157
\OT1/cmr/m/n/8 form man-i-fold ap-prox-i-ma-tion and pro-jec-tion for
 []


Underfull \hbox (badness 10000) in paragraph at lines 154--157
\OT1/cmr/m/n/8 di-men-sion re-duc-tion (\OT1/cmr/m/it/8 Preprint \OT1/cmtt/m/n/8 1802.03426\OT1/cmr/m/n/8 ) URL
 []

)



[12

] (c:\Users\TTPO100AJIEX\Desktop\sdatda\output\paper.aux)
 ***********
LaTeX2e <2024-11-01> patch level 2
L3 programming layer <2025-01-18>
 ***********
 ) 
Here is how much of TeX's memory you used:
 1708 strings out of 473530
 26223 string characters out of 5724393
 432892 words of memory out of 5000000
 24961 multiletter control sequences out of 15000+600000
 563392 words of font info for 51 fonts, out of 8000000 for 9000
 1141 hyphenation exceptions out of 8191
 57i,8n,65p,1782b,498s stack positions out of 10000i,1000n,20000p,200000b,200000s
<D:/Programs/Other/MikTex/fonts/type1/public/amsfonts/cm/cmbx10.pfb><D:/Programs/Other/MikTex/fonts/type1/public/amsfonts/cm/cmbx12.pfb><D:/Programs/Other/MikTex/fonts/type1/public/amsfonts/cm/cmbx8.pfb><D:/Programs/Other/MikTex/fonts/type1/public/amsfonts/cm/cmex10.pfb><D:/Programs/Other/MikTex/fonts/type1/public/amsfonts/cm/cmmi10.pfb><D:/Programs/Other/MikTex/fonts/type1/public/amsfonts/cm/cmmi5.pfb><D:/Programs/Other/MikTex/fonts/type1/public/amsfonts/cm/cmmi7.pfb><D:/Programs/Other/MikTex/fonts/type1/public/amsfonts/cm/cmr10.pfb><D:/Programs/Other/MikTex/fonts/type1/public/amsfonts/cm/cmr6.pfb><D:/Programs/Other/MikTex/fonts/type1/public/amsfonts/cm/cmr7.pfb><D:/Programs/Other/MikTex/fonts/type1/public/amsfonts/cm/cmr8.pfb><D:/Programs/Other/MikTex/fonts/type1/public/amsfonts/cm/cmr9.pfb><D:/Programs/Other/MikTex/fonts/type1/public/amsfonts/cm/cmsy10.pfb><D:/Programs/Other/MikTex/fonts/type1/public/amsfonts/cm/cmsy7.pfb><D:/Programs/Other/MikTex/fonts/type1/public/amsfonts/cm/cmti10.pfb><D:/Programs/Other/MikTex/fonts/type1/public/amsfonts/cm/cmti8.pfb><D:/Programs/Other/MikTex/fonts/type1/public/amsfonts/cm/cmti9.pfb><D:/Programs/Other/MikTex/fonts/type1/public/amsfonts/cm/cmtt8.pfb>
Output written on c:\Users\TTPO100AJIEX\Desktop\sdatda\output\paper.pdf (12 pages, 11182871 bytes).
PDF statistics:
 289 PDF objects out of 1000 (max. 8388607)
 0 named destinations out of 1000 (max. 500000)
 46 words of extra memory for PDF output out of 10000 (max. 10000000)

