This is pdfTeX, Version 3.141592653-2.6-1.40.26 (MiKTeX 24.4) (preloaded format=pdflatex 2025.2.15)  6 MAY 2026 23:06
entering extended mode
 \write18 enabled.
 file:line:error style messages enabled.
 %&-line parsing enabled.
**"c:/Users/TTPO100AJIEX/Desktop/sdatdav2 - diff/diff.tex"
(c:/Users/TTPO100AJIEX/Desktop/sdatdav2 - diff/diff.tex
LaTeX2e <2024-11-01> patch level 2
L3 programming layer <2025-01-18>
(iopart.cls
Document Class: iopart 1996/06/10 v0.0 IOP Journals LaTeX article class
(iopart10.clo
File: iopart10.clo 1997/01/13 v1.0 IOP Book file (size option)
)
\c@jnl=\count196
\c@section=\count197
\c@subsection=\count198
\c@subsubsection=\count199
\c@paragraph=\count266
\c@subparagraph=\count267
\c@figure=\count268
\c@table=\count269
\abovecaptionskip=\skip49
\belowcaptionskip=\skip50
\indentedwidth=\skip51
\mathindent=\dimen141
\c@eqnval=\count270
) (D:\Programs\Other\MikTex\tex/latex/graphics\graphicx.sty
Package: graphicx 2021/09/16 v1.2d Enhanced LaTeX Graphics (DPC,SPQR)
 (D:\Programs\Other\MikTex\tex/latex/graphics\keyval.sty
Package: keyval 2022/05/29 v1.15 key=value parser (DPC)
\KV@toks@=\toks17
) (D:\Programs\Other\MikTex\tex/latex/graphics\graphics.sty
Package: graphics 2024/08/06 v1.4g Standard LaTeX Graphics (DPC,SPQR)
 (D:\Programs\Other\MikTex\tex/latex/graphics\trig.sty
Package: trig 2023/12/02 v1.11 sin cos tan (DPC)
) (D:\Programs\Other\MikTex\tex/latex/graphics-cfg\graphics.cfg
File: graphics.cfg 2016/06/04 v1.11 sample graphics configuration
)
Package graphics Info: Driver file: pdftex.def on input line 106.
 (D:\Programs\Other\MikTex\tex/latex/graphics-def\pdftex.def
File: pdftex.def 2024/04/13 v1.2c Graphics/color driver for pdftex
))
\Gin@req@height=\dimen142
\Gin@req@width=\dimen143
) (D:\Programs\Other\MikTex\tex/latex/ulem\ulem.sty
\UL@box=\box52
\UL@hyphenbox=\box53
\UL@skip=\skip52
\UL@hook=\toks18
\UL@height=\dimen144
\UL@pe=\count271
\UL@pixel=\dimen145
\ULC@box=\box54
Package: ulem 2019/11/18
\ULdepth=\dimen146
) (D:\Programs\Other\MikTex\tex/latex/graphics\color.sty
Package: color 2024/06/23 v1.3e Standard LaTeX Color (DPC)
 (D:\Programs\Other\MikTex\tex/latex/graphics-cfg\color.cfg
File: color.cfg 2016/01/02 v1.6 sample color configuration
)
Package color Info: Driver file: pdftex.def on input line 149.
 (D:\Programs\Other\MikTex\tex/latex/graphics\mathcolor.ltx)) (D:\Programs\Other\MikTex\tex/latex/oberdiek\settobox.sty
Package: settobox 2016/05/16 v1.5 Assign box dimensions to length registers (HO)
) (D:\Programs\Other\MikTex\tex/latex/letltxmacro\letltxmacro.sty
Package: letltxmacro 2019/12/03 v1.6 Let assignment for LaTeX macros (HO)
)
\DIFdelgraphicsbox=\box55
\DIFdelgraphicswidth=\skip53
\DIFdelgraphicsheight=\skip54
LaTeX Info: Redefining \DIFaddbegin on input line 58.
LaTeX Info: Redefining \DIFaddend on input line 59.
LaTeX Info: Redefining \DIFdelbegin on input line 60.
LaTeX Info: Redefining \DIFdelend on input line 61.
LaTeX Info: Redefining \DIFaddbeginFL on input line 66.
LaTeX Info: Redefining \DIFaddendFL on input line 67.
LaTeX Info: Redefining \DIFdelbeginFL on input line 68.
LaTeX Info: Redefining \DIFdelendFL on input line 69.
 (D:\Programs\Other\MikTex\tex/latex/listings\listings.sty
\lst@mode=\count272
\lst@gtempboxa=\box56
\lst@token=\toks19
\lst@length=\count273
\lst@currlwidth=\dimen147
\lst@column=\count274
\lst@pos=\count275
\lst@lostspace=\dimen148
\lst@width=\dimen149
\lst@newlines=\count276
\lst@lineno=\count277
\lst@maxwidth=\dimen150
 (D:\Programs\Other\MikTex\tex/latex/listings\lstpatch.sty
File: lstpatch.sty 2024/09/23 1.10c (Carsten Heinz)
) (D:\Programs\Other\MikTex\tex/latex/listings\lstmisc.sty
File: lstmisc.sty 2024/09/23 1.10c (Carsten Heinz)
\c@lstnumber=\count278
\lst@skipnumbers=\count279
\lst@framebox=\box57
) (D:\Programs\Other\MikTex\tex/latex/listings\listings.cfg
File: listings.cfg 2024/09/23 1.10c listings configuration
))
Package: listings 2024/09/23 1.10c (Carsten Heinz)
 (D:\Programs\Other\MikTex\tex/latex/l3backend\l3backend-pdftex.def
File: l3backend-pdftex.def 2024-05-08 L3 backend support: PDF output (pdfTeX)
\l__color_backend_stack_int=\count280
\l__pdf_internal_box=\box58
) (c:\Users\TTPO100AJIEX\Desktop\sdatdav2 - diff\output\diff.aux)
\openout1 = `diff.aux'.

LaTeX Font Info:    Checking defaults for OML/cmm/m/it on input line 90.
LaTeX Font Info:    ... okay on input line 90.
LaTeX Font Info:    Checking defaults for OMS/cmsy/m/n on input line 90.
LaTeX Font Info:    ... okay on input line 90.
LaTeX Font Info:    Checking defaults for OT1/cmr/m/n on input line 90.
LaTeX Font Info:    ... okay on input line 90.
LaTeX Font Info:    Checking defaults for T1/cmr/m/n on input line 90.
LaTeX Font Info:    ... okay on input line 90.
LaTeX Font Info:    Checking defaults for TS1/cmr/m/n on input line 90.
LaTeX Font Info:    ... okay on input line 90.
LaTeX Font Info:    Checking defaults for OMX/cmex/m/n on input line 90.
LaTeX Font Info:    ... okay on input line 90.
LaTeX Font Info:    Checking defaults for U/cmr/m/n on input line 90.
LaTeX Font Info:    ... okay on input line 90.
 (D:\Programs\Other\MikTex\tex/context/base/mkii\supp-pdf.mkii
[Loading MPS to PDF converter (version 2006.09.02).]
\scratchcounter=\count281
\scratchdimen=\dimen151
\scratchbox=\box59
\nofMPsegments=\count282
\nofMParguments=\count283
\everyMPshowfont=\toks20
\MPscratchCnt=\count284
\MPscratchDim=\dimen152
\MPnumerator=\count285
\makeMPintoPDFobject=\count286
\everyMPtoPDFconversion=\toks21
) (D:\Programs\Other\MikTex\tex/latex/epstopdf-pkg\epstopdf-base.sty
Package: epstopdf-base 2020-01-24 v2.11 Base part for package epstopdf
Package epstopdf-base Info: Redefining graphics rule for `.eps' on input line 485.
 (D:\Programs\Other\MikTex\tex/latex/00miktex\epstopdf-sys.cfg
File: epstopdf-sys.cfg 2021/03/18 v2.0 Configuration of epstopdf for MiKTeX
))
\c@lstlisting=\count287

Underfull \hbox (badness 1184) in paragraph at lines 97--107
\OT1/cmr/m/it/8 Objective. \OT1/cmr/m/n/8 The []|   []   [][]|   []   []of electroencephalograms (EEG) is
 []


Underfull \hbox (badness 1122) in paragraph at lines 97--107
\OT1/cmr/m/n/8 This article introduces an alternative approach to feature engineering for
 []



[1

{C:/Users/TTPO100AJIEX/AppData/Local/MiKTeX/fonts/map/pdftex/pdftex.map}]
Underfull \hbox (badness 4279) in paragraph at lines 119--120
\OT1/cmr/m/n/10 EEG signals are a powerful tool for studying
 []


Underfull \hbox (badness 4713) in paragraph at lines 119--120
\OT1/cmr/m/n/10 human brain activity and diagnosing numerous
 []


Underfull \hbox (badness 2409) in paragraph at lines 119--120
\OT1/cmr/m/n/10 continuous processes that do not allow external
 []


LaTeX Warning: Citation `SDA' on page 2 undefined on input line 121.


Underfull \hbox (badness 1014) in paragraph at lines 121--122
\OT1/cmr/m/n/10 into well-separable parts[]|   []   []denoting the occurrence
 []


Underfull \hbox (badness 2359) in paragraph at lines 121--122
\OT1/cmr/m/n/10 of some naturally induced events at that time.
 []


Underfull \hbox (badness 1158) in paragraph at lines 130--131
[]\OT1/cmr/m/n/10 To use the algorithm, one should clean and
 []


Underfull \hbox (badness 2401) in paragraph at lines 132--133
[]\OT1/cmr/m/n/10 However, these features mostly describe the
 []




LaTeX Warning: Citation `chazal2024topologicalanalysisdetectinganomalies' on page 2 undefined on input line 134.


LaTeX Warning: Citation `rai2024identifyingextremeeventsstock' on page 2 undefined on input line 134.


LaTeX Warning: Citation `heo2024persistenthomologyfeaturedtime' on page 2 undefined on input line 134.


LaTeX Warning: Citation `chr├⌐tien2024timetopologicalanalysiseeg' on page 2 undefined on input line 134.


LaTeX Warning: Citation `dimontesano2024dynamicallymaintainingpersistenthomology' on page 2 undefined on input line 134.


LaTeX Warning: Citation `ost2024bananatreespersistencetime' on page 2 undefined on input line 134.


LaTeX Warning: Citation `cai2024topologicalfeaturesearchmethod' on page 2 undefined on input line 134.


LaTeX Warning: Citation `deng2024twostagehierarchicalexplainablefeature' on page 2 undefined on input line 134.


Underfull \hbox (badness 4686) in paragraph at lines 134--135
\OT1/cmr/m/n/10 theoretically guaranteed approaches to detecting
 []


Underfull \hbox (badness 2080) in paragraph at lines 134--135
\OT1/cmr/m/n/10 their quality with diverse datasets ranging from
 []


Underfull \hbox (badness 1466) in paragraph at lines 134--135
\OT1/cmr/m/n/10 synthetic, generated ones to real-world examples,
 []


Underfull \hbox (badness 2671) in paragraph at lines 134--135
[]\OT1/cmr/m/n/10 on the real-world applications of the technique.
 []


Underfull \hbox (badness 2368) in paragraph at lines 136--139
\OT1/cmr/m/n/10 of []|   []   |   []   |   []   [][]|   []   |   []   []---
 []


Underfull \hbox (badness 2460) in paragraph at lines 136--139
|   []   |   []   |   []   |   [][]\OT1/cmr/m/n/10 . To
 []


Underfull \hbox (badness 1701) in paragraph at lines 136--139
\OT1/cmr/m/n/10 estimate []|   []   |   []   [][]|   []   |   []   |   []   |   []
 []


Underfull \hbox (badness 1259) in paragraph at lines 136--139
\OT1/cmr/m/n/10 topological methods and statistical characteristics.
 []


Underfull \hbox (badness 1565) in paragraph at lines 136--139
|   []   |   []   []\OT1/cmr/m/n/10 a reasonable number of features
 []



[2

]
Underfull \hbox (badness 3000) in paragraph at lines 141--141
[]|   []   |   []   |   []   |   []   |   []
 []

Package epstopdf Info: Source file: <new_figure1.eps>
(epstopdf)                    date: 2025-10-07 00:34:35
(epstopdf)                    size: 366868 bytes
(epstopdf)             Output file: <new_figure1-eps-converted-to.pdf>
(epstopdf)                    date: 2025-10-11 17:29:01
(epstopdf)                    size: 103535 bytes
(epstopdf)             Command: <miktex-epstopdf --outfile=new_figure1-eps-converted-to.pdf new_figure1.eps>
(epstopdf)             \includegraphics on input line 152.
Package epstopdf Info: Output file is already uptodate.


pdfTeX warning: pdflatex (file ./new_figure1-eps-converted-to.pdf): PDF inclusion: found PDF version <1.5>, but at most version <1.4> allowed
<new_figure1-eps-converted-to.pdf, id=18, 1206.5075pt x 397.485pt>
File: new_figure1-eps-converted-to.pdf Graphic file (type pdf)
<use new_figure1-eps-converted-to.pdf>
Package pdftex.def Info: new_figure1-eps-converted-to.pdf  used on input line 152.
(pdftex.def)             Requested size: 390.25948pt x 128.56851pt.

LaTeX Warning: Citation `SDA' on page 3 undefined on input line 157.


Underfull \hbox (badness 1297) in paragraph at lines 165--166
 \OT1/cmr/m/it/10 2.1.1. []|   []   |   [][][] \OT1/cmr/m/n/10 Guhyasamaja Tantra is a
 []


Underfull \hbox (badness 3657) in paragraph at lines 165--166
\OT1/cmr/m/n/10 principles enshrined in the sacred scriptures of
 []


LaTeX Warning: Citation `SDA' on page 3 undefined on input line 169.


Underfull \hbox (badness 1817) in paragraph at lines 167--170
\OT1/cmr/m/n/10 many decades. The []|   []   |   []   |   []   |   []   |   []
 []


Underfull \hbox (badness 1221) in paragraph at lines 167--170
|   []   |   []   |   []   |   []   |   []   |   []   |   []   |   []   |   []   |   []
 []


LaTeX Warning: Citation `MNE' on page 3 undefined on input line 177.

LaTeX Font Info:    External font `cmex10' loaded for size
(Font)              <7> on input line 177.
LaTeX Font Info:    External font `cmex10' loaded for size
(Font)              <5> on input line 177.



LaTeX Warning: Reference `figure1' on page 3 undefined on input line 180.


LaTeX Warning: Reference `figure1' on page 3 undefined on input line 180.


LaTeX Warning: Citation `SleepEdf' on page 3 undefined on input line 201.


LaTeX Warning: Citation `PhysioNet' on page 3 undefined on input line 201.


Underfull \hbox (badness 1888) in paragraph at lines 201--202
|   []   |   []   |   []   |   []   |   []   |   []   |   []   |   []
 []


Underfull \hbox (badness 1062) in paragraph at lines 201--202
|   []   |   []   |   []   |   []   |   []   |   []   |   []   |   []
 []


Overfull \hbox (27.56624pt too wide) in paragraph at lines 201--202
|   []   |   []   |   []   |   []   |   []   |   []   |   []
 []


Underfull \hbox (badness 1616) in paragraph at lines 201--202
|   []   |   []   |   []   |   []   |   []   |   []   |   []
 []


Underfull \hbox (badness 1701) in paragraph at lines 204--205
|   []   |   []   |   []   |   []   |   []   |   []   |   []   |   []   |   []
 []



[3]

LaTeX Warning: Citation `SDA' on page 4 undefined on input line 219.


Underfull \hbox (badness 4108) in paragraph at lines 221--222
[]\OT1/cmr/m/n/10 In the first step, the algorithm finds the
 []




LaTeX Warning: Reference `eq1' on page 4 undefined on input line 225.


Underfull \hbox (badness 1565) in paragraph at lines 225--226
\OT1/cmr/m/n/10 coefficient, the Calinski--Harabasz index, and the
 []


Underfull \hbox (badness 2285) in paragraph at lines 234--235
\OT1/cmr/m/n/10 Topological data analysis is a modern approach
 []


Underfull \hbox (badness 1297) in paragraph at lines 234--235
[]\OT1/cmr/m/n/10 of data by reducing their dimensionality without
 []


Underfull \hbox (badness 4608) in paragraph at lines 234--235
\OT1/cmr/m/n/10 significant loss of information by studying the
 []



[4 <./new_figure1-eps-converted-to.pdf>]

LaTeX Warning: Citation `10.1007/BFb0091924' on page 5 undefined on input line 242.


LaTeX Warning: Citation `perea2013slidingwindowspersistenceapplication' on page 5 undefined on input line 242.


LaTeX Warning: Citation `PhysRevA.45.3403' on page 5 undefined on input line 242.


LaTeX Warning: Citation `PhysRevA.33.1134' on page 5 undefined on input line 242.


Underfull \hbox (badness 1019) in paragraph at lines 242--244
[]\OT1/cmr/m/n/10 to se-lect the []|   []   |   []
 []


LaTeX Warning: Citation `Borsuk1948' on page 5 undefined on input line 248.


LaTeX Warning: Citation `Cech1932' on page 5 undefined on input line 248.


LaTeX Warning: Citation `Vietoris1927' on page 5 undefined on input line 248.


LaTeX Warning: Citation `ZOMORODIAN2010263' on page 5 undefined on input line 248.


LaTeX Warning: Citation `rieser2024newconstructionvietorisripscomplex' on page 5 undefined on input line 248.


LaTeX Warning: Citation `Bauer_2021' on page 5 undefined on input line 248.


LaTeX Warning: Reference `figure2' on page 5 undefined on input line 248.

Package epstopdf Info: Source file: <new_figure2.eps>
(epstopdf)                    date: 2025-02-17 21:28:58
(epstopdf)                    size: 385517 bytes
(epstopdf)             Output file: <new_figure2-eps-converted-to.pdf>
(epstopdf)                    date: 2025-10-11 17:29:02
(epstopdf)                    size: 346875 bytes
(epstopdf)             Command: <miktex-epstopdf --outfile=new_figure2-eps-converted-to.pdf new_figure2.eps>
(epstopdf)             \includegraphics on input line 253.
Package epstopdf Info: Output file is already uptodate.


pdfTeX warning: pdflatex (file ./new_figure2-eps-converted-to.pdf): PDF inclusion: found PDF version <1.5>, but at most version <1.4> allowed
<new_figure2-eps-converted-to.pdf, id=34, 876.27374pt x 287.0725pt>
File: new_figure2-eps-converted-to.pdf Graphic file (type pdf)
<use new_figure2-eps-converted-to.pdf>
Package pdftex.def Info: new_figure2-eps-converted-to.pdf  used on input line 253.
(pdftex.def)             Requested size: 236.68436pt x 77.53688pt.

Overfull \hbox (6.79999pt too wide) in paragraph at lines 253--254
 [][][] 
 []




Underfull \hbox (badness 1062) in paragraph at lines 259--260
\OT1/cmr/m/n/10 structure based on the `times' of appearance
 []


Underfull \hbox (badness 1642) in paragraph at lines 259--260
\OT1/cmr/m/n/10 the persistence diagram[]|   []   []where each simplex
 []


LaTeX Warning: Citation `Zomorodian2005' on page 5 undefined on input line 262.


LaTeX Warning: Citation `10.1007/978-3-319-29228-1_11' on page 5 undefined on input line 262.


LaTeX Warning: Citation `bubenik2015statisticaltopologicaldataanalysis' on page 5 undefined on input line 262.


LaTeX Warning: Citation `chazal2013stochasticconvergencepersistencelandscapes' on page 5 undefined on input line 262.


LaTeX Warning: Citation `kerber2016geometryhelpscomparepersistence' on page 5 undefined on input line 262.


LaTeX Warning: Citation `10.1145/62212.62253' on page 5 undefined on input line 262.


LaTeX Warning: Citation `Efrat2001' on page 5 undefined on input line 262.


Underfull \hbox (badness 2486) in paragraph at lines 262--263
[][]|   []   |   []   |   []   |   []   |   []   |   []   []\OT1/cmr/m/n/10 of
 []


Underfull \hbox (badness 2781) in paragraph at lines 262--263
\OT1/cmr/m/n/10 cuts before separating the surface into two
 []


Underfull \hbox (badness 1596) in paragraph at lines 262--263
\OT1/cmr/m/n/10 number equals the quantity of k-dimensional
 []


Underfull \hbox (badness 1158) in paragraph at lines 262--263
\OT1/cmr/m/n/10 of the difference between a given persistence
 []


Underfull \hbox (badness 2020) in paragraph at lines 262--263
\OT1/cmr/m/n/10 diagram and an `empty' diagram, computed
 []


Underfull \hbox (badness 2961) in paragraph at lines 262--263
\OT1/cmr/m/n/10 such as the Wasserstein [[]] and bottleneck
 []


Underfull \hbox (badness 3826) in paragraph at lines 262--263
[]|   [][][]|   [][] \OT1/cmr/m/n/10 [[]]. These features have
 []


Underfull \hbox (badness 3579) in paragraph at lines 262--263
\OT1/cmr/m/n/10 learning algorithms []|   []   [][]|   []   |   []   []various
 []


LaTeX Warning: Citation `Eckart_Young_1936' on page 5 undefined on input line 265.


LaTeX Warning: Citation `Autoencoder' on page 5 undefined on input line 265.


LaTeX Warning: Citation `mcinnes2020umapuniformmanifoldapproximation' on page 5 undefined on input line 265.


LaTeX Warning: Citation `trofimov2023learningtopologypreservingdatarepresentations' on page 5 undefined on input line 265.



[5 <./new_figure2-eps-converted-to.pdf>]

LaTeX Warning: Reference `figure3' on page 6 undefined on input line 270.

Package epstopdf Info: Source file: <new_figure3.eps>
(epstopdf)                    date: 2025-02-16 14:27:03
(epstopdf)                    size: 5526149 bytes
(epstopdf)             Output file: <new_figure3-eps-converted-to.pdf>
(epstopdf)                    date: 2025-10-11 17:29:05
(epstopdf)                    size: 4409855 bytes
(epstopdf)             Command: <miktex-epstopdf --outfile=new_figure3-eps-converted-to.pdf new_figure3.eps>
(epstopdf)             \includegraphics on input line 274.
Package epstopdf Info: Output file is already uptodate.


pdfTeX warning: pdflatex (file ./new_figure3-eps-converted-to.pdf): PDF inclusion: found PDF version <1.5>, but at most version <1.4> allowed
<new_figure3-eps-converted-to.pdf, id=41, 1204.5pt x 1514.65875pt>
File: new_figure3-eps-converted-to.pdf Graphic file (type pdf)
<use new_figure3-eps-converted-to.pdf>
Package pdftex.def Info: new_figure3-eps-converted-to.pdf  used on input line 274.
(pdftex.def)             Requested size: 236.68436pt x 297.61067pt.

Overfull \hbox (6.79999pt too wide) in paragraph at lines 274--275
 [][][] 
 []




Underfull \hbox (badness 1968) in paragraph at lines 281--282
[]\OT1/cmr/m/n/10 This approach describes []|   []   []individual EEG
 []


Underfull \hbox (badness 2564) in paragraph at lines 283--284
[]\OT1/cmr/m/n/10 To address this issue, the second approach
 []


Underfull \hbox (badness 1394) in paragraph at lines 283--284
\OT1/cmr/m/n/10 components. The point clouds are obtained by
 []


LaTeX Warning: Reference `figure4' on page 6 undefined on input line 303.


Underfull \hbox (badness 1264) in paragraph at lines 303--304
\OT1/cmr/m/n/10 To vectorize the persistence diagrams as part of
 []

Package epstopdf Info: Source file: <new_figure4.eps>
(epstopdf)                    date: 2025-02-17 23:04:59
(epstopdf)                    size: 1381572 bytes
(epstopdf)             Output file: <new_figure4-eps-converted-to.pdf>
(epstopdf)                    date: 2025-10-11 17:29:07
(epstopdf)                    size: 1362126 bytes
(epstopdf)             Command: <miktex-epstopdf --outfile=new_figure4-eps-converted-to.pdf new_figure4.eps>
(epstopdf)             \includegraphics on input line 309.
Package epstopdf Info: Output file is already uptodate.


pdfTeX warning: pdflatex (file ./new_figure4-eps-converted-to.pdf): PDF inclusion: found PDF version <1.5>, but at most version <1.4> allowed
<new_figure4-eps-converted-to.pdf, id=42, 1792.6975pt x 1487.5575pt>
File: new_figure4-eps-converted-to.pdf Graphic file (type pdf)
<use new_figure4-eps-converted-to.pdf>
Package pdftex.def Info: new_figure4-eps-converted-to.pdf  used on input line 309.
(pdftex.def)             Requested size: 236.68436pt x 196.38544pt.

Overfull \hbox (6.79999pt too wide) in paragraph at lines 309--310
 [][][] 
 []



[6 <./new_figure3-eps-converted-to.pdf>]


Underfull \hbox (badness 2080) in paragraph at lines 350--353
\OT1/cmr/m/n/10 the average silhouette coefficient against the
 []


Underfull \hbox (badness 1681) in paragraph at lines 362--363
[]\OT1/cmr/m/n/10 One may also apply additional heuristics to
 []



[7 <./new_figure4-eps-converted-to.pdf>]

LaTeX Warning: Citation `InformationValue' on page 8 undefined on input line 366.


Underfull \hbox (badness 1270) in paragraph at lines 366--367
\OT1/cmr/m/n/10 to []|   []   [][]|   []   []the influence of individual
 []


LaTeX Warning: Reference `eq2' on page 8 undefined on input line 368.


LaTeX Warning: Reference `eq3' on page 8 undefined on input line 368.




Underfull \hbox (badness 2951) in paragraph at lines 391--392
\OT1/cmr/m/n/10 value is calculated independently for each class
 []


Overfull \hbox (4.64943pt too wide) in paragraph at lines 393--394
|   []   []\OT1/cmr/m/n/10 cor-re-spond to the high []|   []   [][]|   []
 []


LaTeX Warning: Citation `SDA' on page 8 undefined on input line 399.


Underfull \hbox (badness 1286) in paragraph at lines 399--401
|   []   |   []   |   []   |   []   |   []
 []



[8]

LaTeX Warning: Reference `figure5' on page 9 undefined on input line 408.


Underfull \hbox (badness 1769) in paragraph at lines 408--409
 \OT1/cmr/m/it/10 6.1.1. []|   []   |   []   |   []   |   []   |   []   |   []   |   []   |   []
 []


Underfull \hbox (badness 4036) in paragraph at lines 408--409
\OT1/cmr/m/n/10 in figure [], the most stable and performant
 []


Underfull \hbox (badness 1454) in paragraph at lines 408--409
\OT1/cmr/m/n/10 comparability and filter out the noise, capturing
 []


Underfull \hbox (badness 4859) in paragraph at lines 408--409
\OT1/cmr/m/n/10 variance, which []|   []   [][]|   []   []hinders their
 []

Package epstopdf Info: Source file: <new_figure5.eps>
(epstopdf)                    date: 2025-02-17 22:59:05
(epstopdf)                    size: 879274 bytes
(epstopdf)             Output file: <new_figure5-eps-converted-to.pdf>
(epstopdf)                    date: 2025-10-11 17:29:08
(epstopdf)                    size: 822549 bytes
(epstopdf)             Command: <miktex-epstopdf --outfile=new_figure5-eps-converted-to.pdf new_figure5.eps>
(epstopdf)             \includegraphics on input line 414.
Package epstopdf Info: Output file is already uptodate.


pdfTeX warning: pdflatex (file ./new_figure5-eps-converted-to.pdf): PDF inclusion: found PDF version <1.5>, but at most version <1.4> allowed
<new_figure5-eps-converted-to.pdf, id=174, 1186.4325pt x 686.565pt>
File: new_figure5-eps-converted-to.pdf Graphic file (type pdf)
<use new_figure5-eps-converted-to.pdf>
Package pdftex.def Info: new_figure5-eps-converted-to.pdf  used on input line 414.
(pdftex.def)             Requested size: 236.68436pt x 136.96484pt.

Overfull \hbox (6.79999pt too wide) in paragraph at lines 414--417
 [][][] 
 []


LaTeX Warning: Reference `table1' on page 9 undefined on input line 422.


Underfull \hbox (badness 1515) in paragraph at lines 421--423
|   []   |   []   [][]|   []   |   []   []\OT1/cmr/m/n/10 table [], []|   []   |   []
 []



LaTeX Font Info:    External font `cmex10' loaded for size
(Font)              <8> on input line 440.
LaTeX Font Info:    External font `cmex10' loaded for size
(Font)              <6> on input line 440.
c:/Users/TTPO100AJIEX/Desktop/sdatdav2 - diff/diff.tex:441: Misplaced \noalign.
\ms ->\noalign 
               {\vspace {3\p@ plus2\p@ minus1\p@ }}
l.441     \DIFaddendFL \br
                          
I expect to see \noalign only after the \cr of
an alignment. Proceed, and I'll ignore this case.

c:/Users/TTPO100AJIEX/Desktop/sdatdav2 - diff/diff.tex:441: Misplaced \noalign.
\bhline ->\noalign 
                   {\ifnum 0=`}\fi \hrule \@height \boldarrayrulewidth \futu...
l.441     \DIFaddendFL \br
                          
I expect to see \noalign only after the \cr of
an alignment. Proceed, and I'll ignore this case.

c:/Users/TTPO100AJIEX/Desktop/sdatdav2 - diff/diff.tex:441: You can't use `\hrule' here except with leaders.
\bhline ->\noalign {\ifnum 0=`}\fi \hrule 
                                          \@height \boldarrayrulewidth \futu...
l.441     \DIFaddendFL \br
                          
To put a horizontal rule in an hbox or an alignment,
you should use \leaders or \hrulefill (see The TeXbook).

c:/Users/TTPO100AJIEX/Desktop/sdatdav2 - diff/diff.tex:441: Missing number, treated as zero.
<to be read again> 
                   \futurelet 
l.441     \DIFaddendFL \br
                          
A number should have been here; I inserted `0'.
(If you can't figure out why I needed to see a number,
look up `weird error' in the index to The TeXbook.)

c:/Users/TTPO100AJIEX/Desktop/sdatdav2 - diff/diff.tex:441: Illegal unit of measure (pt inserted).
<to be read again> 
                   \futurelet 
l.441     \DIFaddendFL \br
                          
Dimensions can be in units of em, ex, in, pt, pc,
cm, mm, dd, cc, nd, nc, bp, or sp; but yours is a new one!
I'll assume that you meant to say pt, for printer's points.
To recover gracefully from this error, it's best to
delete the erroneous units; e.g., type `2' to delete
two letters. (See Chapter 27 of The TeXbook.)

c:/Users/TTPO100AJIEX/Desktop/sdatdav2 - diff/diff.tex:441: Misplaced \noalign.
\ms ->\noalign 
               {\vspace {3\p@ plus2\p@ minus1\p@ }}
l.441     \DIFaddendFL \br
                          
I expect to see \noalign only after the \cr of
an alignment. Proceed, and I'll ignore this case.


Underfull \hbox (badness 1231) in paragraph at lines 476--479
[]|   []   [][]|   []   |   []   |   []   |   []   |   []   |   []
 []


Underfull \hbox (badness 1087) in paragraph at lines 476--479
|   []   |   []   |   []   |   []   |   []   |   []   |   []
 []


Overfull \hbox (9.62173pt too wide) in paragraph at lines 480--482
[]|   []   |   []   |   []   |   []   |   []
 []



[9 <./new_figure5-eps-converted-to.pdf>]
Underfull \hbox (badness 2065) in paragraph at lines 488--490
|   []   |   [][]\OT1/cmr/m/n/10 , the most []|   []   [][]|   []   []fea-
 []


Underfull \hbox (badness 1107) in paragraph at lines 488--490
\OT1/cmr/m/n/10 tures con-sis-tently across []|   []   []QSDA and in-for-ma-
 []


Underfull \hbox (badness 1231) in paragraph at lines 488--490
\OT1/cmr/m/n/10 land-scapes[]|   []   |   []   |   []   [][]|   []   |   []
 []





[10]
Underfull \hbox (badness 2080) in paragraph at lines 526--527
[]\OT1/cmr/m/n/10 It is worth noting that the extremely high
 []


Underfull \hbox (badness 3068) in paragraph at lines 526--527
[]\OT1/cmr/m/n/10 have introduced some dispersion in the results.
 []


Underfull \hbox (badness 1342) in paragraph at lines 526--527
\OT1/cmr/m/n/10 However, the proposed selection method (QSDA)
 []


Underfull \hbox (badness 1418) in paragraph at lines 526--527
[][]|   []   |   []   |   []   |   []   []\OT1/cmr/m/n/10 information value
 []

Package epstopdf Info: Source file: <new_figure6.eps>
(epstopdf)                    date: 2025-02-20 00:22:49
(epstopdf)                    size: 247989 bytes
(epstopdf)             Output file: <new_figure6-eps-converted-to.pdf>
(epstopdf)                    date: 2025-10-11 17:29:09
(epstopdf)                    size: 224473 bytes
(epstopdf)             Command: <miktex-epstopdf --outfile=new_figure6-eps-converted-to.pdf new_figure6.eps>
(epstopdf)             \includegraphics on input line 536.
Package epstopdf Info: Output file is already uptodate.


pdfTeX warning: pdflatex (file ./new_figure6-eps-converted-to.pdf): PDF inclusion: found PDF version <1.5>, but at most version <1.4> allowed
<new_figure6-eps-converted-to.pdf, id=184, 1152.305pt x 273.02pt>
File: new_figure6-eps-converted-to.pdf Graphic file (type pdf)
<use new_figure6-eps-converted-to.pdf>
Package pdftex.def Info: new_figure6-eps-converted-to.pdf  used on input line 536.
(pdftex.def)             Requested size: 487.8225pt x 115.57996pt.

Overfull \hbox (6.79999pt too wide) in paragraph at lines 536--537
 [][][] 
 []


Underfull \hbox (badness 1043) in paragraph at lines 534--540
|   []   |   []   |   []   |   []   |   []   |   []   |   []   |   []
 []


Underfull \hbox (badness 3291) in paragraph at lines 548--549
[]\OT1/cmr/m/n/10 The percentiles, skew, and kurtosis of the
 []


Underfull \hbox (badness 2035) in paragraph at lines 553--557
[]\OT1/cmr/m/n/10 4,500 []|   []   []features (as opposed to 20,000
 []




LaTeX Warning: Reference `figure6' on page 11 undefined on input line 558.


Underfull \hbox (badness 1436) in paragraph at lines 558--562
[]|   []   |   []   |   []   |   []   |   []   [][]|   []   |   []   |   []   |   []
 []


Underfull \hbox (badness 1436) in paragraph at lines 558--562
|   []   |   []   |   []   |   []   |   []   |   []   |   []
 []


Underfull \hbox (badness 1424) in paragraph at lines 564--565
[]|   []   |   []   |   []   |   []   |   []   |   []
 []


LaTeX Warning: Reference `figure7' on page 11 undefined on input line 566.


Underfull \hbox (badness 4353) in paragraph at lines 566--568
[]\OT1/cmr/m/n/10 Finally, these experiments []|   []   |   []
 []

Package epstopdf Info: Source file: <new_figure7.eps>
(epstopdf)                    date: 2025-10-07 23:39:31
(epstopdf)                    size: 4391823 bytes
(epstopdf)             Output file: <new_figure7-eps-converted-to.pdf>
(epstopdf)                    date: 2025-10-11 17:29:12
(epstopdf)                    size: 1055996 bytes
(epstopdf)             Command: <miktex-epstopdf --outfile=new_figure7-eps-converted-to.pdf new_figure7.eps>
(epstopdf)             \includegraphics on input line 571.
Package epstopdf Info: Output file is already uptodate.


pdfTeX warning: pdflatex (file ./new_figure7-eps-converted-to.pdf): PDF inclusion: found PDF version <1.5>, but at most version <1.4> allowed
<new_figure7-eps-converted-to.pdf, id=185, 829.0975pt x 398.48875pt>
File: new_figure7-eps-converted-to.pdf Graphic file (type pdf)
<use new_figure7-eps-converted-to.pdf>
Package pdftex.def Info: new_figure7-eps-converted-to.pdf  used on input line 571.
(pdftex.def)             Requested size: 236.68436pt x 113.75288pt.

Overfull \hbox (6.79999pt too wide) in paragraph at lines 571--572
 [][][] 
 []


Underfull \hbox (badness 1259) in paragraph at lines 576--578
|   []   |   []   |   []   |   []   |   []   |   []   |   []
 []


Underfull \hbox (badness 1281) in paragraph at lines 576--578
|   []   |   []   |   []   |   []   |   []   |   []   |   []   |   []
 []



[11]

LaTeX Warning: Citation `SDA' on page 12 undefined on input line 584.




LaTeX Warning: Citation `Fowlkes01091983' on page 12 undefined on input line 590.


LaTeX Warning: Reference `eq4' on page 12 undefined on input line 590.


Underfull \hbox (badness 6978) in paragraph at lines 586--591
|   []   |   []   |   []   |   []   |   []   |   []
 []


LaTeX Warning: Reference `eq5' on page 12 undefined on input line 594.



[12 <./new_figure6-eps-converted-to.pdf> <./new_figure7-eps-converted-to.pdf>]

LaTeX Warning: Reference `table2' on page 13 undefined on input line 609.


Underfull \hbox (badness 1776) in paragraph at lines 609--611
[]|   []   |   []   |   []   |   []   |   []   |   []   |   []
 []


Underfull \hbox (badness 2111) in paragraph at lines 609--611
[]\OT1/cmr/m/n/10 table [][]|   []   |   []   |   []   |   []   |   []   |   []
 []


Underfull \hbox (badness 3098) in paragraph at lines 626--627
[]|   []   |   []   |   []   |   []   |   []   |   []
 []


Underfull \hbox (badness 7907) in paragraph at lines 626--627
|   []   |   []   |   []   |   []   |   []   |   []   |   []   |   []
 []


Underfull \hbox (badness 4060) in paragraph at lines 626--627
|   []   |   []   |   []   |   []   |   []   |   []
 []




LaTeX Warning: Reference `figure8' on page 13 undefined on input line 635.


Underfull \hbox (badness 1127) in paragraph at lines 635--637
|   []   |   []   |   []   |   []   |   []   |   []   |   []
 []


Underfull \hbox (badness 1009) in paragraph at lines 635--637
|   []   |   []   |   []   |   []   |   []   |   []   |   []
 []

Package epstopdf Info: Source file: <new_figure8.eps>
(epstopdf)                    date: 2025-10-05 17:31:14
(epstopdf)                    size: 197632 bytes
(epstopdf)             Output file: <new_figure8-eps-converted-to.pdf>
(epstopdf)                    date: 2025-10-11 17:29:13
(epstopdf)                    size: 156868 bytes
(epstopdf)             Command: <miktex-epstopdf --outfile=new_figure8-eps-converted-to.pdf new_figure8.eps>
(epstopdf)             \includegraphics on input line 642.
Package epstopdf Info: Output file is already uptodate.


pdfTeX warning: pdflatex (file ./new_figure8-eps-converted-to.pdf): PDF inclusion: found PDF version <1.5>, but at most version <1.4> allowed
<new_figure8-eps-converted-to.pdf, id=198, 506.89375pt x 217.81375pt>
File: new_figure8-eps-converted-to.pdf Graphic file (type pdf)
<use new_figure8-eps-converted-to.pdf>
Package pdftex.def Info: new_figure8-eps-converted-to.pdf  used on input line 642.
(pdftex.def)             Requested size: 236.68436pt x 101.7011pt.

Overfull \hbox (6.79999pt too wide) in paragraph at lines 642--643
 [][][] 
 []


Underfull \hbox (badness 3471) in paragraph at lines 652--653
\OT1/cmr/m/n/10 In this study, we []|   []   |   []   |   []
 []


Underfull \hbox (badness 1596) in paragraph at lines 652--653
|   []   |   []   |   []   |   []   |   []   |   []   [][]|   []   |   []
 []


Underfull \hbox (badness 1622) in paragraph at lines 652--653
|   []   |   []   |   []   |   []   |   []   |   []   |   []
 []


Underfull \hbox (badness 1721) in paragraph at lines 652--653
|   []   |   []   |   []   |   []   |   []   |   []
 []


Underfull \hbox (badness 1226) in paragraph at lines 652--653
|   []   |   []   |   []   |   []   |   []   |   []   |   []
 []



[13 <./new_figure8-eps-converted-to.pdf>]
Underfull \hbox (badness 1622) in paragraph at lines 657--659
[][]|   []   |   []   |   []   |   []   |   []   []\OT1/cmr/m/n/10 in the data,
 []


Underfull \hbox (badness 1910) in paragraph at lines 660--662
|   []   |   []   |   []   |   []   |   []   |   []   |   []
 []


Underfull \hbox (badness 1259) in paragraph at lines 660--662
|   []   |   []   |   []   |   []   |   []   |   []
 []


Underfull \hbox (badness 1097) in paragraph at lines 664--667
\OT1/cmr/m/n/10 the features, which []|   []   [][]|   []   []its results
 []


Underfull \hbox (badness 2990) in paragraph at lines 664--667
\OT1/cmr/m/n/10 and []|   []   [][]|   []   []the rationality of using
 []



(c:\Users\TTPO100AJIEX\Desktop\sdatdav2 - diff\output\diff.bbl)

[14] (c:\Users\TTPO100AJIEX\Desktop\sdatdav2 - diff\output\diff.aux)
 ***********
LaTeX2e <2024-11-01> patch level 2
L3 programming layer <2025-01-18>
 ***********


LaTeX Warning: There were undefined references.


LaTeX Warning: Label(s) may have changed. Rerun to get cross-references right.

 ) 
Here is how much of TeX's memory you used:
 3330 strings out of 473530
 50105 string characters out of 5724393
 613638 words of memory out of 5000000
 26551 multiletter control sequences out of 15000+600000
 563330 words of font info for 51 fonts, out of 8000000 for 9000
 1141 hyphenation exceptions out of 8191
 57i,10n,65p,2826b,496s stack positions out of 10000i,1000n,20000p,200000b,200000s
<D:/Programs/Other/MikTex/fonts/type1/public/amsfonts/cm/cmbx10.pfb><D:/Programs/Other/MikTex/fonts/type1/public/amsfonts/cm/cmbx12.pfb><D:/Programs/Other/MikTex/fonts/type1/public/amsfonts/cm/cmbx8.pfb><D:/Programs/Other/MikTex/fonts/type1/public/amsfonts/cm/cmex10.pfb><D:/Programs/Other/MikTex/fonts/type1/public/amsfonts/cm/cmmi10.pfb><D:/Programs/Other/MikTex/fonts/type1/public/amsfonts/cm/cmmi5.pfb><D:/Programs/Other/MikTex/fonts/type1/public/amsfonts/cm/cmmi7.pfb><D:/Programs/Other/MikTex/fonts/type1/public/amsfonts/cm/cmmi8.pfb><D:/Programs/Other/MikTex/fonts/type1/public/amsfonts/cm/cmr10.pfb><D:/Programs/Other/MikTex/fonts/type1/public/amsfonts/cm/cmr7.pfb><D:/Programs/Other/MikTex/fonts/type1/public/amsfonts/cm/cmr8.pfb><D:/Programs/Other/MikTex/fonts/type1/public/amsfonts/cm/cmr9.pfb><D:/Programs/Other/MikTex/fonts/type1/public/amsfonts/cm/cmsy10.pfb><D:/Programs/Other/MikTex/fonts/type1/public/amsfonts/cm/cmsy7.pfb><D:/Programs/Other/MikTex/fonts/type1/public/amsfonts/cm/cmsy8.pfb><D:/Programs/Other/MikTex/fonts/type1/public/amsfonts/cm/cmti10.pfb><D:/Programs/Other/MikTex/fonts/type1/public/amsfonts/cm/cmti8.pfb><D:/Programs/Other/MikTex/fonts/type1/public/amsfonts/cm/cmti9.pfb><D:/Programs/Other/MikTex/fonts/type1/public/amsfonts/latxfont/lasy6.pfb>
Output written on "c:\Users\TTPO100AJIEX\Desktop\sdatdav2 - diff\output\diff.pdf" (14 pages, 8841132 bytes).
PDF statistics:
 289 PDF objects out of 1000 (max. 8388607)
 0 named destinations out of 1000 (max. 500000)
 41 words of extra memory for PDF output out of 10000 (max. 10000000)

