This is pdfTeX, Version 3.141592653-2.6-1.40.26 (MiKTeX 24.4) (preloaded format=pdflatex 2025.2.15)  11 OCT 2025 17:29
entering extended mode
 restricted \write18 enabled.
 file:line:error style messages enabled.
 %&-line parsing enabled.
**"c:/Users/TTPO100AJIEX/Desktop/sdatdav2 - diff/new_paper.tex"
(c:/Users/TTPO100AJIEX/Desktop/sdatdav2 - diff/new_paper.tex
LaTeX2e <2024-11-01> patch level 2
L3 programming layer <2025-01-18>
(iopart.cls
Document Class: iopart 1996/06/10 v0.0 IOP Journals LaTeX article class
(iopart10.clo
File: iopart10.clo 1997/01/13 v1.0 IOP Book file (size option)
)
\c@jnl=\count196
\c@section=\count197
\c@subsection=\count198
\c@subsubsection=\count199
\c@paragraph=\count266
\c@subparagraph=\count267
\c@figure=\count268
\c@table=\count269
\abovecaptionskip=\skip49
\belowcaptionskip=\skip50
\indentedwidth=\skip51
\mathindent=\dimen141
\c@eqnval=\count270
) (D:\Programs\Other\MikTex\tex/latex/graphics\graphicx.sty
Package: graphicx 2021/09/16 v1.2d Enhanced LaTeX Graphics (DPC,SPQR)
 (D:\Programs\Other\MikTex\tex/latex/graphics\keyval.sty
Package: keyval 2022/05/29 v1.15 key=value parser (DPC)
\KV@toks@=\toks17
) (D:\Programs\Other\MikTex\tex/latex/graphics\graphics.sty
Package: graphics 2024/08/06 v1.4g Standard LaTeX Graphics (DPC,SPQR)
 (D:\Programs\Other\MikTex\tex/latex/graphics\trig.sty
Package: trig 2023/12/02 v1.11 sin cos tan (DPC)
) (D:\Programs\Other\MikTex\tex/latex/graphics-cfg\graphics.cfg
File: graphics.cfg 2016/06/04 v1.11 sample graphics configuration
)
Package graphics Info: Driver file: pdftex.def on input line 106.
 (D:\Programs\Other\MikTex\tex/latex/graphics-def\pdftex.def
File: pdftex.def 2024/04/13 v1.2c Graphics/color driver for pdftex
))
\Gin@req@height=\dimen142
\Gin@req@width=\dimen143
) (D:\Programs\Other\MikTex\tex/latex/l3backend\l3backend-pdftex.def
File: l3backend-pdftex.def 2024-05-08 L3 backend support: PDF output (pdfTeX)
\l__color_backend_stack_int=\count271
\l__pdf_internal_box=\box52
) (c:\Users\TTPO100AJIEX\Desktop\sdatdav2 - diff\output\new_paper.aux)
\openout1 = `new_paper.aux'.

LaTeX Font Info:    Checking defaults for OML/cmm/m/it on input line 7.
LaTeX Font Info:    ... okay on input line 7.
LaTeX Font Info:    Checking defaults for OMS/cmsy/m/n on input line 7.
LaTeX Font Info:    ... okay on input line 7.
LaTeX Font Info:    Checking defaults for OT1/cmr/m/n on input line 7.
LaTeX Font Info:    ... okay on input line 7.
LaTeX Font Info:    Checking defaults for T1/cmr/m/n on input line 7.
LaTeX Font Info:    ... okay on input line 7.
LaTeX Font Info:    Checking defaults for TS1/cmr/m/n on input line 7.
LaTeX Font Info:    ... okay on input line 7.
LaTeX Font Info:    Checking defaults for OMX/cmex/m/n on input line 7.
LaTeX Font Info:    ... okay on input line 7.
LaTeX Font Info:    Checking defaults for U/cmr/m/n on input line 7.
LaTeX Font Info:    ... okay on input line 7.
 (D:\Programs\Other\MikTex\tex/context/base/mkii\supp-pdf.mkii
[Loading MPS to PDF converter (version 2006.09.02).]
\scratchcounter=\count272
\scratchdimen=\dimen144
\scratchbox=\box53
\nofMPsegments=\count273
\nofMParguments=\count274
\everyMPshowfont=\toks18
\MPscratchCnt=\count275
\MPscratchDim=\dimen145
\MPnumerator=\count276
\makeMPintoPDFobject=\count277
\everyMPtoPDFconversion=\toks19
) (D:\Programs\Other\MikTex\tex/latex/epstopdf-pkg\epstopdf-base.sty
Package: epstopdf-base 2020-01-24 v2.11 Base part for package epstopdf
Package epstopdf-base Info: Redefining graphics rule for `.eps' on input line 485.
 (D:\Programs\Other\MikTex\tex/latex/00miktex\epstopdf-sys.cfg
File: epstopdf-sys.cfg 2021/03/18 v2.0 Configuration of epstopdf for MiKTeX
))

[1

{C:/Users/TTPO100AJIEX/AppData/Local/MiKTeX/fonts/map/pdftex/pdftex.map}]
Underfull \hbox (badness 2401) in paragraph at lines 34--35
\OT1/cmr/m/n/10 abnormalities. However, its analysis is usually
 []


Underfull \hbox (badness 1527) in paragraph at lines 36--37
[]\OT1/cmr/m/n/10 One such task is to find the boundaries of
 []


Underfull \hbox (badness 1199) in paragraph at lines 39--41
\OT1/cmr/m/n/10 states for different values of hyperparameters
 []


Underfull \hbox (badness 1173) in paragraph at lines 39--41
\OT1/cmr/m/n/10 using a hierarchical clustering algorithm that
 []


Underfull \hbox (badness 1158) in paragraph at lines 45--46
[]\OT1/cmr/m/n/10 To use the algorithm, one should clean and
 []


Underfull \hbox (badness 1430) in paragraph at lines 45--46
\OT1/cmr/m/n/10 Guhyasamaja practice when extracting traditional
 []


Underfull \hbox (badness 2401) in paragraph at lines 47--48
[]\OT1/cmr/m/n/10 However, these features mostly describe the
 []


Underfull \hbox (badness 1400) in paragraph at lines 47--48
\OT1/cmr/m/n/10 which identifies the relationships in the data by
 []




Underfull \hbox (badness 2310) in paragraph at lines 49--50
\OT1/cmr/m/n/10 guaranteed approaches to detecting anomalies in
 []


Underfull \hbox (badness 1584) in paragraph at lines 49--50
\OT1/cmr/m/n/10 ones to real-world examples, including the stock
 []


Underfull \hbox (badness 1178) in paragraph at lines 49--50
\OT1/cmr/m/n/10 market, music recordings, and epilepsy detection.
 []


Underfull \hbox (badness 2913) in paragraph at lines 49--50
\OT1/cmr/m/n/10 [[]] proposed a data structure to maintain and
 []


Underfull \hbox (badness 1466) in paragraph at lines 49--50
\OT1/cmr/m/n/10 added to or removed from the time series, and
 []

Package epstopdf Info: Source file: <new_figure1.eps>
(epstopdf)                    date: 2025-10-07 00:34:35
(epstopdf)                    size: 366868 bytes
(epstopdf)             Output file: <new_figure1-eps-converted-to.pdf>
(epstopdf)                    date: 2025-10-11 17:29:01
(epstopdf)                    size: 103535 bytes
(epstopdf)             Command: <miktex-epstopdf --outfile=new_figure1-eps-converted-to.pdf new_figure1.eps>
(epstopdf)             \includegraphics on input line 59.
Package epstopdf Info: Output file is already uptodate.


pdfTeX warning: pdflatex (file ./new_figure1-eps-converted-to.pdf): PDF inclusion: found PDF version <1.5>, but at most version <1.4> allowed
<new_figure1-eps-converted-to.pdf, id=13, 1206.5075pt x 397.485pt>
File: new_figure1-eps-converted-to.pdf Graphic file (type pdf)
<use new_figure1-eps-converted-to.pdf>
Package pdftex.def Info: new_figure1-eps-converted-to.pdf  used on input line 59.
(pdftex.def)             Requested size: 390.25948pt x 128.56851pt.


[2

]
Underfull \hbox (badness 1297) in paragraph at lines 68--69
 \OT1/cmr/m/it/10 2.1.1. Data collection[] \OT1/cmr/m/n/10 Guhyasamaja Tantra is a
 []


Underfull \hbox (badness 3657) in paragraph at lines 68--69
\OT1/cmr/m/n/10 principles enshrined in the sacred scriptures of
 []


Underfull \hbox (badness 2529) in paragraph at lines 68--69
\OT1/cmr/m/n/10 Buddhism. Its essential part consists of eight
 []


Underfull \hbox (badness 2277) in paragraph at lines 70--71
\OT1/cmr/m/n/10 monks practicing Guhyasamaja Tantra for many
 []




Underfull \hbox (badness 1888) in paragraph at lines 80--81
\OT1/cmr/m/n/10 To validate the approach and assess its general
 []


Underfull \hbox (badness 4328) in paragraph at lines 80--81
\OT1/cmr/m/n/10 applicability, we utilized sleep-edf [[], []]: a
 []


Underfull \hbox (badness 1112) in paragraph at lines 80--81
\OT1/cmr/m/n/10 more common, public dataset of 197 whole-night
 []


Underfull \hbox (badness 1701) in paragraph at lines 82--83
\OT1/cmr/m/n/10 age and sex) and focus on the PSG recordings
 []



[3 <./new_figure1-eps-converted-to.pdf>]
Underfull \hbox (badness 4108) in paragraph at lines 99--100
[]\OT1/cmr/m/n/10 In the first step, the algorithm finds the
 []


Underfull \hbox (badness 1655) in paragraph at lines 99--100
\OT1/cmr/m/n/10 time between epochs in the connectivity matrix.
 []


Underfull \hbox (badness 1205) in paragraph at lines 101--102
\OT1/cmr/m/n/10 method to the joint sets of potential boundaries
 []

LaTeX Font Info:    External font `cmex10' loaded for size
(Font)              <7> on input line 103.
LaTeX Font Info:    External font `cmex10' loaded for size
(Font)              <5> on input line 103.

Underfull \hbox (badness 1565) in paragraph at lines 103--104
\OT1/cmr/m/n/10 coefficient, the Calinski--Harabasz index, and the
 []



Package epstopdf Info: Source file: <new_figure2.eps>
(epstopdf)                    date: 2025-02-17 21:28:58
(epstopdf)                    size: 385517 bytes
(epstopdf)             Output file: <new_figure2-eps-converted-to.pdf>
(epstopdf)                    date: 2025-10-11 17:29:02
(epstopdf)                    size: 346875 bytes
(epstopdf)             Command: <miktex-epstopdf --outfile=new_figure2-eps-converted-to.pdf new_figure2.eps>
(epstopdf)             \includegraphics on input line 129.
Package epstopdf Info: Output file is already uptodate.


pdfTeX warning: pdflatex (file ./new_figure2-eps-converted-to.pdf): PDF inclusion: found PDF version <1.5>, but at most version <1.4> allowed
<new_figure2-eps-converted-to.pdf, id=23, 876.27374pt x 287.0725pt>
File: new_figure2-eps-converted-to.pdf Graphic file (type pdf)
<use new_figure2-eps-converted-to.pdf>
Package pdftex.def Info: new_figure2-eps-converted-to.pdf  used on input line 129.
(pdftex.def)             Requested size: 236.68436pt x 77.53688pt.


[4]
Underfull \hbox (badness 1062) in paragraph at lines 135--136
\OT1/cmr/m/n/10 structure based on the `times' of appearance
 []


Underfull \hbox (badness 1642) in paragraph at lines 135--136
\OT1/cmr/m/n/10 the persistence diagram, where each simplex
 []


Underfull \hbox (badness 1655) in paragraph at lines 138--139
\OT1/cmr/m/n/10 numbers [[]], which represent the maximum
 []


Underfull \hbox (badness 1158) in paragraph at lines 138--139
\OT1/cmr/m/n/10 of the difference between a given persistence
 []



Package epstopdf Info: Source file: <new_figure3.eps>
(epstopdf)                    date: 2025-02-16 14:27:03
(epstopdf)                    size: 5526149 bytes
(epstopdf)             Output file: <new_figure3-eps-converted-to.pdf>
(epstopdf)                    date: 2025-10-11 17:29:05
(epstopdf)                    size: 4409855 bytes
(epstopdf)             Command: <miktex-epstopdf --outfile=new_figure3-eps-converted-to.pdf new_figure3.eps>
(epstopdf)             \includegraphics on input line 150.
Package epstopdf Info: Output file is already uptodate.


pdfTeX warning: pdflatex (file ./new_figure3-eps-converted-to.pdf): PDF inclusion: found PDF version <1.5>, but at most version <1.4> allowed
<new_figure3-eps-converted-to.pdf, id=34, 1204.5pt x 1514.65875pt>
File: new_figure3-eps-converted-to.pdf Graphic file (type pdf)
<use new_figure3-eps-converted-to.pdf>
Package pdftex.def Info: new_figure3-eps-converted-to.pdf  used on input line 150.
(pdftex.def)             Requested size: 236.68436pt x 297.61067pt.


[5 <./new_figure2-eps-converted-to.pdf> <./new_figure3-eps-converted-to.pdf>]
Underfull \hbox (badness 2564) in paragraph at lines 159--160
[]\OT1/cmr/m/n/10 To address this issue, the second approach
 []


Underfull \hbox (badness 1394) in paragraph at lines 159--160
\OT1/cmr/m/n/10 components. The point clouds are obtained by
 []


Underfull \hbox (badness 1132) in paragraph at lines 159--160
\OT1/cmr/m/n/10 the corresponding components of the time series.
 []


Underfull \hbox (badness 1264) in paragraph at lines 165--166
\OT1/cmr/m/n/10 To vectorize the persistence diagrams as part of
 []

Package epstopdf Info: Source file: <new_figure4.eps>
(epstopdf)                    date: 2025-02-17 23:04:59
(epstopdf)                    size: 1381572 bytes
(epstopdf)             Output file: <new_figure4-eps-converted-to.pdf>
(epstopdf)                    date: 2025-10-11 17:29:07
(epstopdf)                    size: 1362126 bytes
(epstopdf)             Command: <miktex-epstopdf --outfile=new_figure4-eps-converted-to.pdf new_figure4.eps>
(epstopdf)             \includegraphics on input line 169.
Package epstopdf Info: Output file is already uptodate.


pdfTeX warning: pdflatex (file ./new_figure4-eps-converted-to.pdf): PDF inclusion: found PDF version <1.5>, but at most version <1.4> allowed
<new_figure4-eps-converted-to.pdf, id=79, 1792.6975pt x 1487.5575pt>
File: new_figure4-eps-converted-to.pdf Graphic file (type pdf)
<use new_figure4-eps-converted-to.pdf>
Package pdftex.def Info: new_figure4-eps-converted-to.pdf  used on input line 169.
(pdftex.def)             Requested size: 236.68436pt x 196.38544pt.

Underfull \hbox (badness 1824) in paragraph at lines 174--175
[]\OT1/cmr/m/n/10 To improve the generalization ability of the
 []


Underfull \hbox (badness 4699) in paragraph at lines 174--175
\OT1/cmr/m/n/10 features, the algorithm begins by filtering the
 []




Underfull \hbox (badness 1394) in paragraph at lines 183--184
\OT1/cmr/m/n/10 distance, the Wasserstein distance, the Betti
 []


Underfull \hbox (badness 3199) in paragraph at lines 183--184
\OT1/cmr/m/n/10 curves, the persistence landscapes, and the
 []



[6 <./new_figure4-eps-converted-to.pdf>]
Underfull \hbox (badness 1681) in paragraph at lines 217--218
[]\OT1/cmr/m/n/10 One may also apply additional heuristics to
 []


Underfull \hbox (badness 1360) in paragraph at lines 217--218
\OT1/cmr/m/n/10 For example, consider a feature with only three
 []


Underfull \hbox (badness 3815) in paragraph at lines 217--218
\OT1/cmr/m/n/10 non-zero values at indexes 300, 600, and 900
 []


Underfull \hbox (badness 3179) in paragraph at lines 217--218
\OT1/cmr/m/n/10 for an EEG of length 1200. In stages 1 --
 []


Underfull \hbox (badness 2818) in paragraph at lines 217--218
\OT1/cmr/m/n/10 2 the algorithm might calculate the boundaries
 []




Underfull \hbox (badness 1342) in paragraph at lines 236--237
[]$\OML/cmm/m/it/10 numPos$ \OT1/cmr/m/n/10 and $\OML/cmm/m/it/10 numNeg$ \OT1/cmr/m/n/10 the total numbers of
 []


Underfull \hbox (badness 2951) in paragraph at lines 239--240
\OT1/cmr/m/n/10 value is calculated independently for each class
 []


Underfull \hbox (badness 1454) in paragraph at lines 241--242
\OT1/cmr/m/n/10 influence on the correct prediction of the target
 []



[7]
Underfull \hbox (badness 4403) in paragraph at lines 247--248
\OT1/cmr/m/n/10 Tantra meditation data. First, we focus on
 []


Underfull \hbox (badness 4072) in paragraph at lines 247--248
\OT1/cmr/m/n/10 using 765 traditional features from [[]], almost
 []


Underfull \hbox (badness 1286) in paragraph at lines 247--248
\OT1/cmr/m/n/10 compare four dimensionality reduction algorithms,
 []


Underfull \hbox (badness 1412) in paragraph at lines 251--252
\OT1/cmr/m/n/10 is PCA, which we thus used further throughout
 []


Underfull \hbox (badness 2088) in paragraph at lines 251--252
\OT1/cmr/m/n/10 clusterization quality independent of the number
 []

Package epstopdf Info: Source file: <new_figure5.eps>
(epstopdf)                    date: 2025-02-17 22:59:05
(epstopdf)                    size: 879274 bytes
(epstopdf)             Output file: <new_figure5-eps-converted-to.pdf>
(epstopdf)                    date: 2025-10-11 17:29:08
(epstopdf)                    size: 822549 bytes
(epstopdf)             Command: <miktex-epstopdf --outfile=new_figure5-eps-converted-to.pdf new_figure5.eps>
(epstopdf)             \includegraphics on input line 255.
Package epstopdf Info: Output file is already uptodate.


pdfTeX warning: pdflatex (file ./new_figure5-eps-converted-to.pdf): PDF inclusion: found PDF version <1.5>, but at most version <1.4> allowed
<new_figure5-eps-converted-to.pdf, id=170, 1186.4325pt x 686.565pt>
File: new_figure5-eps-converted-to.pdf Graphic file (type pdf)
<use new_figure5-eps-converted-to.pdf>
Package pdftex.def Info: new_figure5-eps-converted-to.pdf  used on input line 255.
(pdftex.def)             Requested size: 236.68436pt x 136.96484pt.


LaTeX Font Info:    External font `cmex10' loaded for size
(Font)              <8> on input line 271.
LaTeX Font Info:    External font `cmex10' loaded for size
(Font)              <6> on input line 271.

Underfull \hbox (badness 2538) in paragraph at lines 291--292
\OT1/cmr/m/n/10 in Supplementary Materials B for each subject.
 []



[8 <./new_figure5-eps-converted-to.pdf>]
Underfull \hbox (badness 1354) in paragraph at lines 301--302
\OT1/cmr/m/n/10 that would be reliably observed for all subjects,
 []




Underfull \hbox (badness 2080) in paragraph at lines 307--308
[]\OT1/cmr/m/n/10 It is worth noting that the extremely high
 []


Underfull \hbox (badness 1418) in paragraph at lines 307--308
\OT1/cmr/m/n/10 harmful features, supported by information value
 []

Package epstopdf Info: Source file: <new_figure6.eps>
(epstopdf)                    date: 2025-02-20 00:22:49
(epstopdf)                    size: 247989 bytes
(epstopdf)             Output file: <new_figure6-eps-converted-to.pdf>
(epstopdf)                    date: 2025-10-11 17:29:09
(epstopdf)                    size: 224473 bytes
(epstopdf)             Command: <miktex-epstopdf --outfile=new_figure6-eps-converted-to.pdf new_figure6.eps>
(epstopdf)             \includegraphics on input line 313.
Package epstopdf Info: Output file is already uptodate.


pdfTeX warning: pdflatex (file ./new_figure6-eps-converted-to.pdf): PDF inclusion: found PDF version <1.5>, but at most version <1.4> allowed
<new_figure6-eps-converted-to.pdf, id=177, 1152.305pt x 273.02pt>
File: new_figure6-eps-converted-to.pdf Graphic file (type pdf)
<use new_figure6-eps-converted-to.pdf>
Package pdftex.def Info: new_figure6-eps-converted-to.pdf  used on input line 313.
(pdftex.def)             Requested size: 487.8225pt x 115.57996pt.

Underfull \hbox (badness 3291) in paragraph at lines 325--326
[]\OT1/cmr/m/n/10 The percentiles, skew, and kurtosis of the
 []


Underfull \hbox (badness 1077) in paragraph at lines 327--328
\OT1/cmr/m/n/10 By doing this, we reduce the topological feature
 []



[9]
Underfull \hbox (badness 1062) in paragraph at lines 329--330
\OT1/cmr/m/n/10 in Supplementary Materials C, Table 1, and the
 []


Underfull \hbox (badness 2334) in paragraph at lines 329--330
\OT1/cmr/m/n/10 findings, QSDA improves the results for almost
 []


Underfull \hbox (badness 1248) in paragraph at lines 329--330
\OT1/cmr/m/n/10 selection. Furthermore, Gaussian noise generally
 []


Underfull \hbox (badness 1424) in paragraph at lines 331--332
[]\OT1/cmr/m/n/10 Exploring the detected stage boundaries also
 []



Package epstopdf Info: Source file: <new_figure7.eps>
(epstopdf)                    date: 2025-10-07 23:39:31
(epstopdf)                    size: 4391823 bytes
(epstopdf)             Output file: <new_figure7-eps-converted-to.pdf>
(epstopdf)                    date: 2025-10-11 17:29:12
(epstopdf)                    size: 1055996 bytes
(epstopdf)             Command: <miktex-epstopdf --outfile=new_figure7-eps-converted-to.pdf new_figure7.eps>
(epstopdf)             \includegraphics on input line 337.
Package epstopdf Info: Output file is already uptodate.


pdfTeX warning: pdflatex (file ./new_figure7-eps-converted-to.pdf): PDF inclusion: found PDF version <1.5>, but at most version <1.4> allowed
<new_figure7-eps-converted-to.pdf, id=181, 829.0975pt x 398.48875pt>
File: new_figure7-eps-converted-to.pdf Graphic file (type pdf)
<use new_figure7-eps-converted-to.pdf>
Package pdftex.def Info: new_figure7-eps-converted-to.pdf  used on input line 337.
(pdftex.def)             Requested size: 236.68436pt x 113.75288pt.

Underfull \hbox (badness 1466) in paragraph at lines 342--343
\OT1/cmr/m/n/10 of subjects 1 - 3. Although some stages have
 []


Underfull \hbox (badness 1308) in paragraph at lines 342--343
\OT1/cmr/m/n/10 the method is confirmed to be robust based on
 []


Underfull \hbox (badness 2486) in paragraph at lines 342--343
\OT1/cmr/m/n/10 the final quality and being consistent with the
 []



[10 <./new_figure6-eps-converted-to.pdf> <./new_figure7-eps-converted-to.pdf>]
Underfull \hbox (badness 3884) in paragraph at lines 348--349
\OT1/cmr/m/n/10 The latter is a typical external criterion used
 []


Underfull \hbox (badness 1242) in paragraph at lines 348--349
\OT1/cmr/m/n/10 to measure the degree of similarity between two
 []


Underfull \hbox (badness 2573) in paragraph at lines 348--349
\OML/cmm/m/it/10 A \OT1/cmr/m/n/10 = (\OML/cmm/m/it/10 a[]; a[]; [] ; a[]\OT1/cmr/m/n/10 )$ and an expert annotation
 []


Underfull \hbox (badness 1776) in paragraph at lines 366--367
[]\OT1/cmr/m/n/10 Interestingly, based on the results shown in
 []


Underfull \hbox (badness 3098) in paragraph at lines 381--382
[]\OT1/cmr/m/n/10 Next, we present the comprehensive results
 []


Underfull \hbox (badness 4060) in paragraph at lines 381--382
\OT1/cmr/m/n/10 consistently perform worse than the topological
 []




Underfull \hbox (badness 1127) in paragraph at lines 389--390
\OT1/cmr/m/n/10 ones for both datasets. However, the difference
 []


Underfull \hbox (badness 1009) in paragraph at lines 389--390
\OT1/cmr/m/n/10 topological approach may have high potential for
 []



[11]
Package epstopdf Info: Source file: <new_figure8.eps>
(epstopdf)                    date: 2025-10-05 17:31:14
(epstopdf)                    size: 197632 bytes
(epstopdf)             Output file: <new_figure8-eps-converted-to.pdf>
(epstopdf)                    date: 2025-10-11 17:29:13
(epstopdf)                    size: 156868 bytes
(epstopdf)             Command: <miktex-epstopdf --outfile=new_figure8-eps-converted-to.pdf new_figure8.eps>
(epstopdf)             \includegraphics on input line 393.
Package epstopdf Info: Output file is already uptodate.


pdfTeX warning: pdflatex (file ./new_figure8-eps-converted-to.pdf): PDF inclusion: found PDF version <1.5>, but at most version <1.4> allowed
<new_figure8-eps-converted-to.pdf, id=196, 506.89375pt x 217.81375pt>
File: new_figure8-eps-converted-to.pdf Graphic file (type pdf)
<use new_figure8-eps-converted-to.pdf>
Package pdftex.def Info: new_figure8-eps-converted-to.pdf  used on input line 393.
(pdftex.def)             Requested size: 236.68436pt x 101.7011pt.

Underfull \hbox (badness 4927) in paragraph at lines 401--402
\OT1/cmr/m/n/10 In this study, we explored a novel technique
 []


Underfull \hbox (badness 2941) in paragraph at lines 401--402
\OT1/cmr/m/n/10 based on topological data analysis to construct
 []


Underfull \hbox (badness 1540) in paragraph at lines 401--402
\OT1/cmr/m/n/10 comprehensive feature descriptions of time series.
 []


Underfull \hbox (badness 1590) in paragraph at lines 401--402
\OT1/cmr/m/n/10 The algorithm proved to be an effective feature
 []


Underfull \hbox (badness 2990) in paragraph at lines 401--402
\OT1/cmr/m/n/10 meditation practice and 153 PSG recordings of
 []


Underfull \hbox (badness 1009) in paragraph at lines 401--402
\OT1/cmr/m/n/10 expert annotations for most subjects. Moreover,
 []


Underfull \hbox (badness 2409) in paragraph at lines 401--402
\OT1/cmr/m/n/10 results reliable and suggest that the topological
 []


Underfull \hbox (badness 2689) in paragraph at lines 403--404
\OT1/cmr/m/n/10 less similar results, indicating both the loss of
 []




Underfull \hbox (badness 1348) in paragraph at lines 405--406
\OT1/cmr/m/n/10 meditation data, QSDA is an effective technique
 []


Underfull \hbox (badness 1845) in paragraph at lines 405--406
\OT1/cmr/m/n/10 for removing noisy, degenerate features that are
 []


Underfull \hbox (badness 3199) in paragraph at lines 405--406
\OT1/cmr/m/n/10 detrimental to good clusterization of the EEG.
 []


Underfull \hbox (badness 1721) in paragraph at lines 405--406
\OT1/cmr/m/n/10 its results and supports the rationality of using
 []


Underfull \hbox (badness 1348) in paragraph at lines 415--416
\OT1/cmr/m/n/10 with respect to the research, authorship, and/or
 []

(c:\Users\TTPO100AJIEX\Desktop\sdatdav2 - diff\output\new_paper.bbl
Underfull \hbox (badness 1939) in paragraph at lines 11--15
[]\OT1/cmr/m/n/8 Mikhaylets E, Ra-zoren-ova A M, Cherny-shev V, Sy-
 []


Underfull \hbox (badness 1226) in paragraph at lines 11--15
\OT1/cmr/m/n/8 rov N, Yakovlev L, Boytsova J, Koku-rina E, Zhi-
 []


Underfull \hbox (badness 1005) in paragraph at lines 11--15
\OT1/cmr/m/it/8 tiers in Neu-roin-for-mat-ics \OT1/cmr/bx/n/8 17 \OT1/cmr/m/n/8 ISSN 1662-5196 URL
 []



[12 <./new_figure8-eps-converted-to.pdf>]
Underfull \hbox (badness 1931) in paragraph at lines 28--31
[]\OT1/cmr/m/n/8 Heo E and Jung J H 2024 Persistent homology of
 []


Underfull \hbox (badness 10000) in paragraph at lines 33--36
\OT1/cmr/m/n/8 R 2024 Time topo-log-i-cal anal-y-sis of eeg us-
 []


Underfull \hbox (badness 4927) in paragraph at lines 33--36
\OT1/cmr/m/n/8 ing sig-na-ture the-ory (\OT1/cmr/m/it/8 Preprint \OT1/cmtt/m/n/8 2404.15328\OT1/cmr/m/n/8 ) URL
 []


Underfull \hbox (badness 7291) in paragraph at lines 43--46
[]\OT1/cmr/m/n/8 Ost L, di Mon-te-sano S C and Edels-brun-ner H
 []


Underfull \hbox (badness 6477) in paragraph at lines 43--46
\OT1/cmr/m/n/8 2024 Ba-nana trees for the per-sis-tence in time
 []


Underfull \hbox (badness 6978) in paragraph at lines 43--46
\OT1/cmr/m/n/8 se-ries ex-per-i-men-tally (\OT1/cmr/m/it/8 Preprint \OT1/cmtt/m/n/8 2405.17920\OT1/cmr/m/n/8 ) URL
 []


Underfull \hbox (badness 5388) in paragraph at lines 54--58
[]\OT1/cmr/m/n/8 Deng Y, Al-bidah H, Dal-lal A, Yin J and Mao
 []


Underfull \hbox (badness 2726) in paragraph at lines 54--58
\OT1/cmr/m/n/8 ture se-lec-tion frame-work for di-men-sion-al-ity re-duc-
 []


Underfull \hbox (badness 2922) in paragraph at lines 54--58
\OT1/cmr/m/n/8 tion in sleep stag-ing (\OT1/cmr/m/it/8 Preprint \OT1/cmtt/m/n/8 2409.00565\OT1/cmr/m/n/8 ) URL
 []


Underfull \hbox (badness 2119) in paragraph at lines 60--64
[]\OT1/cmr/m/n/8 Gramfort A, Luessi M, Lar-son E, En-ge-mann D A,
 []


Underfull \hbox (badness 3503) in paragraph at lines 60--64
\OT1/cmr/m/n/8 T, Parkko-nen L and H^^?am^^?al^^?ainen M 2013 \OT1/cmr/m/it/8 Fron-
 []


Underfull \hbox (badness 10000) in paragraph at lines 60--64
\OT1/cmr/m/it/8 tiers in Neu-ro-science \OT1/cmr/bx/n/8 7 \OT1/cmr/m/n/8 ISSN 1662-453X URL
 []


Underfull \hbox (badness 5862) in paragraph at lines 80--83
[]\OT1/cmr/m/n/8 Perea J and Harer J 2013 Slid-ing win-dows and
 []


Underfull \hbox (badness 4132) in paragraph at lines 80--83
\OT1/cmr/m/n/8 per-sis-tence: An ap-pli-ca-tion of topo-log-i-cal meth-
 []


Underfull \hbox (badness 2884) in paragraph at lines 80--83
\OT1/cmr/m/n/8 ods to sig-nal anal-y-sis (\OT1/cmr/m/it/8 Preprint \OT1/cmtt/m/n/8 1307.6188\OT1/cmr/m/n/8 ) URL
 []


Underfull \hbox (badness 6876) in paragraph at lines 85--87
[]\OT1/cmr/m/n/8 Kennel M B, Brown R and Abar-banel H D I
 []


Underfull \hbox (badness 10000) in paragraph at lines 85--87
\OT1/cmr/m/n/8 1992 \OT1/cmr/m/it/8 Phys. Rev. A \OT1/cmr/bx/n/8 45\OT1/cmr/m/n/8 (6) 3403--3411 URL
 []


Underfull \hbox (badness 10000) in paragraph at lines 89--91
[]\OT1/cmr/m/n/8 Fraser A M and Swin-ney H L 1986
 []


Underfull \hbox (badness 10000) in paragraph at lines 89--91
\OT1/cmr/m/it/8 Phys. Rev. A \OT1/cmr/bx/n/8 33\OT1/cmr/m/n/8 (2) 1134--1140 URL
 []


Underfull \hbox (badness 10000) in paragraph at lines 105--108
[]\OT1/cmr/m/n/8 Zomorodian A 2010 \OT1/cmr/m/it/8 Com-put-ers & Graph-ics
 []


Underfull \hbox (badness 10000) in paragraph at lines 105--108
\OT1/cmr/bx/n/8 34 \OT1/cmr/m/n/8 263--271 ISSN 0097-8493 shape Mod-elling
 []


Underfull \hbox (badness 10000) in paragraph at lines 105--108
\OT1/cmr/m/n/8 In-ter-na-tional (SMI) Con-fer-ence 2010 URL
 []


Underfull \hbox (badness 2707) in paragraph at lines 110--113
[]\OT1/cmr/m/n/8 Rieser A 2024 A new con-struc-tion of the vietoris-
 []


Underfull \hbox (badness 10000) in paragraph at lines 110--113
\OT1/cmr/m/n/8 rips com-plex (\OT1/cmr/m/it/8 Preprint \OT1/cmtt/m/n/8 2301.07191\OT1/cmr/m/n/8 ) URL
 []




Underfull \hbox (badness 6526) in paragraph at lines 115--118
[]\OT1/cmr/m/n/8 Bauer U 2021 \OT1/cmr/m/it/8 Jour-nal of Ap-plied and Com-pu-ta-
 []


Underfull \hbox (badness 3884) in paragraph at lines 115--118
\OT1/cmr/m/it/8 tional Topol-ogy \OT1/cmr/bx/n/8 5 \OT1/cmr/m/n/8 391--423 ISSN 2367-1734 URL
 []


Underfull \hbox (badness 3058) in paragraph at lines 125--129
[]\OT1/cmr/m/n/8 Rucco M, Castiglione F, Merelli E and Pettini M
 []


Underfull \hbox (badness 2318) in paragraph at lines 131--134
[]\OT1/cmr/m/n/8 Bubenik P 2015 Statistical topological data analysis
 []


Underfull \hbox (badness 2189) in paragraph at lines 136--139
\OT1/cmr/m/n/8 man L 2013 Stochas-tic con-ver-gence of per-sis-tence
 []


Underfull \hbox (badness 10000) in paragraph at lines 152--154
[]\OT1/cmr/m/n/8 Efrat A, Itai A and Katz M J 2001 \OT1/cmr/m/it/8 Al-
 []


Underfull \hbox (badness 10000) in paragraph at lines 152--154
\OT1/cmr/m/it/8 go-rith-mica \OT1/cmr/bx/n/8 31 \OT1/cmr/m/n/8 1--28 ISSN 1432-0541 URL
 []


Underfull \hbox (badness 7186) in paragraph at lines 163--166
\OT1/cmr/m/n/8 form man-i-fold ap-prox-i-ma-tion and pro-jec-tion for
 []


Underfull \hbox (badness 10000) in paragraph at lines 163--166
\OT1/cmr/m/n/8 di-men-sion re-duc-tion (\OT1/cmr/m/it/8 Preprint \OT1/cmtt/m/n/8 1802.03426\OT1/cmr/m/n/8 ) URL
 []


Underfull \hbox (badness 2409) in paragraph at lines 178--181
\OT1/cmr/m/it/8 American Statistical Association \OT1/cmr/bx/n/8 78 \OT1/cmr/m/n/8 553--569 URL
 []

)

[13] (c:\Users\TTPO100AJIEX\Desktop\sdatdav2 - diff\output\new_paper.aux)
 ***********
LaTeX2e <2024-11-01> patch level 2
L3 programming layer <2025-01-18>
 ***********
 ) 
Here is how much of TeX's memory you used:
 1710 strings out of 473530
 26617 string characters out of 5724393
 435963 words of memory out of 5000000
 24963 multiletter control sequences out of 15000+600000
 563392 words of font info for 51 fonts, out of 8000000 for 9000
 1141 hyphenation exceptions out of 8191
 57i,9n,65p,1524b,498s stack positions out of 10000i,1000n,20000p,200000b,200000s
<D:/Programs/Other/MikTex/fonts/type1/public/amsfonts/cm/cmbx10.pfb><D:/Programs/Other/MikTex/fonts/type1/public/amsfonts/cm/cmbx12.pfb><D:/Programs/Other/MikTex/fonts/type1/public/amsfonts/cm/cmbx8.pfb><D:/Programs/Other/MikTex/fonts/type1/public/amsfonts/cm/cmex10.pfb><D:/Programs/Other/MikTex/fonts/type1/public/amsfonts/cm/cmmi10.pfb><D:/Programs/Other/MikTex/fonts/type1/public/amsfonts/cm/cmmi5.pfb><D:/Programs/Other/MikTex/fonts/type1/public/amsfonts/cm/cmmi7.pfb><D:/Programs/Other/MikTex/fonts/type1/public/amsfonts/cm/cmmi8.pfb><D:/Programs/Other/MikTex/fonts/type1/public/amsfonts/cm/cmr10.pfb><D:/Programs/Other/MikTex/fonts/type1/public/amsfonts/cm/cmr7.pfb><D:/Programs/Other/MikTex/fonts/type1/public/amsfonts/cm/cmr8.pfb><D:/Programs/Other/MikTex/fonts/type1/public/amsfonts/cm/cmr9.pfb><D:/Programs/Other/MikTex/fonts/type1/public/amsfonts/cm/cmsy10.pfb><D:/Programs/Other/MikTex/fonts/type1/public/amsfonts/cm/cmsy7.pfb><D:/Programs/Other/MikTex/fonts/type1/public/amsfonts/cm/cmsy8.pfb><D:/Programs/Other/MikTex/fonts/type1/public/amsfonts/cm/cmti10.pfb><D:/Programs/Other/MikTex/fonts/type1/public/amsfonts/cm/cmti8.pfb><D:/Programs/Other/MikTex/fonts/type1/public/amsfonts/cm/cmti9.pfb><D:/Programs/Other/MikTex/fonts/type1/public/amsfonts/cm/cmtt8.pfb>
Output written on "c:\Users\TTPO100AJIEX\Desktop\sdatdav2 - diff\output\new_paper.pdf" (13 pages, 8782177 bytes).
PDF statistics:
 286 PDF objects out of 1000 (max. 8388607)
 0 named destinations out of 1000 (max. 500000)
 41 words of extra memory for PDF output out of 10000 (max. 10000000)

