This is pdfTeX, Version 3.141592653-2.6-1.40.26 (MiKTeX 24.4) (preloaded format=pdflatex 2025.2.15)  25 JUL 2026 21:19
entering extended mode
 \write18 enabled.
 file:line:error style messages enabled.
 %&-line parsing enabled.
**"c:/Users/TTPO100AJIEX/Desktop/sdatdav4_revise2/sn-article copy.tex"
(c:/Users/TTPO100AJIEX/Desktop/sdatdav4_revise2/sn-article copy.tex
LaTeX2e <2024-11-01> patch level 2
L3 programming layer <2025-01-18>
(sn-jnl.cls
Document Class: sn-jnl 2019/11/18 v0.1: An authoring template for Springer Journal articles
(D:\Programs\Other\MikTex\tex/latex/base\article.cls
Document Class: article 2024/06/29 v1.4n Standard LaTeX document class
(D:\Programs\Other\MikTex\tex/latex/base\fleqn.clo
File: fleqn.clo 2016/12/29 v1.2b Standard LaTeX option (flush left equations)
\mathindent=\skip49
Applying: [2015/01/01] Make \[ robust on input line 50.
LaTeX Info: Redefining \[ on input line 51.
Already applied: [0000/00/00] Make \[ robust on input line 62.
Applying: [2015/01/01] Make \] robust on input line 74.
LaTeX Info: Redefining \] on input line 75.
Already applied: [0000/00/00] Make \] robust on input line 83.
) (D:\Programs\Other\MikTex\tex/latex/base\size10.clo
File: size10.clo 2024/06/29 v1.4n Standard LaTeX file (size option)
)
\c@part=\count196
\c@section=\count197
\c@subsection=\count198
\c@subsubsection=\count199
\c@paragraph=\count266
\c@subparagraph=\count267
\c@figure=\count268
\c@table=\count269
\abovecaptionskip=\skip50
\belowcaptionskip=\skip51
\bibindent=\dimen141
)
LaTeX Info: Redefining \rm on input line 146.
LaTeX Info: Redefining \sf on input line 147.
LaTeX Info: Redefining \tt on input line 148.
LaTeX Info: Redefining \bf on input line 149.
LaTeX Info: Redefining \it on input line 150.
LaTeX Info: Redefining \sl on input line 151.
LaTeX Info: Redefining \sc on input line 152.
LaTeX Info: Redefining \cal on input line 153.
LaTeX Info: Redefining \mit on input line 154.
LaTeX Info: Redefining \textsubscript on input line 212.
\columnhsize=\skip52
 (D:\Programs\Other\MikTex\tex/latex/geometry\geometry.sty
Package: geometry 2020/01/02 v5.9 Page Geometry
 (D:\Programs\Other\MikTex\tex/latex/graphics\keyval.sty
Package: keyval 2022/05/29 v1.15 key=value parser (DPC)
\KV@toks@=\toks17
) (D:\Programs\Other\MikTex\tex/generic/iftex\ifvtex.sty
Package: ifvtex 2019/10/25 v1.7 ifvtex legacy package. Use iftex instead.
 (D:\Programs\Other\MikTex\tex/generic/iftex\iftex.sty
Package: iftex 2024/12/12 v1.0g TeX engine tests
))
\Gm@cnth=\count270
\Gm@cntv=\count271
\c@Gm@tempcnt=\count272
\Gm@bindingoffset=\dimen142
\Gm@wd@mp=\dimen143
\Gm@odd@mp=\dimen144
\Gm@even@mp=\dimen145
\Gm@layoutwidth=\dimen146
\Gm@layoutheight=\dimen147
\Gm@layouthoffset=\dimen148
\Gm@layoutvoffset=\dimen149
\Gm@dimlist=\toks18
 (D:\Programs\Other\MikTex\tex/latex/geometry\geometry.cfg))
\artcatbox=\box52
\aucount=\count273
\corraucount=\count274
\punctcount=\count275
\emailcnt=\count276
\c@affn=\count277
\addcount=\count278
\PacsCount=\count279
\PacsTmpCnt=\count280
\FMremarkdim=\dimen150
\fmremarkbox=\box53
 (D:\Programs\Other\MikTex\tex/latex/sttools\cuted.sty
Package: cuted 2021/10/04 v2.0 Mixing onecolumn and twocolumn modes
\At@ViperColsBreak=\toks19
\preCutedStrip=\toks20
\postCutedStrip=\toks21
\cuted@@tempbox@a=\box54
\cuted@@tempbox@c=\box55
\cuted@@tempbox@var=\box56
\hold@viper=\box57
\@viper=\box58
\cuted@@varbox@a=\box59
\cuted@@varbox@c=\box60
\cuted@@tempdim@spread=\dimen151
\cuted@@tempdim@a=\dimen152
\cuted@@tempdim@b=\dimen153
\ht@hold@viper=\dimen154
\ht@viper=\dimen155
\var@@pagediscards@ht=\dimen156
\stripsep=\skip53
\viper@penalty=\count281
)
\firstpagehtcheck=\dimen157
\labelwidthi=\dimen158
\labelwidthii=\dimen159
\labelwidthiii=\dimen160
\labelwidthiv=\dimen161
\figwidth=\dimen162
\figheight=\dimen163
\sidecapwidth=\dimen164
\wrapcapline=\dimen165
\totalwrapline=\dimen166
\wraptotline=\dimen167
\figurebox=\box61
\wrapfigcapbox=\box62
\figcapbox=\box63
\capbox=\box64
\headwidthskip=\skip54
\tabcapbox=\box65
\temptbox=\box66
\tempdime=\dimen168
\tabhtdime=\dimen169
 (D:\Programs\Other\MikTex\tex/latex/graphics\rotating.sty
Package: rotating 2016/08/11 v2.16d rotated objects in LaTeX
 (D:\Programs\Other\MikTex\tex/latex/graphics\graphicx.sty
Package: graphicx 2021/09/16 v1.2d Enhanced LaTeX Graphics (DPC,SPQR)
 (D:\Programs\Other\MikTex\tex/latex/graphics\graphics.sty
Package: graphics 2024/08/06 v1.4g Standard LaTeX Graphics (DPC,SPQR)
 (D:\Programs\Other\MikTex\tex/latex/graphics\trig.sty
Package: trig 2023/12/02 v1.11 sin cos tan (DPC)
) (D:\Programs\Other\MikTex\tex/latex/graphics-cfg\graphics.cfg
File: graphics.cfg 2016/06/04 v1.11 sample graphics configuration
)
Package graphics Info: Driver file: pdftex.def on input line 106.
 (D:\Programs\Other\MikTex\tex/latex/graphics-def\pdftex.def
File: pdftex.def 2024/04/13 v1.2c Graphics/color driver for pdftex
))
\Gin@req@height=\dimen170
\Gin@req@width=\dimen171
) (D:\Programs\Other\MikTex\tex/latex/base\ifthen.sty
Package: ifthen 2024/03/16 v1.1e Standard LaTeX ifthen package (DPC)
)
\c@r@tfl@t=\count282
\rotFPtop=\skip55
\rotFPbot=\skip56
\rot@float@box=\box67
\rot@mess@toks=\toks22
) (D:\Programs\Other\MikTex\tex/latex/threeparttable\threeparttable.sty
Package: threeparttable 2003/06/13  v 3.0
\@tempboxb=\box68
) (D:\Programs\Other\MikTex\tex/latex/appendix\appendix.sty
Package: appendix 2020/02/08 v1.2c extra appendix facilities
\c@@pps=\count283
\c@@ppsavesec=\count284
\c@@ppsaveapp=\count285
) (D:\Programs\Other\MikTex\tex/latex/hyperref\hyperref.sty
Package: hyperref 2024-11-05 v7.01l Hypertext links for LaTeX
 (D:\Programs\Other\MikTex\tex/latex/kvsetkeys\kvsetkeys.sty
Package: kvsetkeys 2022-10-05 v1.19 Key value parser (HO)
) (D:\Programs\Other\MikTex\tex/generic/kvdefinekeys\kvdefinekeys.sty
Package: kvdefinekeys 2019-12-19 v1.6 Define keys (HO)
) (D:\Programs\Other\MikTex\tex/generic/pdfescape\pdfescape.sty
Package: pdfescape 2019/12/09 v1.15 Implements pdfTeX's escape features (HO)
 (D:\Programs\Other\MikTex\tex/generic/ltxcmds\ltxcmds.sty
Package: ltxcmds 2023-12-04 v1.26 LaTeX kernel commands for general use (HO)
) (D:\Programs\Other\MikTex\tex/generic/pdftexcmds\pdftexcmds.sty
Package: pdftexcmds 2020-06-27 v0.33 Utility functions of pdfTeX for LuaTeX (HO)
 (D:\Programs\Other\MikTex\tex/generic/infwarerr\infwarerr.sty
Package: infwarerr 2019/12/03 v1.5 Providing info/warning/error messages (HO)
)
Package pdftexcmds Info: \pdf@primitive is available.
Package pdftexcmds Info: \pdf@ifprimitive is available.
Package pdftexcmds Info: \pdfdraftmode found.
)) (D:\Programs\Other\MikTex\tex/latex/hycolor\hycolor.sty
Package: hycolor 2020-01-27 v1.10 Color options for hyperref/bookmark (HO)
) (D:\Programs\Other\MikTex\tex/latex/hyperref\nameref.sty
Package: nameref 2023-11-26 v2.56 Cross-referencing by name of section
 (D:\Programs\Other\MikTex\tex/latex/refcount\refcount.sty
Package: refcount 2019/12/15 v3.6 Data extraction from label references (HO)
) (D:\Programs\Other\MikTex\tex/generic/gettitlestring\gettitlestring.sty
Package: gettitlestring 2019/12/15 v1.6 Cleanup title references (HO)
 (D:\Programs\Other\MikTex\tex/latex/kvoptions\kvoptions.sty
Package: kvoptions 2022-06-15 v3.15 Key value format for package options (HO)
))
\c@section@level=\count286
) (D:\Programs\Other\MikTex\tex/latex/etoolbox\etoolbox.sty
Package: etoolbox 2020/10/05 v2.5k e-TeX tools for LaTeX (JAW)
\etb@tempcnta=\count287
) (D:\Programs\Other\MikTex\tex/generic/stringenc\stringenc.sty
Package: stringenc 2019/11/29 v1.12 Convert strings between diff. encodings (HO)
)
\@linkdim=\dimen172
\Hy@linkcounter=\count288
\Hy@pagecounter=\count289
 (D:\Programs\Other\MikTex\tex/latex/hyperref\pd1enc.def
File: pd1enc.def 2024-11-05 v7.01l Hyperref: PDFDocEncoding definition (HO)
Now handling font encoding PD1 ...
... no UTF-8 mapping file for font encoding PD1
) (D:\Programs\Other\MikTex\tex/generic/intcalc\intcalc.sty
Package: intcalc 2019/12/15 v1.3 Expandable calculations with integers (HO)
)
\Hy@SavedSpaceFactor=\count290
 (D:\Programs\Other\MikTex\tex/latex/hyperref\puenc.def
File: puenc.def 2024-11-05 v7.01l Hyperref: PDF Unicode definition (HO)
Now handling font encoding PU ...
... no UTF-8 mapping file for font encoding PU
)
Package hyperref Info: Hyper figures OFF on input line 4157.
Package hyperref Info: Link nesting OFF on input line 4162.
Package hyperref Info: Hyper index ON on input line 4165.
Package hyperref Info: Plain pages OFF on input line 4172.
Package hyperref Info: Backreferencing OFF on input line 4177.
Package hyperref Info: Implicit mode ON; LaTeX internals redefined.
Package hyperref Info: Bookmarks ON on input line 4424.
\c@Hy@tempcnt=\count291
 (D:\Programs\Other\MikTex\tex/latex/url\url.sty
\Urlmuskip=\muskip17
Package: url 2013/09/16  ver 3.4  Verb mode for urls, etc.
)
LaTeX Info: Redefining \url on input line 4763.
\XeTeXLinkMargin=\dimen173
 (D:\Programs\Other\MikTex\tex/generic/bitset\bitset.sty
Package: bitset 2019/12/09 v1.3 Handle bit-vector datatype (HO)
 (D:\Programs\Other\MikTex\tex/generic/bigintcalc\bigintcalc.sty
Package: bigintcalc 2019/12/15 v1.5 Expandable calculations on big integers (HO)
))
\Fld@menulength=\count292
\Field@Width=\dimen174
\Fld@charsize=\dimen175
Package hyperref Info: Hyper figures OFF on input line 6042.
Package hyperref Info: Link nesting OFF on input line 6047.
Package hyperref Info: Hyper index ON on input line 6050.
Package hyperref Info: backreferencing OFF on input line 6057.
Package hyperref Info: Link coloring OFF on input line 6062.
Package hyperref Info: Link coloring with OCG OFF on input line 6067.
Package hyperref Info: PDF/A mode OFF on input line 6072.
 (D:\Programs\Other\MikTex\tex/latex/base\atbegshi-ltx.sty
Package: atbegshi-ltx 2021/01/10 v1.0c Emulation of the original atbegshi
package with kernel methods
)
\Hy@abspage=\count293
\c@Item=\count294
\c@Hfootnote=\count295
)
Package hyperref Info: Driver (autodetected): hpdftex.
 (D:\Programs\Other\MikTex\tex/latex/hyperref\hpdftex.def
File: hpdftex.def 2024-11-05 v7.01l Hyperref driver for pdfTeX
 (D:\Programs\Other\MikTex\tex/latex/base\atveryend-ltx.sty
Package: atveryend-ltx 2020/08/19 v1.0a Emulation of the original atveryend package
with kernel methods
)
\Fld@listcount=\count296
\c@bookmark@seq@number=\count297
 (D:\Programs\Other\MikTex\tex/latex/rerunfilecheck\rerunfilecheck.sty
Package: rerunfilecheck 2025-06-21 v1.11 Rerun checks for auxiliary files (HO)
 (D:\Programs\Other\MikTex\tex/generic/uniquecounter\uniquecounter.sty
Package: uniquecounter 2019/12/15 v1.4 Provide unlimited unique counter (HO)
)
Package uniquecounter Info: New unique counter `rerunfilecheck' on input line 284.
)
\Hy@SectionHShift=\skip57
)
Package hyperref Info: Option `colorlinks' set `true' on input line 1471.
Package hyperref Info: Option `breaklinks' set `true' on input line 1471.
Package hyperref Info: Option `plainpages' set `false' on input line 1471.
Package hyperref Info: Option `bookmarksopen' set `true' on input line 1471.
Package hyperref Info: Option `bookmarksnumbered' set `false' on input line 1471.
 (D:\Programs\Other\MikTex\tex/latex/wrapfig\wrapfig.sty
\wrapoverhang=\dimen176
\WF@size=\dimen177
\c@WF@wrappedlines=\count298
\WF@box=\box69
\WF@everypar=\toks23
Package: wrapfig 2003/01/31  v 3.6
)
\wraplines=\count299
\@authorfigbox=\box70
\@authorfigboxdim=\skip58
\biofigadjskip=\skip59
 (D:\Programs\Other\MikTex\tex/latex/amscls\amsthm.sty
Package: amsthm 2020/05/29 v2.20.6
\thm@style=\toks24
\thm@bodyfont=\toks25
\thm@headfont=\toks26
\thm@notefont=\toks27
\thm@headpunct=\toks28
\thm@preskip=\skip60
\thm@postskip=\skip61
\thm@headsep=\skip62
\dth@everypar=\toks29
) (D:\Programs\Other\MikTex\tex/latex/base\fix-cm.sty
Package: fix-cm 2020/11/24 v1.1t fixes to LaTeX
 (D:\Programs\Other\MikTex\tex/latex/base\ts1enc.def
File: ts1enc.def 2001/06/05 v3.0e (jk/car/fm) Standard LaTeX file
LaTeX Font Info:    Redeclaring font encoding TS1 on input line 47.
)) (D:\Programs\Other\MikTex\tex/latex/natbib\natbib.sty
Package: natbib 2010/09/13 8.31b (PWD, AO)
\bibhang=\skip63
\bibsep=\skip64
LaTeX Info: Redefining \cite on input line 694.
\c@NAT@ctr=\count300
)) (D:\Programs\Other\MikTex\tex/latex/multirow\multirow.sty
Package: multirow 2024/11/12 v2.9 Span multiple rows of a table
\multirow@colwidth=\skip65
\multirow@cntb=\count301
\multirow@dima=\skip66
\bigstrutjot=\dimen178
) (D:\Programs\Other\MikTex\tex/latex/amsmath\amsmath.sty
Package: amsmath 2024/11/05 v2.17t AMS math features
\@mathmargin=\skip67

For additional information on amsmath, use the `?' option.
(D:\Programs\Other\MikTex\tex/latex/amsmath\amstext.sty
Package: amstext 2021/08/26 v2.01 AMS text
 (D:\Programs\Other\MikTex\tex/latex/amsmath\amsgen.sty
File: amsgen.sty 1999/11/30 v2.0 generic functions
\@emptytoks=\toks30
\ex@=\dimen179
)) (D:\Programs\Other\MikTex\tex/latex/amsmath\amsbsy.sty
Package: amsbsy 1999/11/29 v1.2d Bold Symbols
\pmbraise@=\dimen180
) (D:\Programs\Other\MikTex\tex/latex/amsmath\amsopn.sty
Package: amsopn 2022/04/08 v2.04 operator names
)
\inf@bad=\count302
LaTeX Info: Redefining \frac on input line 233.
\uproot@=\count303
\leftroot@=\count304
LaTeX Info: Redefining \overline on input line 398.
LaTeX Info: Redefining \colon on input line 409.
\classnum@=\count305
\DOTSCASE@=\count306
LaTeX Info: Redefining \ldots on input line 495.
LaTeX Info: Redefining \dots on input line 498.
LaTeX Info: Redefining \cdots on input line 619.
\Mathstrutbox@=\box71
\strutbox@=\box72
LaTeX Info: Redefining \big on input line 721.
LaTeX Info: Redefining \Big on input line 722.
LaTeX Info: Redefining \bigg on input line 723.
LaTeX Info: Redefining \Bigg on input line 724.
\big@size=\dimen181
LaTeX Font Info:    Redeclaring font encoding OML on input line 742.
LaTeX Font Info:    Redeclaring font encoding OMS on input line 743.
\macc@depth=\count307
LaTeX Info: Redefining \bmod on input line 904.
LaTeX Info: Redefining \pmod on input line 909.
LaTeX Info: Redefining \smash on input line 939.
LaTeX Info: Redefining \relbar on input line 969.
LaTeX Info: Redefining \Relbar on input line 970.
\c@MaxMatrixCols=\count308
\dotsspace@=\muskip18
\c@parentequation=\count309
\dspbrk@lvl=\count310
\tag@help=\toks31
\row@=\count311
\column@=\count312
\maxfields@=\count313
\andhelp@=\toks32
\eqnshift@=\dimen182
\alignsep@=\dimen183
\tagshift@=\dimen184
\tagwidth@=\dimen185
\totwidth@=\dimen186
\lineht@=\dimen187
\@envbody=\toks33
\multlinegap=\skip68
\multlinetaggap=\skip69
\mathdisplay@stack=\toks34
LaTeX Info: Redefining \[ on input line 2953.
LaTeX Info: Redefining \] on input line 2954.
) (D:\Programs\Other\MikTex\tex/latex/amsfonts\amssymb.sty
Package: amssymb 2013/01/14 v3.01 AMS font symbols
 (D:\Programs\Other\MikTex\tex/latex/amsfonts\amsfonts.sty
Package: amsfonts 2013/01/14 v3.01 Basic AMSFonts support
\symAMSa=\mathgroup4
\symAMSb=\mathgroup5
LaTeX Font Info:    Redeclaring math symbol \hbar on input line 98.
LaTeX Font Info:    Overwriting math alphabet `\mathfrak' in version `bold'
(Font)                  U/euf/m/n --> U/euf/b/n on input line 106.
)) (D:\Programs\Other\MikTex\tex/latex/jknappen\mathrsfs.sty
Package: mathrsfs 1996/01/01 Math RSFS package v1.0 (jk)
\symrsfs=\mathgroup6
) (D:\Programs\Other\MikTex\tex/latex/xcolor\xcolor.sty
Package: xcolor 2024/09/29 v3.02 LaTeX color extensions (UK)
 (D:\Programs\Other\MikTex\tex/latex/graphics-cfg\color.cfg
File: color.cfg 2016/01/02 v1.6 sample color configuration
)
Package xcolor Info: Driver file: pdftex.def on input line 274.
 (D:\Programs\Other\MikTex\tex/latex/graphics\mathcolor.ltx)
Package xcolor Info: Model `cmy' substituted by `cmy0' on input line 1349.
Package xcolor Info: Model `hsb' substituted by `rgb' on input line 1353.
Package xcolor Info: Model `RGB' extended on input line 1365.
Package xcolor Info: Model `HTML' substituted by `rgb' on input line 1367.
Package xcolor Info: Model `Hsb' substituted by `hsb' on input line 1368.
Package xcolor Info: Model `tHsb' substituted by `hsb' on input line 1369.
Package xcolor Info: Model `HSB' substituted by `hsb' on input line 1370.
Package xcolor Info: Model `Gray' substituted by `gray' on input line 1371.
Package xcolor Info: Model `wave' substituted by `hsb' on input line 1372.
) (D:\Programs\Other\MikTex\tex/latex/base\textcomp.sty
Package: textcomp 2024/04/24 v2.1b Standard LaTeX package
) (D:\Programs\Other\MikTex\tex/latex/ncctools\manyfoot.sty
Package: manyfoot 2019/08/03 v1.11 Many Footnote Levels Package (NCC)
 (D:\Programs\Other\MikTex\tex/latex/ncctools\nccfoots.sty
Package: nccfoots 2005/02/03 v1.2 NCC Footnotes Package (NCC)
)
\MFL@columnwidth=\dimen188
) (D:\Programs\Other\MikTex\tex/latex/booktabs\booktabs.sty
Package: booktabs 2020/01/12 v1.61803398 Publication quality tables
\heavyrulewidth=\dimen189
\lightrulewidth=\dimen190
\cmidrulewidth=\dimen191
\belowrulesep=\dimen192
\belowbottomsep=\dimen193
\aboverulesep=\dimen194
\abovetopsep=\dimen195
\cmidrulesep=\dimen196
\cmidrulekern=\dimen197
\defaultaddspace=\dimen198
\@cmidla=\count314
\@cmidlb=\count315
\@aboverulesep=\dimen199
\@belowrulesep=\dimen256
\@thisruleclass=\count316
\@lastruleclass=\count317
\@thisrulewidth=\dimen257
) (D:\Programs\Other\MikTex\tex/latex/algorithms\algorithm.sty
Package: algorithm 2009/08/24 v0.1 Document Style `algorithm' - floating environment
 (D:\Programs\Other\MikTex\tex/latex/float\float.sty
Package: float 2001/11/08 v1.3d Float enhancements (AL)
\c@float@type=\count318
\float@exts=\toks35
\float@box=\box73
\@float@everytoks=\toks36
\@floatcapt=\box74
)
\@float@every@algorithm=\toks37
\c@algorithm=\count319
) (D:\Programs\Other\MikTex\tex/latex/algorithmicx\algorithmicx.sty
Package: algorithmicx 2005/04/27 v1.2 Algorithmicx

Document Style algorithmicx 1.2 - a greatly improved `algorithmic' style
\c@ALG@line=\count320
\c@ALG@rem=\count321
\c@ALG@nested=\count322
\ALG@tlm=\skip70
\ALG@thistlm=\skip71
\c@ALG@Lnr=\count323
\c@ALG@blocknr=\count324
\c@ALG@storecount=\count325
\c@ALG@tmpcounter=\count326
\ALG@tmplength=\skip72
) (D:\Programs\Other\MikTex\tex/latex/algorithmicx\algpseudocode.sty
Package: algpseudocode 

Document Style - pseudocode environments for use with the `algorithmicx' style
) (D:\Programs\Other\MikTex\tex/latex/listings\listings.sty
\lst@mode=\count327
\lst@gtempboxa=\box75
\lst@token=\toks38
\lst@length=\count328
\lst@currlwidth=\dimen258
\lst@column=\count329
\lst@pos=\count330
\lst@lostspace=\dimen259
\lst@width=\dimen260
\lst@newlines=\count331
\lst@lineno=\count332
\lst@maxwidth=\dimen261
 (D:\Programs\Other\MikTex\tex/latex/listings\lstpatch.sty
File: lstpatch.sty 2024/09/23 1.10c (Carsten Heinz)
) (D:\Programs\Other\MikTex\tex/latex/listings\lstmisc.sty
File: lstmisc.sty 2024/09/23 1.10c (Carsten Heinz)
\c@lstnumber=\count333
\lst@skipnumbers=\count334
\lst@framebox=\box76
) (D:\Programs\Other\MikTex\tex/latex/listings\listings.cfg
File: listings.cfg 2024/09/23 1.10c listings configuration
))
Package: listings 2024/09/23 1.10c (Carsten Heinz)
 (D:\Programs\Other\MikTex\tex/latex/l3backend\l3backend-pdftex.def
File: l3backend-pdftex.def 2024-05-08 L3 backend support: PDF output (pdfTeX)
\l__color_backend_stack_int=\count335
\l__pdf_internal_box=\box77
) (c:\Users\TTPO100AJIEX\Desktop\sdatdav4_revise2\output\sn-article copy.aux)
\openout1 = `"sn-article copy.aux"'.

LaTeX Font Info:    Checking defaults for OML/cmm/m/it on input line 20.
LaTeX Font Info:    ... okay on input line 20.
LaTeX Font Info:    Checking defaults for OMS/cmsy/m/n on input line 20.
LaTeX Font Info:    ... okay on input line 20.
LaTeX Font Info:    Checking defaults for OT1/cmr/m/n on input line 20.
LaTeX Font Info:    ... okay on input line 20.
LaTeX Font Info:    Checking defaults for T1/cmr/m/n on input line 20.
LaTeX Font Info:    ... okay on input line 20.
LaTeX Font Info:    Checking defaults for TS1/cmr/m/n on input line 20.
LaTeX Font Info:    ... okay on input line 20.
LaTeX Font Info:    Checking defaults for OMX/cmex/m/n on input line 20.
LaTeX Font Info:    ... okay on input line 20.
LaTeX Font Info:    Checking defaults for U/cmr/m/n on input line 20.
LaTeX Font Info:    ... okay on input line 20.
LaTeX Font Info:    Checking defaults for PD1/pdf/m/n on input line 20.
LaTeX Font Info:    ... okay on input line 20.
LaTeX Font Info:    Checking defaults for PU/pdf/m/n on input line 20.
LaTeX Font Info:    ... okay on input line 20.

*geometry* driver: auto-detecting
*geometry* detected driver: pdftex
*geometry* verbose mode - [ preamble ] result:
* driver: pdftex
* paper: custom
* layout: <same size as paper>
* layoutoffset:(h,v)=(0.0pt,0.0pt)
* bindingoffset: 17.07164pt
* modes: twoside 
* h-part:(L,W,R)=(83.37448pt, 372.0pt, 125.06175pt)
* v-part:(T,H,B)=(73.97716pt, 552.69478pt, 218.37491pt)
* \paperwidth=597.50787pt
* \paperheight=845.04684pt
* \textwidth=372.0pt
* \textheight=552.69478pt
* \oddsidemargin=28.17613pt
* \evensidemargin=52.79176pt
* \topmargin=-19.72638pt
* \headheight=5.5pt
* \headsep=15.93355pt
* \topskip=10.0pt
* \footskip=28.45274pt
* \marginparwidth=34.1433pt
* \marginparsep=14.22636pt
* \columnsep=14.22636pt
* \skip\footins=8.0pt plus 4.0pt
* \hoffset=0.0pt
* \voffset=0.0pt
* \mag=1000
* \@twocolumnfalse
* \@twosidetrue
* \@mparswitchtrue
* \@reversemargintrue
* (1in=72.27pt=25.4mm, 1cm=28.453pt)

(D:\Programs\Other\MikTex\tex/context/base/mkii\supp-pdf.mkii
[Loading MPS to PDF converter (version 2006.09.02).]
\scratchcounter=\count336
\scratchdimen=\dimen262
\scratchbox=\box78
\nofMPsegments=\count337
\nofMParguments=\count338
\everyMPshowfont=\toks39
\MPscratchCnt=\count339
\MPscratchDim=\dimen263
\MPnumerator=\count340
\makeMPintoPDFobject=\count341
\everyMPtoPDFconversion=\toks40
) (D:\Programs\Other\MikTex\tex/latex/epstopdf-pkg\epstopdf-base.sty
Package: epstopdf-base 2020-01-24 v2.11 Base part for package epstopdf
Package epstopdf-base Info: Redefining graphics rule for `.eps' on input line 485.
 (D:\Programs\Other\MikTex\tex/latex/00miktex\epstopdf-sys.cfg
File: epstopdf-sys.cfg 2021/03/18 v2.0 Configuration of epstopdf for MiKTeX
))
LaTeX Info: Redefining \S on input line 20.
LaTeX Font Info:    Redeclaring symbol font `AMSa' on input line 20.
LaTeX Font Info:    Overwriting symbol font `AMSa' in version `normal'
(Font)                  U/msa/m/n --> U/msa/m/n on input line 20.
LaTeX Font Info:    Overwriting symbol font `AMSa' in version `bold'
(Font)                  U/msa/m/n --> U/msa/m/n on input line 20.
Package hyperref Info: Link coloring ON on input line 20.
 (c:\Users\TTPO100AJIEX\Desktop\sdatdav4_revise2\output\sn-article copy.out) (c:\Users\TTPO100AJIEX\Desktop\sdatdav4_revise2\output\sn-article copy.out)
\@outlinefile=\write3
\openout3 = `"sn-article copy.out"'.

\c@lstlisting=\count342
LaTeX Font Info:    Calculating math sizes for size <12.045> on input line 39.
LaTeX Font Info:    Trying to load font information for U+msa on input line 39.
 (D:\Programs\Other\MikTex\tex/latex/amsfonts\umsa.fd
File: umsa.fd 2013/01/14 v3.01 AMS symbols A
)
LaTeX Font Info:    Trying to load font information for U+msb on input line 39.
 (D:\Programs\Other\MikTex\tex/latex/amsfonts\umsb.fd
File: umsb.fd 2013/01/14 v3.01 AMS symbols B
)
LaTeX Font Info:    Trying to load font information for U+rsfs on input line 39.
 (D:\Programs\Other\MikTex\tex/latex/jknappen\ursfs.fd
File: ursfs.fd 1998/03/24 rsfs font definition file (jk)
)

LaTeX Font Warning: Font shape `U/rsfs/m/n' in size <8.43146> not available
(Font)              size <8> substituted on input line 39.

LaTeX Font Info:    Calculating math sizes for size <11.04124> on input line 39.

LaTeX Font Warning: Font shape `U/rsfs/m/n' in size <5.52061> not available
(Font)              size <6> substituted on input line 39.

LaTeX Font Info:    Calculating math sizes for size <10.03749> on input line 39.



Underfull \vbox (badness 10000) has occurred while \output is active []

 [1

{C:/Users/TTPO100AJIEX/AppData/Local/MiKTeX/fonts/map/pdftex/pdftex.map}]

Package natbib Warning: Citation `AGHAYENGEJEH2025100792' on page 2 undefined on input line 44.


Package natbib Warning: Citation `POURHAJIAGHAYENGEJEH2026114975' on page 2 undefined on input line 44.


Package natbib Warning: Citation `SDA' on page 2 undefined on input line 44.


Package natbib Warning: Citation `chazal2024topologicalanalysisdetectinganomalies' on page 2 undefined on input line 48.


Package natbib Warning: Citation `rai2024identifyingextremeeventsstock' on page 2 undefined on input line 48.


Package natbib Warning: Citation `heo2024persistenthomologyfeaturedtime' on page 2 undefined on input line 48.


Package natbib Warning: Citation `chrétien2024timetopologicalanalysiseeg' on page 2 undefined on input line 48.


Package natbib Warning: Citation `cai2024topologicalfeaturesearchmethod' on page 2 undefined on input line 48.


Package natbib Warning: Citation `deng2024twostagehierarchicalexplainablefeature' on page 2 undefined on input line 48.


Package natbib Warning: Citation `10.3389/fnins.2021.761703' on page 2 undefined on input line 50.




Underfull \vbox (badness 10000) has occurred while \output is active []

 [2]

Package natbib Warning: Citation `SDA' on page 3 undefined on input line 62.


Package natbib Warning: Citation `SDA' on page 3 undefined on input line 64.


Package natbib Warning: Citation `SleepEdf' on page 3 undefined on input line 70.


Package natbib Warning: Citation `PhysioNet' on page 3 undefined on input line 70.




Underfull \vbox (badness 10000) has occurred while \output is active []

 [3]

Package natbib Warning: Citation `SDA' on page 4 undefined on input line 77.




Underfull \vbox (badness 10000) has occurred while \output is active []

 [4]

Package natbib Warning: Citation `10.1007/BFb0091924' on page 5 undefined on input line 89.


Package natbib Warning: Citation `perea2013slidingwindowspersistenceapplication' on page 5 undefined on input line 89.


Package natbib Warning: Citation `PhysRevA.33.1134' on page 5 undefined on input line 89.


Package natbib Warning: Citation `PhysRevA.45.3403' on page 5 undefined on input line 89.


Package natbib Warning: Citation `Vietoris1927' on page 5 undefined on input line 91.


Package natbib Warning: Citation `Bauer_2021' on page 5 undefined on input line 91.


Package natbib Warning: Citation `Zomorodian2005' on page 5 undefined on input line 93.


Package natbib Warning: Citation `10.1007/978-3-319-29228-1_11' on page 5 undefined on input line 93.


Package natbib Warning: Citation `bubenik2015statisticaltopologicaldataanalysis' on page 5 undefined on input line 93.


Package natbib Warning: Citation `chazal2013stochasticconvergencepersistencelandscapes' on page 5 undefined on input line 93.


Package natbib Warning: Citation `Efrat2001' on page 5 undefined on input line 93.




Underfull \vbox (badness 10000) has occurred while \output is active []

 [5]

Package natbib Warning: Citation `tauzin2021giottotdatopologicaldataanalysis' on page 6 undefined on input line 107.

Package epstopdf Info: Source file: <Fig1.eps>
(epstopdf)                    date: 2025-11-02 14:48:02
(epstopdf)                    size: 9350501 bytes
(epstopdf)             Output file: <Fig1-eps-converted-to.pdf>
(epstopdf)                    date: 2026-07-25 03:16:23
(epstopdf)                    size: 3295299 bytes
(epstopdf)             Command: <miktex-epstopdf-unrestricted --outfile=Fig1-eps-converted-to.pdf Fig1.eps>
(epstopdf)             \includegraphics on input line 118.
Package epstopdf Info: Output file is already uptodate.
<Fig1-eps-converted-to.pdf, id=144, 1069.9975pt x 1033.8625pt>
File: Fig1-eps-converted-to.pdf Graphic file (type pdf)
<use Fig1-eps-converted-to.pdf>
Package pdftex.def Info: Fig1-eps-converted-to.pdf  used on input line 118.
(pdftex.def)             Requested size: 148.79773pt x 143.76169pt.

Underfull \hbox (badness 1237) in paragraph at lines 119--119
\OT1/cmr/m/n/8 last fea-ture cal-cu-la-tor step refers to
 []


Underfull \hbox (badness 1331) in paragraph at lines 119--119
\OT1/cmr/m/n/8 the per-sis-tence dia-gram vec-tor-iza-tion
 []

Package epstopdf Info: Source file: <Fig2.eps>
(epstopdf)                    date: 2025-11-02 15:13:06
(epstopdf)                    size: 2036286 bytes
(epstopdf)             Output file: <Fig2-eps-converted-to.pdf>
(epstopdf)                    date: 2026-07-25 03:16:25
(epstopdf)                    size: 1565418 bytes
(epstopdf)             Command: <miktex-epstopdf-unrestricted --outfile=Fig2-eps-converted-to.pdf Fig2.eps>
(epstopdf)             \includegraphics on input line 125.
Package epstopdf Info: Output file is already uptodate.
<Fig2-eps-converted-to.pdf, id=146, 1790.69pt x 1254.6875pt>
File: Fig2-eps-converted-to.pdf Graphic file (type pdf)
<use Fig2-eps-converted-to.pdf>
Package pdftex.def Info: Fig2-eps-converted-to.pdf  used on input line 125.
(pdftex.def)             Requested size: 204.60114pt x 143.3575pt.



Underfull \vbox (badness 10000) has occurred while \output is active []

 [6]

Package natbib Warning: Citation `SDA' on page 7 undefined on input line 146.


Package natbib Warning: Citation `InformationValue' on page 7 undefined on input line 146.




Underfull \vbox (badness 10000) has occurred while \output is active []

 [7
pdfTeX warning (ext4): destination with the same identifier (name{figure.1}) has been already used, duplicate ignored
<argument> ...shipout:D \box_use:N \l_shipout_box 
                                                  \__shipout_drop_firstpage_...
l.147 
      
pdfTeX warning (ext4): destination with the same identifier (name{figure.2}) has been already used, duplicate ignored
<argument> ...shipout:D \box_use:N \l_shipout_box 
                                                  \__shipout_drop_firstpage_...
l.147 
       <./Fig1-eps-converted-to.pdf> <./Fig2-eps-converted-to.pdf>]
Package epstopdf Info: Source file: <Fig3.eps>
(epstopdf)                    date: 2026-05-16 13:41:49
(epstopdf)                    size: 587518 bytes
(epstopdf)             Output file: <Fig3-eps-converted-to.pdf>
(epstopdf)                    date: 2026-07-25 03:16:26
(epstopdf)                    size: 533941 bytes
(epstopdf)             Command: <miktex-epstopdf-unrestricted --outfile=Fig3-eps-converted-to.pdf Fig3.eps>
(epstopdf)             \includegraphics on input line 156.
Package epstopdf Info: Output file is already uptodate.
<Fig3-eps-converted-to.pdf, id=277, 1397.22pt x 280.04625pt>
File: Fig3-eps-converted-to.pdf Graphic file (type pdf)
<use Fig3-eps-converted-to.pdf>
Package pdftex.def Info: Fig3-eps-converted-to.pdf  used on input line 156.
(pdftex.def)             Requested size: 334.79773pt x 67.10136pt.



Underfull \vbox (badness 10000) has occurred while \output is active []

 [8
pdfTeX warning (ext4): destination with the same identifier (name{figure.3}) has been already used, duplicate ignored
<argument> ...shipout:D \box_use:N \l_shipout_box 
                                                  \__shipout_drop_firstpage_...
l.163 
       <./Fig3-eps-converted-to.pdf>]

Package natbib Warning: Citation `brewer2011meditation' on page 9 undefined on input line 168.

Package epstopdf Info: Source file: <Fig4.eps>
(epstopdf)                    date: 2026-05-06 22:10:55
(epstopdf)                    size: 770667 bytes
(epstopdf)             Output file: <Fig4-eps-converted-to.pdf>
(epstopdf)                    date: 2026-07-25 03:16:27
(epstopdf)                    size: 802115 bytes
(epstopdf)             Command: <miktex-epstopdf-unrestricted --outfile=Fig4-eps-converted-to.pdf Fig4.eps>
(epstopdf)             \includegraphics on input line 172.
Package epstopdf Info: Output file is already uptodate.
<Fig4-eps-converted-to.pdf, id=287, 1050.92625pt x 250.9375pt>
File: Fig4-eps-converted-to.pdf Graphic file (type pdf)
<use Fig4-eps-converted-to.pdf>
Package pdftex.def Info: Fig4-eps-converted-to.pdf  used on input line 172.
(pdftex.def)             Requested size: 334.79773pt x 79.94171pt.



Underfull \vbox (badness 10000) has occurred while \output is active []

 [9]

LaTeX Warning: No positions in optional float specifier.
               Default added (so using `tbp') on input line 181.

LaTeX Font Info:    Calculating math sizes for size <8.03> on input line 183.

LaTeX Font Warning: Font shape `U/rsfs/m/n' in size <4.015> not available
(Font)              size <5> substituted on input line 183.




Underfull \vbox (badness 10000) has occurred while \output is active []

 [10
pdfTeX warning (ext4): destination with the same identifier (name{figure.4}) has been already used, duplicate ignored
<argument> ...shipout:D \box_use:N \l_shipout_box 
                                                  \__shipout_drop_firstpage_...
l.204 
      
pdfTeX warning (ext4): destination with the same identifier (name{table.1}) has been already used, duplicate ignored
<argument> ...shipout:D \box_use:N \l_shipout_box 
                                                  \__shipout_drop_firstpage_...
l.204 
       <./Fig4-eps-converted-to.pdf>]
Package epstopdf Info: Source file: <Fig5.eps>
(epstopdf)                    date: 2025-11-03 17:37:55
(epstopdf)                    size: 435326 bytes
(epstopdf)             Output file: <Fig5-eps-converted-to.pdf>
(epstopdf)                    date: 2026-07-25 03:16:28
(epstopdf)                    size: 343537 bytes
(epstopdf)             Command: <miktex-epstopdf-unrestricted --outfile=Fig5-eps-converted-to.pdf Fig5.eps>
(epstopdf)             \includegraphics on input line 209.
Package epstopdf Info: Output file is already uptodate.
<Fig5-eps-converted-to.pdf, id=306, 1445.4pt x 361.35pt>
File: Fig5-eps-converted-to.pdf Graphic file (type pdf)
<use Fig5-eps-converted-to.pdf>
Package pdftex.def Info: Fig5-eps-converted-to.pdf  used on input line 209.
(pdftex.def)             Requested size: 301.31909pt x 75.32884pt.
Package epstopdf Info: Source file: <Fig6.eps>
(epstopdf)                    date: 2025-10-07 23:39:31
(epstopdf)                    size: 4391823 bytes
(epstopdf)             Output file: <Fig6-eps-converted-to.pdf>
(epstopdf)                    date: 2026-07-25 03:16:31
(epstopdf)                    size: 1055996 bytes
(epstopdf)             Command: <miktex-epstopdf-unrestricted --outfile=Fig6-eps-converted-to.pdf Fig6.eps>
(epstopdf)             \includegraphics on input line 219.
Package epstopdf Info: Output file is already uptodate.
<Fig6-eps-converted-to.pdf, id=308, 829.0975pt x 398.48875pt>
File: Fig6-eps-converted-to.pdf Graphic file (type pdf)
<use Fig6-eps-converted-to.pdf>
Package pdftex.def Info: Fig6-eps-converted-to.pdf  used on input line 219.
(pdftex.def)             Requested size: 215.76068pt x 103.69583pt.



Underfull \vbox (badness 10000) has occurred while \output is active []

 [11
pdfTeX warning (ext4): destination with the same identifier (name{figure.5}) has been already used, duplicate ignored
<argument> ...shipout:D \box_use:N \l_shipout_box 
                                                  \__shipout_drop_firstpage_...
l.226 
       <./Fig5-eps-converted-to.pdf>]

Package natbib Warning: Citation `SleepEdf' on page 12 undefined on input line 229.


Package natbib Warning: Citation `PhysioNet' on page 12 undefined on input line 229.


Package natbib Warning: Citation `SDA' on page 12 undefined on input line 229.


Package natbib Warning: Citation `Fowlkes01091983' on page 12 undefined on input line 231.




Underfull \vbox (badness 10000) has occurred while \output is active []

 [12
pdfTeX warning (ext4): destination with the same identifier (name{figure.6}) has been already used, duplicate ignored
<argument> ...shipout:D \box_use:N \l_shipout_box 
                                                  \__shipout_drop_firstpage_...
l.236 
       <./Fig6-eps-converted-to.pdf>]
Package epstopdf Info: Source file: <Fig7.eps>
(epstopdf)                    date: 2026-07-22 00:34:25
(epstopdf)                    size: 106941 bytes
(epstopdf)             Output file: <Fig7-eps-converted-to.pdf>
(epstopdf)                    date: 2026-07-25 03:16:32
(epstopdf)                    size: 104235 bytes
(epstopdf)             Command: <miktex-epstopdf-unrestricted --outfile=Fig7-eps-converted-to.pdf Fig7.eps>
(epstopdf)             \includegraphics on input line 269.
Package epstopdf Info: Output file is already uptodate.
<Fig7-eps-converted-to.pdf, id=330, 401.5pt x 235.88126pt>
File: Fig7-eps-converted-to.pdf Graphic file (type pdf)
<use Fig7-eps-converted-to.pdf>
Package pdftex.def Info: Fig7-eps-converted-to.pdf  used on input line 269.
(pdftex.def)             Requested size: 148.79773pt x 87.41866pt.
Package epstopdf Info: Source file: <Fig8.eps>
(epstopdf)                    date: 2026-05-16 19:14:06
(epstopdf)                    size: 142652 bytes
(epstopdf)             Output file: <Fig8-eps-converted-to.pdf>
(epstopdf)                    date: 2026-07-25 03:16:32
(epstopdf)                    size: 134985 bytes
(epstopdf)             Command: <miktex-epstopdf-unrestricted --outfile=Fig8-eps-converted-to.pdf Fig8.eps>
(epstopdf)             \includegraphics on input line 276.
Package epstopdf Info: Output file is already uptodate.
<Fig8-eps-converted-to.pdf, id=331, 484.81125pt x 162.6075pt>
File: Fig8-eps-converted-to.pdf Graphic file (type pdf)
<use Fig8-eps-converted-to.pdf>
Package pdftex.def Info: Fig8-eps-converted-to.pdf  used on input line 276.
(pdftex.def)             Requested size: 204.60114pt x 68.62468pt.


Package natbib Warning: Citation `cai2024topologicalfeaturesearchmethod' on page 13 undefined on input line 287.


Package natbib Warning: Citation `deng2024twostagehierarchicalexplainablefeature' on page 13 undefined on input line 287.


Package natbib Warning: Citation `SDA' on page 13 undefined on input line 287.




Underfull \vbox (badness 10000) has occurred while \output is active []

 [13
pdfTeX warning (ext4): destination with the same identifier (name{table.2}) has been already used, duplicate ignored
<argument> ...shipout:D \box_use:N \l_shipout_box 
                                                  \__shipout_drop_firstpage_...
l.288 
      ]


Underfull \vbox (badness 10000) has occurred while \output is active []

 [14
pdfTeX warning (ext4): destination with the same identifier (name{figure.7}) has been already used, duplicate ignored
<argument> ...shipout:D \box_use:N \l_shipout_box 
                                                  \__shipout_drop_firstpage_...
l.296 
      
pdfTeX warning (ext4): destination with the same identifier (name{figure.8}) has been already used, duplicate ignored
<argument> ...shipout:D \box_use:N \l_shipout_box 
                                                  \__shipout_drop_firstpage_...
l.296 
       <./Fig7-eps-converted-to.pdf> <./Fig8-eps-converted-to.pdf>]

Package hyperref Warning: Difference (4) between bookmark levels is greater 
(hyperref)                than one, level fixed on input line 308.


Package hyperref Warning: Difference (3) between bookmark levels is greater 
(hyperref)                than one, level fixed on input line 311.




Underfull \vbox (badness 10000) has occurred while \output is active []

 [15]

Package hyperref Warning: Difference (2) between bookmark levels is greater 
(hyperref)                than one, level fixed on input line 314.

(c:\Users\TTPO100AJIEX\Desktop\sdatdav4_revise2\output\sn-article copy.bbl
Underfull \hbox (badness 1603) in paragraph at lines 11--16
\OT1/cmr/m/n/10 58:100792. [][]$https : / / doi . org / https : / / doi . org / 10 . 1016 / j . cosrev . 2025 . 100792$[][], URL
 []


Underfull \hbox (badness 1360) in paragraph at lines 65--67
[]\OT1/cmr/m/n/10 Efrat A, Itai A, Katz MJ (2001) Geom-e-try helps in bot-tle-neck match-
 []




Underfull \vbox (badness 10000) has occurred while \output is active []

 [16]


Underfull \vbox (badness 10000) has occurred while \output is active []

 [17]
Underfull \hbox (badness 1990) in paragraph at lines 165--167
[]\OT1/cmr/m/n/10 Zomorodian A, Carls-son G (2005) Com-put-ing per-sis-tent homol-ogy. Dis-
 []


Underfull \hbox (badness 2922) in paragraph at lines 165--167
\OT1/cmr/m/n/10 crete & Com-pu-ta-tional Geom-e-try 33(2):249--274. [][]$https : / / doi . org / 10 . 1007 /
 []

)

Package natbib Warning: There were undefined citations.




Underfull \vbox (badness 10000) has occurred while \output is active []

 [18] (c:\Users\TTPO100AJIEX\Desktop\sdatdav4_revise2\output\sn-article copy.aux

Package natbib Warning: Citation(s) may have changed.
(natbib)                Rerun to get citations correct.

)
 ***********
LaTeX2e <2024-11-01> patch level 2
L3 programming layer <2025-01-18>
 ***********


LaTeX Font Warning: Size substitutions with differences
(Font)              up to 0.985pt have occurred.


Package rerunfilecheck Warning: File `"sn-article copy".out' has changed.
(rerunfilecheck)                Rerun to get outlines right
(rerunfilecheck)                or use package `bookmark'.

Package rerunfilecheck Info: Checksums for `"sn-article copy".out':
(rerunfilecheck)             Before: 97A5EF1479B6BBA7AA4717F7F7C8D543;3907
(rerunfilecheck)             After:  93CF870DF5AF80CB8BC03EC35EE08E2B;3908.
 ) 
Here is how much of TeX's memory you used:
 14700 strings out of 473530
 226942 string characters out of 5724393
 640470 words of memory out of 5000000
 37598 multiletter control sequences out of 15000+600000
 582988 words of font info for 129 fonts, out of 8000000 for 9000
 1151 hyphenation exceptions out of 8191
 90i,12n,93p,1604b,626s stack positions out of 10000i,1000n,20000p,200000b,200000s
<D:/Programs/Other/MikTex/fonts/type1/public/amsfonts/cm/cmbx10.pfb><D:/Programs/Other/MikTex/fonts/type1/public/amsfonts/cm/cmbx12.pfb><D:/Programs/Other/MikTex/fonts/type1/public/amsfonts/cm/cmbx8.pfb><D:/Programs/Other/MikTex/fonts/type1/public/amsfonts/cm/cmbx9.pfb><D:/Programs/Other/MikTex/fonts/type1/public/amsfonts/cm/cmbxti10.pfb><D:/Programs/Other/MikTex/fonts/type1/public/amsfonts/cm/cmex10.pfb><D:/Programs/Other/MikTex/fonts/type1/public/amsfonts/cm/cmmi10.pfb><D:/Programs/Other/MikTex/fonts/type1/public/amsfonts/cm/cmmi5.pfb><D:/Programs/Other/MikTex/fonts/type1/public/amsfonts/cm/cmmi7.pfb><D:/Programs/Other/MikTex/fonts/type1/public/amsfonts/cm/cmmi8.pfb><D:/Programs/Other/MikTex/fonts/type1/public/amsfonts/cm/cmr10.pfb><D:/Programs/Other/MikTex/fonts/type1/public/amsfonts/cm/cmr12.pfb><D:/Programs/Other/MikTex/fonts/type1/public/amsfonts/cm/cmr17.pfb><D:/Programs/Other/MikTex/fonts/type1/public/amsfonts/cm/cmr5.pfb><D:/Programs/Other/MikTex/fonts/type1/public/amsfonts/cm/cmr7.pfb><D:/Programs/Other/MikTex/fonts/type1/public/amsfonts/cm/cmr8.pfb><D:/Programs/Other/MikTex/fonts/type1/public/amsfonts/cm/cmr9.pfb><D:/Programs/Other/MikTex/fonts/type1/public/amsfonts/cm/cmsy10.pfb><D:/Programs/Other/MikTex/fonts/type1/public/amsfonts/cm/cmsy5.pfb><D:/Programs/Other/MikTex/fonts/type1/public/amsfonts/cm/cmsy7.pfb><D:/Programs/Other/MikTex/fonts/type1/public/amsfonts/cm/cmsy8.pfb><D:/Programs/Other/MikTex/fonts/type1/public/amsfonts/cm/cmti10.pfb><D:/Programs/Other/MikTex/fonts/type1/public/amsfonts/cm/cmti8.pfb>
Output written on "c:\Users\TTPO100AJIEX\Desktop\sdatdav4_revise2\output\sn-article copy.pdf" (18 pages, 8201287 bytes).
PDF statistics:
 555 PDF objects out of 1000 (max. 8388607)
 85 named destinations out of 1000 (max. 500000)
 249 words of extra memory for PDF output out of 10000 (max. 10000000)

