This is pdfTeX, Version 3.141592653-2.6-1.40.26 (MiKTeX 24.4) (preloaded format=pdflatex 2025.2.15)  14 APR 2025 09:38
entering extended mode
 restricted \write18 enabled.
 file:line:error style messages enabled.
 %&-line parsing enabled.
**c:/Users/TTPO100AJIEX/Desktop/sage_latex_template_4/paper.tex
(c:/Users/TTPO100AJIEX/Desktop/sage_latex_template_4/paper.tex
LaTeX2e <2024-11-01> patch level 2
L3 programming layer <2025-01-18>
(sagej.cls
Document Class: sagej 2017/01/17 v1.20\ sagej.cls
(D:\Programs\Other\MikTex\tex/latex/base\article.cls
Document Class: article 2024/06/29 v1.4n Standard LaTeX document class
(D:\Programs\Other\MikTex\tex/latex/base\size10.clo
File: size10.clo 2024/06/29 v1.4n Standard LaTeX file (size option)
)
\c@part=\count196
\c@section=\count197
\c@subsection=\count198
\c@subsubsection=\count199
\c@paragraph=\count266
\c@subparagraph=\count267
\c@figure=\count268
\c@table=\count269
\abovecaptionskip=\skip49
\belowcaptionskip=\skip50
\bibindent=\dimen141
) (D:\Programs\Other\MikTex\tex/latex/psnfss\times.sty
Package: times 2020/03/25 PSNFSS-v9.3 (SPQR) 
) (D:\Programs\Other\MikTex\tex/latex/psnfss\helvet.sty
Package: helvet 2020/03/25 PSNFSS-v9.3 (WaS) 
 (D:\Programs\Other\MikTex\tex/latex/graphics\keyval.sty
Package: keyval 2022/05/29 v1.15 key=value parser (DPC)
\KV@toks@=\toks17
)) (D:\Programs\Other\MikTex\tex/latex/graphics\graphicx.sty
Package: graphicx 2021/09/16 v1.2d Enhanced LaTeX Graphics (DPC,SPQR)
 (D:\Programs\Other\MikTex\tex/latex/graphics\graphics.sty
Package: graphics 2024/08/06 v1.4g Standard LaTeX Graphics (DPC,SPQR)
 (D:\Programs\Other\MikTex\tex/latex/graphics\trig.sty
Package: trig 2023/12/02 v1.11 sin cos tan (DPC)
) (D:\Programs\Other\MikTex\tex/latex/graphics-cfg\graphics.cfg
File: graphics.cfg 2016/06/04 v1.11 sample graphics configuration
)
Package graphics Info: Driver file: pdftex.def on input line 106.
 (D:\Programs\Other\MikTex\tex/latex/graphics-def\pdftex.def
File: pdftex.def 2024/04/13 v1.2c Graphics/color driver for pdftex
))
\Gin@req@height=\dimen142
\Gin@req@width=\dimen143
) (D:\Programs\Other\MikTex\tex/latex/base\latexsym.sty
Package: latexsym 1998/08/17 v2.2e Standard LaTeX package (lasy symbols)
\symlasy=\mathgroup4
LaTeX Font Info:    Overwriting symbol font `lasy' in version `bold'
(Font)                  U/lasy/m/n --> U/lasy/b/n on input line 52.
) (D:\Programs\Other\MikTex\tex/latex/base\ifthen.sty
Package: ifthen 2024/03/16 v1.1e Standard LaTeX ifthen package (DPC)
) (D:\Programs\Other\MikTex\tex/latex/graphics\rotating.sty
Package: rotating 2016/08/11 v2.16d rotated objects in LaTeX
\c@r@tfl@t=\count270
\rotFPtop=\skip51
\rotFPbot=\skip52
\rot@float@box=\box52
\rot@mess@toks=\toks18
) (D:\Programs\Other\MikTex\tex/latex/tools\calc.sty
Package: calc 2023/07/08 v4.3 Infix arithmetic (KKT,FJ)
\calc@Acount=\count271
\calc@Bcount=\count272
\calc@Adimen=\dimen144
\calc@Bdimen=\dimen145
\calc@Askip=\skip53
\calc@Bskip=\skip54
LaTeX Info: Redefining \setlength on input line 80.
LaTeX Info: Redefining \addtolength on input line 81.
\calc@Ccount=\count273
\calc@Cskip=\skip55
) (D:\Programs\Other\MikTex\tex/latex/textcase\textcase.sty
Package: textcase 2025/02/16 v1.05 Text only upper/lower case changing (DPC)
Package textcase Info: Defining Legacy names on input line 20.
) (D:\Programs\Other\MikTex\tex/latex/booktabs\booktabs.sty
Package: booktabs 2020/01/12 v1.61803398 Publication quality tables
\heavyrulewidth=\dimen146
\lightrulewidth=\dimen147
\cmidrulewidth=\dimen148
\belowrulesep=\dimen149
\belowbottomsep=\dimen150
\aboverulesep=\dimen151
\abovetopsep=\dimen152
\cmidrulesep=\dimen153
\cmidrulekern=\dimen154
\defaultaddspace=\dimen155
\@cmidla=\count274
\@cmidlb=\count275
\@aboverulesep=\dimen156
\@belowrulesep=\dimen157
\@thisruleclass=\count276
\@lastruleclass=\count277
\@thisrulewidth=\dimen158
) (D:\Programs\Other\MikTex\tex/latex/graphics\color.sty
Package: color 2024/06/23 v1.3e Standard LaTeX Color (DPC)
 (D:\Programs\Other\MikTex\tex/latex/graphics-cfg\color.cfg
File: color.cfg 2016/01/02 v1.6 sample color configuration
)
Package color Info: Driver file: pdftex.def on input line 149.
 (D:\Programs\Other\MikTex\tex/latex/graphics\mathcolor.ltx)) (D:\Programs\Other\MikTex\tex/latex/endnotes\endnotes.sty
Package: endnotes 2020-01-02 endnotes package
\c@endnote=\count278
\endnotesep=\dimen159
\@enotes=\write3
) (D:\Programs\Other\MikTex\tex/latex/amsfonts\amsfonts.sty
Package: amsfonts 2013/01/14 v3.01 Basic AMSFonts support
\@emptytoks=\toks19
\symAMSa=\mathgroup5
\symAMSb=\mathgroup6
LaTeX Font Info:    Redeclaring math symbol \hbar on input line 98.
LaTeX Font Info:    Overwriting math alphabet `\mathfrak' in version `bold'
(Font)                  U/euf/m/n --> U/euf/b/n on input line 106.
) (D:\Programs\Other\MikTex\tex/latex/amsfonts\amssymb.sty
Package: amssymb 2013/01/14 v3.01 AMS font symbols
) (D:\Programs\Other\MikTex\tex/latex/amsmath\amsbsy.sty
Package: amsbsy 1999/11/29 v1.2d Bold Symbols
 (D:\Programs\Other\MikTex\tex/latex/amsmath\amsgen.sty
File: amsgen.sty 1999/11/30 v2.0 generic functions
\@emptytoks=\toks20
\ex@=\dimen160
)
\pmbraise@=\dimen161
) (D:\Programs\Other\MikTex\tex/latex/amsmath\amsmath.sty
Package: amsmath 2024/11/05 v2.17t AMS math features
\@mathmargin=\skip56

For additional information on amsmath, use the `?' option.
(D:\Programs\Other\MikTex\tex/latex/amsmath\amstext.sty
Package: amstext 2021/08/26 v2.01 AMS text
) (D:\Programs\Other\MikTex\tex/latex/amsmath\amsopn.sty
Package: amsopn 2022/04/08 v2.04 operator names
)
\inf@bad=\count279
LaTeX Info: Redefining \frac on input line 233.
\uproot@=\count280
\leftroot@=\count281
LaTeX Info: Redefining \overline on input line 398.
LaTeX Info: Redefining \colon on input line 409.
\classnum@=\count282
\DOTSCASE@=\count283
LaTeX Info: Redefining \ldots on input line 495.
LaTeX Info: Redefining \dots on input line 498.
LaTeX Info: Redefining \cdots on input line 619.
\Mathstrutbox@=\box53
\strutbox@=\box54
LaTeX Info: Redefining \big on input line 721.
LaTeX Info: Redefining \Big on input line 722.
LaTeX Info: Redefining \bigg on input line 723.
LaTeX Info: Redefining \Bigg on input line 724.
\big@size=\dimen162
LaTeX Font Info:    Redeclaring font encoding OML on input line 742.
LaTeX Font Info:    Redeclaring font encoding OMS on input line 743.
\macc@depth=\count284
LaTeX Info: Redefining \bmod on input line 904.
LaTeX Info: Redefining \pmod on input line 909.
LaTeX Info: Redefining \smash on input line 939.
LaTeX Info: Redefining \relbar on input line 969.
LaTeX Info: Redefining \Relbar on input line 970.
\c@MaxMatrixCols=\count285
\dotsspace@=\muskip17
\c@parentequation=\count286
\dspbrk@lvl=\count287
\tag@help=\toks21
\row@=\count288
\column@=\count289
\maxfields@=\count290
\andhelp@=\toks22
\eqnshift@=\dimen163
\alignsep@=\dimen164
\tagshift@=\dimen165
\tagwidth@=\dimen166
\totwidth@=\dimen167
\lineht@=\dimen168
\@envbody=\toks23
\multlinegap=\skip57
\multlinetaggap=\skip58
\mathdisplay@stack=\toks24
LaTeX Info: Redefining \[ on input line 2953.
LaTeX Info: Redefining \] on input line 2954.
) (D:\Programs\Other\MikTex\tex/latex/amscls\amsthm.sty
Package: amsthm 2020/05/29 v2.20.6
\thm@style=\toks25
\thm@bodyfont=\toks26
\thm@headfont=\toks27
\thm@notefont=\toks28
\thm@headpunct=\toks29
\thm@preskip=\skip59
\thm@postskip=\skip60
\thm@headsep=\skip61
\dth@everypar=\toks30
) (D:\Programs\Other\MikTex\tex/latex/base\tracefnt.sty
Package: tracefnt 2020/12/22 v3.0n Standard LaTeX package (font tracing)
\tracingfonts=\count291
LaTeX Info: Redefining \selectfont on input line 107.
Applying: [2021/06/01] Add hook to \selectfont  on input line 142.
Already applied: [0000/00/00] Add hook to \selectfont  on input line 145.
) (D:\Programs\Other\MikTex\tex/latex/geometry\geometry.sty
Package: geometry 2020/01/02 v5.9 Page Geometry
 (D:\Programs\Other\MikTex\tex/generic/iftex\ifvtex.sty
Package: ifvtex 2019/10/25 v1.7 ifvtex legacy package. Use iftex instead.
 (D:\Programs\Other\MikTex\tex/generic/iftex\iftex.sty
Package: iftex 2024/12/12 v1.0g TeX engine tests
))
\Gm@cnth=\count292
\Gm@cntv=\count293
\c@Gm@tempcnt=\count294
\Gm@bindingoffset=\dimen169
\Gm@wd@mp=\dimen170
\Gm@odd@mp=\dimen171
\Gm@even@mp=\dimen172
\Gm@layoutwidth=\dimen173
\Gm@layoutheight=\dimen174
\Gm@layouthoffset=\dimen175
\Gm@layoutvoffset=\dimen176
\Gm@dimlist=\toks31
 (D:\Programs\Other\MikTex\tex/latex/geometry\geometry.cfg)) (D:\Programs\Other\MikTex\tex/latex/tools\ftnright.sty
Package: ftnright 2023/07/08 v1.1f footnote layout package (FMi)
\rcol@footinsskip=\skip62
\ftn@amount=\dimen177
)
\absbox=\box55
\@bls=\dimen178
 (D:\Programs\Other\MikTex\tex/latex/caption\caption.sty
Package: caption 2023/08/05 v3.6o Customizing captions (AR)
 (D:\Programs\Other\MikTex\tex/latex/caption\caption3.sty
Package: caption3 2023/07/31 v2.4d caption3 kernel (AR)
\caption@tempdima=\dimen179
\captionmargin=\dimen180
\caption@leftmargin=\dimen181
\caption@rightmargin=\dimen182
\caption@width=\dimen183
\caption@indent=\dimen184
\caption@parindent=\dimen185
\caption@hangindent=\dimen186
Package caption Info: Standard document class detected.
)
\c@caption@flags=\count295
\c@continuedfloat=\count296
Package caption Info: rotating package is loaded.
) (D:\Programs\Other\MikTex\tex/latex/natbib\natbib.sty
Package: natbib 2010/09/13 8.31b (PWD, AO)
\bibhang=\skip63
\bibsep=\skip64
LaTeX Info: Redefining \cite on input line 694.
\c@NAT@ctr=\count297
))
LaTeX Font Info:    Trying to load font information for OT1+ptm on input line 3.
 (D:\Programs\Other\MikTex\tex/latex/psnfss\ot1ptm.fd
File: ot1ptm.fd 2001/06/04 font definitions for OT1/ptm.
) (D:\Programs\Other\MikTex\tex/latex/l3backend\l3backend-pdftex.def
File: l3backend-pdftex.def 2024-05-08 L3 backend support: PDF output (pdfTeX)
\l__color_backend_stack_int=\count298
\l__pdf_internal_box=\box56
) (c:\Users\TTPO100AJIEX\Desktop\sage_latex_template_4\output\paper.aux)
\openout1 = `paper.aux'.

LaTeX Font Info:    Checking defaults for OML/cmm/m/it on input line 3.
LaTeX Font Info:    ... okay on input line 3.
LaTeX Font Info:    Checking defaults for OMS/cmsy/m/n on input line 3.
LaTeX Font Info:    ... okay on input line 3.
LaTeX Font Info:    Checking defaults for OT1/cmr/m/n on input line 3.
LaTeX Font Info:    ... okay on input line 3.
LaTeX Font Info:    Checking defaults for T1/cmr/m/n on input line 3.
LaTeX Font Info:    ... okay on input line 3.
LaTeX Font Info:    Checking defaults for TS1/cmr/m/n on input line 3.
LaTeX Font Info:    ... okay on input line 3.
LaTeX Font Info:    Checking defaults for OMX/cmex/m/n on input line 3.
LaTeX Font Info:    ... okay on input line 3.
LaTeX Font Info:    Checking defaults for U/cmr/m/n on input line 3.
LaTeX Font Info:    ... okay on input line 3.
 (D:\Programs\Other\MikTex\tex/context/base/mkii\supp-pdf.mkii
[Loading MPS to PDF converter (version 2006.09.02).]
\scratchcounter=\count299
\scratchdimen=\dimen187
\scratchbox=\box57
\nofMPsegments=\count300
\nofMParguments=\count301
\everyMPshowfont=\toks32
\MPscratchCnt=\count302
\MPscratchDim=\dimen188
\MPnumerator=\count303
\makeMPintoPDFobject=\count304
\everyMPtoPDFconversion=\toks33
) (D:\Programs\Other\MikTex\tex/latex/epstopdf-pkg\epstopdf-base.sty
Package: epstopdf-base 2020-01-24 v2.11 Base part for package epstopdf
 (D:\Programs\Other\MikTex\tex/generic/infwarerr\infwarerr.sty
Package: infwarerr 2019/12/03 v1.5 Providing info/warning/error messages (HO)
) (D:\Programs\Other\MikTex\tex/latex/grfext\grfext.sty
Package: grfext 2019/12/03 v1.3 Manage graphics extensions (HO)
 (D:\Programs\Other\MikTex\tex/generic/kvdefinekeys\kvdefinekeys.sty
Package: kvdefinekeys 2019-12-19 v1.6 Define keys (HO)
)) (D:\Programs\Other\MikTex\tex/latex/kvoptions\kvoptions.sty
Package: kvoptions 2022-06-15 v3.15 Key value format for package options (HO)
 (D:\Programs\Other\MikTex\tex/generic/ltxcmds\ltxcmds.sty
Package: ltxcmds 2023-12-04 v1.26 LaTeX kernel commands for general use (HO)
) (D:\Programs\Other\MikTex\tex/latex/kvsetkeys\kvsetkeys.sty
Package: kvsetkeys 2022-10-05 v1.19 Key value parser (HO)
)) (D:\Programs\Other\MikTex\tex/generic/pdftexcmds\pdftexcmds.sty
Package: pdftexcmds 2020-06-27 v0.33 Utility functions of pdfTeX for LuaTeX (HO)
Package pdftexcmds Info: \pdf@primitive is available.
Package pdftexcmds Info: \pdf@ifprimitive is available.
Package pdftexcmds Info: \pdfdraftmode found.
)
Package epstopdf-base Info: Redefining graphics rule for `.eps' on input line 485.
Package grfext Info: Graphics extension search list:
(grfext)             [.pdf,.png,.jpg,.mps,.jpeg,.jbig2,.jb2,.PDF,.PNG,.JPG,.JPEG,.JBIG2,.JB2,.eps]
(grfext)             \AppendGraphicsExtensions on input line 504.
 (D:\Programs\Other\MikTex\tex/latex/00miktex\epstopdf-sys.cfg
File: epstopdf-sys.cfg 2021/03/18 v2.0 Configuration of epstopdf for MiKTeX
))
*geometry* driver: auto-detecting
*geometry* detected driver: pdftex
*geometry* verbose mode - [ preamble ] result:
* driver: pdftex
* paper: custom
* layout: <same size as paper>
* layoutoffset:(h,v)=(0.0pt,0.0pt)
* hratio: 1:1
* vratio: 1:1
* modes: twoside asymmetric 
* h-part:(L,W,R)=(56.1942pt, 485.11948pt, 56.1942pt)
* v-part:(T,H,B)=(76.82243pt, 643.03227pt, 76.82245pt)
* \paperwidth=597.50787pt
* \paperheight=796.67715pt
* \textwidth=485.11948pt
* \textheight=643.03227pt
* \oddsidemargin=-16.07579pt
* \evensidemargin=-16.07579pt
* \topmargin=-28.44756pt
* \headheight=12.0pt
* \headsep=21.0pt
* \topskip=10.0pt
* \footskip=30.0pt
* \marginparwidth=65.0pt
* \marginparsep=11.0pt
* \columnsep=12.0pt
* \skip\footins=20.0pt plus 8.0pt
* \hoffset=0.0pt
* \voffset=0.0pt
* \mag=1000
* \@twocolumntrue
* \@twosidetrue
* \@mparswitchfalse
* \@reversemarginfalse
* (1in=72.27pt=25.4mm, 1cm=28.453pt)

Package caption Info: Begin \AtBeginDocument code.
Package caption Info: End \AtBeginDocument code.
LaTeX Font Info:    Trying to load font information for OT1+phv on input line 40.
(D:\Programs\Other\MikTex\tex/latex/psnfss\ot1phv.fd
File: ot1phv.fd 2020/03/25 scalable font definitions for OT1/phv.
)
LaTeX Font Info:    Font shape `OT1/phv/m/n' will be
(Font)              scaled to size 9.49997pt on input line 40.
LaTeX Font Info:    Font shape `OT1/phv/m/n' will be
(Font)              scaled to size 11.39996pt on input line 40.
LaTeX Font Info:    Font shape `OT1/phv/b/n' will be
(Font)              scaled to size 11.39996pt on input line 40.
LaTeX Font Info:    Font shape `OT1/phv/b/n' will be
(Font)              scaled to size 9.49997pt on input line 40.
LaTeX Font Info:    Trying to load font information for U+lasy on input line 40.
 (D:\Programs\Other\MikTex\tex/latex/base\ulasy.fd
File: ulasy.fd 1998/08/17 v2.2e LaTeX symbol font definitions
)
LaTeX Font Info:    Trying to load font information for U+msa on input line 40.
 (D:\Programs\Other\MikTex\tex/latex/amsfonts\umsa.fd
File: umsa.fd 2013/01/14 v3.01 AMS symbols A
)
LaTeX Font Info:    Trying to load font information for U+msb on input line 40.
 (D:\Programs\Other\MikTex\tex/latex/amsfonts\umsb.fd
File: umsb.fd 2013/01/14 v3.01 AMS symbols B
)
LaTeX Font Info:    Font shape `OT1/phv/m/n' will be
(Font)              scaled to size 17.09995pt on input line 44.
LaTeX Font Info:    Font shape `OT1/phv/b/n' will be
(Font)              scaled to size 17.09995pt on input line 44.
LaTeX Font Info:    Font shape `OT1/phv/m/n' will be
(Font)              scaled to size 6.64998pt on input line 44.
LaTeX Font Info:    Trying to load font information for TS1+phv on input line 44.
 (D:\Programs\Other\MikTex\tex/latex/psnfss\ts1phv.fd
File: ts1phv.fd 2020/03/25 scalable font definitions for TS1/phv.
)
LaTeX Font Info:    Font shape `TS1/phv/m/n' will be
(Font)              scaled to size 6.64998pt on input line 44.
LaTeX Font Info:    Font shape `OT1/phv/b/n' will be
(Font)              scaled to size 7.59998pt on input line 44.
LaTeX Font Info:    Font shape `OT1/phv/b/n' will be
(Font)              scaled to size 5.69998pt on input line 44.
LaTeX Font Info:    Font shape `OT1/phv/m/n' will be
(Font)              scaled to size 7.59998pt on input line 44.
LaTeX Font Info:    Font shape `OT1/phv/m/n' will be
(Font)              scaled to size 5.69998pt on input line 44.
LaTeX Font Info:    Font shape `OT1/phv/m/n' will be
(Font)              scaled to size 4.74998pt on input line 44.
LaTeX Font Info:    Font shape `OT1/phv/m/it' in size <12> not available
(Font)              Font shape `OT1/phv/m/sl' tried instead on input line 52.
LaTeX Font Info:    Font shape `OT1/phv/m/sl' will be
(Font)              scaled to size 11.39996pt on input line 52.

Underfull \hbox (badness 10000) in paragraph at lines 54--56
\OT1/ptm/m/n/10 The stud-ies involv-ing humans were approved by
 []





LaTeX Font Info:    Font shape `OT1/phv/m/it' in size <7> not available
(Font)              Font shape `OT1/phv/m/sl' tried instead on input line 79.
LaTeX Font Info:    Font shape `OT1/phv/m/sl' will be
(Font)              scaled to size 6.64998pt on input line 79.
[1{C:/Users/TTPO100AJIEX/AppData/Local/MiKTeX/fonts/map/pdftex/pdftex.map}{D:/Programs/Other/MikTex/fonts/enc/dvips/base/8r.enc}



]



LaTeX Font Info:    Font shape `OT1/phv/m/it' in size <10> not available
(Font)              Font shape `OT1/phv/m/sl' tried instead on input line 114.
LaTeX Font Info:    Font shape `OT1/phv/m/sl' will be
(Font)              scaled to size 9.49997pt on input line 114.
[2

]

Package epstopdf Info: Source file: <figure1.eps>
(epstopdf)                    date: 2025-02-16 14:21:33
(epstopdf)                    size: 187853 bytes
(epstopdf)             Output file: <figure1-eps-converted-to.pdf>
(epstopdf)                    date: 2025-04-13 19:17:44
(epstopdf)                    size: 55207 bytes
(epstopdf)             Command: <miktex-epstopdf --outfile=figure1-eps-converted-to.pdf figure1.eps>
(epstopdf)             \includegraphics on input line 136.
Package epstopdf Info: Output file is already uptodate.
<figure1-eps-converted-to.pdf, id=13, 396.48125pt x 397.485pt>
File: figure1-eps-converted-to.pdf Graphic file (type pdf)
<use figure1-eps-converted-to.pdf>
Package pdftex.def Info: figure1-eps-converted-to.pdf  used on input line 136.
(pdftex.def)             Requested size: 156.13028pt x 156.52873pt.
LaTeX Font Info:    Font shape `OT1/phv/m/n' will be
(Font)              scaled to size 8.54997pt on input line 137.
LaTeX Font Info:    Font shape `OT1/phv/b/n' will be
(Font)              scaled to size 8.54997pt on input line 137.


[3 <./figure1-eps-converted-to.pdf>]

Package epstopdf Info: Source file: <figure2.eps>
(epstopdf)                    date: 2025-02-17 21:28:58
(epstopdf)                    size: 385517 bytes
(epstopdf)             Output file: <figure2-eps-converted-to.pdf>
(epstopdf)                    date: 2025-04-13 19:17:45
(epstopdf)                    size: 346875 bytes
(epstopdf)             Command: <miktex-epstopdf --outfile=figure2-eps-converted-to.pdf figure2.eps>
(epstopdf)             \includegraphics on input line 178.
Package epstopdf Info: Output file is already uptodate.
<figure2-eps-converted-to.pdf, id=21, 876.27374pt x 287.0725pt>
File: figure2-eps-converted-to.pdf Graphic file (type pdf)
<use figure2-eps-converted-to.pdf>
Package pdftex.def Info: figure2-eps-converted-to.pdf  used on input line 178.
(pdftex.def)             Requested size: 236.55974pt x 77.49747pt.


[4]

Package epstopdf Info: Source file: <figure3.eps>
(epstopdf)                    date: 2025-02-16 14:27:03
(epstopdf)                    size: 5526149 bytes
(epstopdf)             Output file: <figure3-eps-converted-to.pdf>
(epstopdf)                    date: 2025-04-13 19:17:48
(epstopdf)                    size: 4409855 bytes
(epstopdf)             Command: <miktex-epstopdf --outfile=figure3-eps-converted-to.pdf figure3.eps>
(epstopdf)             \includegraphics on input line 208.
Package epstopdf Info: Output file is already uptodate.
<figure3-eps-converted-to.pdf, id=31, 1204.5pt x 1514.65875pt>
File: figure3-eps-converted-to.pdf Graphic file (type pdf)
<use figure3-eps-converted-to.pdf>
Package pdftex.def Info: figure3-eps-converted-to.pdf  used on input line 208.
(pdftex.def)             Requested size: 236.55974pt x 297.472pt.
Package epstopdf Info: Source file: <figure4.eps>
(epstopdf)                    date: 2025-02-17 23:04:59
(epstopdf)                    size: 1381572 bytes
(epstopdf)             Output file: <figure4-eps-converted-to.pdf>
(epstopdf)                    date: 2025-04-13 19:17:49
(epstopdf)                    size: 1362126 bytes
(epstopdf)             Command: <miktex-epstopdf --outfile=figure4-eps-converted-to.pdf figure4.eps>
(epstopdf)             \includegraphics on input line 219.
Package epstopdf Info: Output file is already uptodate.
<figure4-eps-converted-to.pdf, id=32, 1792.6975pt x 1487.5575pt>
File: figure4-eps-converted-to.pdf Graphic file (type pdf)
<use figure4-eps-converted-to.pdf>
Package pdftex.def Info: figure4-eps-converted-to.pdf  used on input line 219.
(pdftex.def)             Requested size: 236.55974pt x 196.29463pt.


[5 <./figure2-eps-converted-to.pdf>]
LaTeX Font Info:    Trying to load font information for TS1+ptm on input line 230.
 (D:\Programs\Other\MikTex\tex/latex/psnfss\ts1ptm.fd
File: ts1ptm.fd 2001/06/04 font definitions for TS1/ptm.
)



[6 <./figure3-eps-converted-to.pdf> <./figure4-eps-converted-to.pdf>]



[7]
Package epstopdf Info: Source file: <figure5.eps>
(epstopdf)                    date: 2025-02-17 22:59:05
(epstopdf)                    size: 879274 bytes
(epstopdf)             Output file: <figure5-eps-converted-to.pdf>
(epstopdf)                    date: 2025-04-13 19:17:51
(epstopdf)                    size: 822549 bytes
(epstopdf)             Command: <miktex-epstopdf --outfile=figure5-eps-converted-to.pdf figure5.eps>
(epstopdf)             \includegraphics on input line 331.
Package epstopdf Info: Output file is already uptodate.
<figure5-eps-converted-to.pdf, id=167, 1186.4325pt x 686.565pt>
File: figure5-eps-converted-to.pdf Graphic file (type pdf)
<use figure5-eps-converted-to.pdf>
Package pdftex.def Info: figure5-eps-converted-to.pdf  used on input line 331.
(pdftex.def)             Requested size: 236.55974pt x 136.89151pt.



Overfull \hbox (8.87373pt too wide) in paragraph at lines 359--371
 [][] 
 []

<figure6.jpeg, id=168, 1527.7075pt x 3513.125pt>
File: figure6.jpeg Graphic file (type jpg)
<use figure6.jpeg>
Package pdftex.def Info: figure6.jpeg  used on input line 375.
(pdftex.def)             Requested size: 224.73102pt x 516.7609pt.

LaTeX Warning: Float too large for page by 41.2286pt on input line 391.



[8 <./figure5-eps-converted-to.pdf>]

Package epstopdf Info: Source file: <figure7.eps>
(epstopdf)                    date: 2025-02-19 23:51:43
(epstopdf)                    size: 3500072 bytes
(epstopdf)             Output file: <figure7-eps-converted-to.pdf>
(epstopdf)                    date: 2025-04-13 19:17:56
(epstopdf)                    size: 1462139 bytes
(epstopdf)             Command: <miktex-epstopdf --outfile=figure7-eps-converted-to.pdf figure7.eps>
(epstopdf)             \includegraphics on input line 438.
Package epstopdf Info: Output file is already uptodate.
<figure7-eps-converted-to.pdf, id=175, 2012.51875pt x 4406.4625pt>
File: figure7-eps-converted-to.pdf Graphic file (type pdf)
<use figure7-eps-converted-to.pdf>
Package pdftex.def Info: figure7-eps-converted-to.pdf  used on input line 438.
(pdftex.def)             Requested size: 236.55974pt x 517.92752pt.
Package epstopdf Info: Source file: <figure8.eps>
(epstopdf)                    date: 2025-02-20 00:22:49
(epstopdf)                    size: 247989 bytes
(epstopdf)             Output file: <figure8-eps-converted-to.pdf>
(epstopdf)                    date: 2025-04-13 19:17:57
(epstopdf)                    size: 224473 bytes
(epstopdf)             Command: <miktex-epstopdf --outfile=figure8-eps-converted-to.pdf figure8.eps>
(epstopdf)             \includegraphics on input line 452.
Package epstopdf Info: Output file is already uptodate.
<figure8-eps-converted-to.pdf, id=176, 1152.305pt x 273.02pt>
File: figure8-eps-converted-to.pdf Graphic file (type pdf)
<use figure8-eps-converted-to.pdf>
Package pdftex.def Info: figure8-eps-converted-to.pdf  used on input line 452.
(pdftex.def)             Requested size: 485.11948pt x 114.94257pt.


[9 <./figure6.jpeg>]
Underfull \vbox (badness 10000) has occurred while \output is active []



Package epstopdf Info: Source file: <figure9.eps>
(epstopdf)                    date: 2025-02-20 00:36:32
(epstopdf)                    size: 4127417 bytes
(epstopdf)             Output file: <figure9-eps-converted-to.pdf>
(epstopdf)                    date: 2025-04-13 19:17:59
(epstopdf)                    size: 849883 bytes
(epstopdf)             Command: <miktex-epstopdf --outfile=figure9-eps-converted-to.pdf figure9.eps>
(epstopdf)             \includegraphics on input line 505.
Package epstopdf Info: Output file is already uptodate.
<figure9-eps-converted-to.pdf, id=180, 814.04124pt x 397.485pt>
File: figure9-eps-converted-to.pdf Graphic file (type pdf)
<use figure9-eps-converted-to.pdf>
Package pdftex.def Info: figure9-eps-converted-to.pdf  used on input line 505.
(pdftex.def)             Requested size: 236.55974pt x 115.50423pt.


[10 <./figure7-eps-converted-to.pdf>] (c:\Users\TTPO100AJIEX\Desktop\sage_latex_template_4\output\paper.bbl
LaTeX Font Info:    Trying to load font information for OT1+pcr on input line 16.
 (D:\Programs\Other\MikTex\tex/latex/psnfss\ot1pcr.fd
File: ot1pcr.fd 2001/06/04 font definitions for OT1/pcr.
)
Underfull \hbox (badness 10000) in paragraph at lines 11--17
[]\OT1/ptm/m/n/9 Mikhaylets E, Razoren-ova AM, Cherny-shev V
 []


Underfull \hbox (badness 10000) in paragraph at lines 11--17
\OT1/ptm/m/n/9 et al.  Sda: a data-driven algo-rithm that detects
 []


Underfull \hbox (badness 10000) in paragraph at lines 11--17
\OT1/ptm/m/n/9 med-i-ta-tion.  \OT1/ptm/m/it/9 Fron-tiers in Neu-roin-for-mat-ics \OT1/ptm/m/n/9 2024;
 []


Underfull \hbox (badness 10000) in paragraph at lines 11--17
\OT1/ptm/m/n/9 17.  DOI:10.3389/fninf.2023.1301718.  URL
 []


Overfull \hbox (3.34001pt too wide) in paragraph at lines 11--17
\OT1/pcr/m/n/9 https://doi.rg/10.3389/fninf.2023.1301718\OT1/ptm/m/n/9 . 
 []


Underfull \hbox (badness 10000) in paragraph at lines 33--38
[]\OT1/ptm/m/n/9 Heo E and Jung JH.  Per-sis-tent homol-ogy of
 []


Underfull \hbox (badness 10000) in paragraph at lines 33--38
\OT1/ptm/m/n/9 URL \OT1/pcr/m/n/9 https://arxiv.org/abs/2405.04796\OT1/ptm/m/n/9 .
 []




Underfull \hbox (badness 10000) in paragraph at lines 40--44
\OT1/ptm/m/n/9 URL \OT1/pcr/m/n/9 https://arxiv.org/abs/2404.15328\OT1/ptm/m/n/9 .
 []


Underfull \hbox (badness 10000) in paragraph at lines 46--50
[]\OT1/ptm/m/n/9 di Mon-te-sano SC, Edels-brun-ner H, Hen-zinger
 []


Underfull \hbox (badness 10000) in paragraph at lines 46--50
\OT1/ptm/m/n/9 M et al.  Dynam-i-cally main-tain-ing the per-
 []


Underfull \hbox (badness 10000) in paragraph at lines 46--50
\OT1/ptm/m/n/9 sis-tent homol-ogy of time series, 2024.  URL
 []


Underfull \hbox (badness 10000) in paragraph at lines 46--50
\OT1/pcr/m/n/9 https://arxiv.org/abs/2311.01115\OT1/ptm/m/n/9 .
 []


Underfull \hbox (badness 10000) in paragraph at lines 58--63
[]\OT1/ptm/m/n/9 Cai T, Zhao G, Zang J et al.  Topo-log-i-cal
 []


Underfull \hbox (badness 10000) in paragraph at lines 58--63
\OT1/ptm/m/n/9 fea-ture search method for mul-ti-chan-nel eeg:
 []


Underfull \hbox (badness 10000) in paragraph at lines 58--63
\OT1/ptm/m/n/9 Appli-ca-tion in adhd clas-si-fi-ca-tion, 2024.  URL
 []


Underfull \hbox (badness 10000) in paragraph at lines 58--63
\OT1/pcr/m/n/9 https://arxiv.org/abs/2404.06676\OT1/ptm/m/n/9 .
 []


Underfull \hbox (badness 10000) in paragraph at lines 65--70
\OT1/ptm/m/n/9 URL \OT1/pcr/m/n/9 https://arxiv.org/abs/2409.00565\OT1/ptm/m/n/9 .
 []


Underfull \hbox (badness 10000) in paragraph at lines 93--99
\OT1/ptm/m/n/9 embed-ding dimen-sion for phase-space recon-struc-tion
 []


Overfull \hbox (46.53996pt too wide) in paragraph at lines 93--99
\OT1/pcr/m/n/9 https://link.aps.org/doi/10.1103/PhysRevA.45.3403\OT1/ptm/m/n/9 . 
 []


Underfull \vbox (badness 10000) has occurred while \output is active []



[11 <./figure8-eps-converted-to.pdf> <./figure9-eps-converted-to.pdf>]
Overfull \hbox (46.53996pt too wide) in paragraph at lines 101--107
\OT1/pcr/m/n/9 https://link.aps.org/doi/10.1103/PhysRevA.33.1134\OT1/ptm/m/n/9 . 
 []


Underfull \hbox (badness 10000) in paragraph at lines 121--127
\OT1/ptm/m/n/9 r[]aume und eine klasse von zusam-men-hangstreuen
 []


Underfull \hbox (badness 8075) in paragraph at lines 121--127
\OT1/ptm/m/n/9 abbil-dun-gen.  \OT1/ptm/m/it/9 Math-e-ma-tis-che Annalen \OT1/ptm/m/n/9 1927; 97(1):
 []


Underfull \hbox (badness 10000) in paragraph at lines 121--127
\OT1/ptm/m/n/9 454--472.  DOI:10.1007/BF01447877.  URL
 []


Overfull \hbox (3.34001pt too wide) in paragraph at lines 129--135
\OT1/pcr/m/n/9 https://doi.org/10.1016/j.cag.2010.03.007\OT1/ptm/m/n/9 .
 []


Underfull \hbox (badness 10000) in paragraph at lines 143--149
\OT1/ptm/m/n/9 rips per-sis-tence bar-codes.  \OT1/ptm/m/it/9 Jour-nal of Applied
 []


Underfull \hbox (badness 10000) in paragraph at lines 143--149
\OT1/ptm/m/it/9 and Com-pu-ta-tional Topol-ogy \OT1/ptm/m/n/9 2021; 5(3): 391--
 []


Underfull \hbox (badness 10000) in paragraph at lines 143--149
\OT1/ptm/m/n/9 423.  DOI:10.1007/s41468-021-00071-5.  URL
 []


Overfull \hbox (19.54pt too wide) in paragraph at lines 143--149
\OT1/pcr/m/n/9 http://dx.doi.org/10.1007/s41468-021-00071-5\OT1/ptm/m/n/9 . 
 []


Overfull \hbox (3.34001pt too wide) in paragraph at lines 151--156
\OT1/pcr/m/n/9 https://doi.org/10.1007/s00454-004-1146-y\OT1/ptm/m/n/9 . 
 []


Underfull \hbox (badness 10000) in paragraph at lines 166--171
[]\OT1/ptm/m/n/9 Bubenik P.  Sta-tis-ti-cal topo-log-i-cal data anal-y-sis
 []


Underfull \hbox (badness 10000) in paragraph at lines 166--171
\OT1/ptm/m/n/9 using per-sis-tence land-scapes, 2015.  URL
 []


Underfull \hbox (badness 10000) in paragraph at lines 166--171
\OT1/pcr/m/n/9 https://arxiv.org/abs/1207.6437\OT1/ptm/m/n/9 .
 []


Underfull \hbox (badness 10000) in paragraph at lines 173--178
\OT1/ptm/m/n/9 of per-sis-tence land-scapes and sil-hou-ettes, 2013.
 []


Underfull \hbox (badness 10000) in paragraph at lines 173--178
\OT1/ptm/m/n/9 URL \OT1/pcr/m/n/9 https://arxiv.org/abs/1312.0308\OT1/ptm/m/n/9 .
 []


Underfull \hbox (badness 10000) in paragraph at lines 180--184
\OT1/ptm/m/n/9 helps to com-pare per-sis-tence dia-grams, 2016.
 []


Underfull \hbox (badness 10000) in paragraph at lines 180--184
\OT1/ptm/m/n/9 URL \OT1/pcr/m/n/9 https://arxiv.org/abs/1606.03357\OT1/ptm/m/n/9 .
 []


Underfull \hbox (badness 10000) in paragraph at lines 186--194
\OT1/ptm/m/it/9 of Com-put-ing\OT1/ptm/m/n/9 . STOC '88, New York, NY, USA:
 []


Underfull \hbox (badness 10000) in paragraph at lines 186--194
\OT1/ptm/m/n/9 pp. 422--425.  DOI:10.1145/62212.62253.  URL
 []


Underfull \vbox (badness 10000) has occurred while \output is active []




Overfull \hbox (3.34001pt too wide) in paragraph at lines 196--201
\OT1/pcr/m/n/9 https://doi.org/10.1007/s00453-001-0016-8\OT1/ptm/m/n/9 . 
 []


Underfull \hbox (badness 10000) in paragraph at lines 224--228
[]\OT1/ptm/m/n/9 Trofimov I, Cher-ni-avskii D, Tulchin-skii E et al.
 []


Underfull \hbox (badness 10000) in paragraph at lines 224--228
\OT1/ptm/m/n/9 URL \OT1/pcr/m/n/9 https://arxiv.org/abs/2302.00136\OT1/ptm/m/n/9 .
 []

)

[12] (c:\Users\TTPO100AJIEX\Desktop\sage_latex_template_4\output\paper.aux)
 ***********
LaTeX2e <2024-11-01> patch level 2
L3 programming layer <2025-01-18>
 ***********
 ) 
Here is how much of TeX's memory you used:
 6549 strings out of 473530
 108148 string characters out of 5724393
 504882 words of memory out of 5000000
 29613 multiletter control sequences out of 15000+600000
 602217 words of font info for 120 fonts, out of 8000000 for 9000
 1141 hyphenation exceptions out of 8191
 72i,9n,79p,1578b,480s stack positions out of 10000i,1000n,20000p,200000b,200000s
<D:/Programs/Other/MikTex/fonts/type1/public/amsfonts/cm/cmex10.pfb><D:/Programs/Other/MikTex/fonts/type1/public/amsfonts/cm/cmmi10.pfb><D:/Programs/Other/MikTex/fonts/type1/public/amsfonts/cm/cmmi5.pfb><D:/Programs/Other/MikTex/fonts/type1/public/amsfonts/cm/cmmi7.pfb><D:/Programs/Other/MikTex/fonts/type1/public/amsfonts/cm/cmr10.pfb><D:/Programs/Other/MikTex/fonts/type1/public/amsfonts/cm/cmr7.pfb><D:/Programs/Other/MikTex/fonts/type1/public/amsfonts/cm/cmsy10.pfb><D:/Programs/Other/MikTex/fonts/type1/public/amsfonts/cm/cmsy7.pfb><D:/Programs/Other/MikTex/fonts/type1/urw/courier/ucrr8a.pfb><D:/Programs/Other/MikTex/fonts/type1/urw/helvetic/uhvb8a.pfb><D:/Programs/Other/MikTex/fonts/type1/urw/helvetic/uhvr8a.pfb><D:/Programs/Other/MikTex/fonts/type1/urw/helvetic/uhvro8a.pfb><D:/Programs/Other/MikTex/fonts/type1/urw/times/utmr8a.pfb><D:/Programs/Other/MikTex/fonts/type1/urw/times/utmri8a.pfb>
Output written on c:\Users\TTPO100AJIEX\Desktop\sage_latex_template_4\output\paper.pdf (12 pages, 13457866 bytes).
PDF statistics:
 267 PDF objects out of 1000 (max. 8388607)
 0 named destinations out of 1000 (max. 500000)
 46 words of extra memory for PDF output out of 10000 (max. 10000000)

