\BOOKMARK [1][-]{section.1}{\376\377\000I\000n\000t\000r\000o\000d\000u\000c\000t\000i\000o\000n}{}% 1
\BOOKMARK [1][-]{section.2}{\376\377\000D\000a\000t\000a\000s\000e\000t\000s}{}% 2
\BOOKMARK [2][-]{subsection.2.1}{\376\377\000M\000e\000d\000i\000t\000a\000t\000i\000o\000n\000\040\000d\000a\000t\000a}{section.2}% 3
\BOOKMARK [3][-]{subsubsection.2.1.1}{\376\377\000D\000a\000t\000a\000\040\000c\000o\000l\000l\000e\000c\000t\000i\000o\000n}{subsection.2.1}% 4
\BOOKMARK [3][-]{subsubsection.2.1.2}{\376\377\000D\000a\000t\000a\000\040\000p\000r\000e\000p\000r\000o\000c\000e\000s\000s\000i\000n\000g}{subsection.2.1}% 5
\BOOKMARK [2][-]{subsection.2.2}{\376\377\000S\000l\000e\000e\000p\000\040\000d\000a\000t\000a}{section.2}% 6
\BOOKMARK [1][-]{section.3}{\376\377\000S\000t\000a\000t\000e\000-\000D\000e\000t\000e\000c\000t\000i\000n\000g\000\040\000a\000l\000g\000o\000r\000i\000t\000h\000m}{}% 7
\BOOKMARK [1][-]{section.4}{\376\377\000T\000o\000p\000o\000l\000o\000g\000i\000c\000a\000l\000\040\000d\000a\000t\000a\000\040\000a\000n\000a\000l\000y\000s\000i\000s}{}% 8
\BOOKMARK [1][-]{section.5}{\376\377\000F\000e\000a\000t\000u\000r\000e\000\040\000e\000n\000g\000i\000n\000e\000e\000r\000i\000n\000g}{}% 9
\BOOKMARK [2][-]{subsection.5.1}{\376\377\000E\000x\000t\000r\000a\000c\000t\000i\000n\000g\000\040\000f\000e\000a\000t\000u\000r\000e\000s\000\040\000f\000r\000o\000m\000\040\000p\000e\000r\000s\000i\000s\000t\000e\000n\000c\000e\000\040\000d\000i\000a\000g\000r\000a\000m\000s}{section.5}% 10
\BOOKMARK [2][-]{subsection.5.2}{\376\377\000F\000e\000a\000t\000u\000r\000e\000\040\000s\000e\000l\000e\000c\000t\000i\000o\000n}{section.5}% 11
\BOOKMARK [2][-]{subsection.5.3}{\376\377\000I\000n\000f\000o\000r\000m\000a\000t\000i\000o\000n\000\040\000v\000a\000l\000u\000e\000\040\000a\000n\000a\000l\000y\000s\000i\000s}{section.5}% 12
\BOOKMARK [1][-]{section.6}{\376\377\000R\000e\000s\000u\000l\000t\000s}{}% 13
\BOOKMARK [2][-]{subsection.6.1}{\376\377\000M\000e\000d\000i\000t\000a\000t\000i\000o\000n\000\040\000d\000a\000t\000a}{section.6}% 14
\BOOKMARK [3][-]{subsubsection.6.1.1}{\376\377\000S\000t\000a\000g\000e\000\040\0001\000:\000\040\000f\000u\000l\000l\000\040\000f\000e\000a\000t\000u\000r\000e\000\040\000s\000e\000t\000\040\000f\000o\000r\000\040\000s\000u\000b\000j\000e\000c\000t\000s\000\040\0001\000\040\040\023\000\040\0003}{subsection.6.1}% 15
\BOOKMARK [3][-]{subsubsection.6.1.2}{\376\377\000S\000t\000a\000g\000e\000\040\0002\000:\000\040\000r\000e\000d\000u\000c\000e\000d\000\040\000f\000e\000a\000t\000u\000r\000e\000\040\000s\000e\000t\000\040\000f\000o\000r\000\040\000a\000l\000l\000\040\0003\0000\000\040\000s\000u\000b\000j\000e\000c\000t\000s}{subsection.6.1}% 16
\BOOKMARK [2][-]{subsection.6.2}{\376\377\000S\000l\000e\000e\000p\000\040\000d\000a\000t\000a}{section.6}% 17
\BOOKMARK [2][-]{subsection.6.3}{\376\377\000A\000\040\000n\000o\000t\000e\000\040\000o\000n\000\040\000c\000o\000m\000p\000u\000t\000a\000t\000i\000o\000n\000a\000l\000\040\000c\000o\000m\000p\000l\000e\000x\000i\000t\000y}{section.6}% 18
\BOOKMARK [1][-]{section.7}{\376\377\000C\000o\000n\000s\000l\000u\000s\000i\000o\000n}{}% 19
\BOOKMARK [1][-]{section*.1}{\376\377\000R\000e\000f\000e\000r\000e\000n\000c\000e\000s}{}% 20
